******************************************************************************
                  MSP430 Linker PC v4.3.3                      
******************************************************************************
>> Linked Mon Oct 05 15:21:23 2015

OUTPUT FILE NAME:   <XRD.out>
ENTRY POINT SYMBOL: "_c_int00"  address: 00005e90


MEMORY CONFIGURATION

         name            origin    length      used     unused   attr    fill
----------------------  --------  ---------  --------  --------  ----  --------
  SFR                   00000000   00000010  00000000  00000010  RWIX
  PERIPHERALS_8BIT      00000010   000000f0  00000000  000000f0  RWIX
  PERIPHERALS_16BIT     00000100   00000100  00000000  00000100  RWIX
  INFOD                 00001800   00000080  00000000  00000080  RWIX
  INFOC                 00001880   00000080  00000000  00000080  RWIX
  INFOB                 00001900   00000080  00000000  00000080  RWIX
  INFOA                 00001980   00000080  00000000  00000080  RWIX
  RAM                   00001c00   00004000  00003719  000008e7  RWIX
  FLASH                 00005c00   0000a380  00000600  00009d80  RWIX
  INT00                 0000ff80   00000002  00000000  00000002  RWIX
  INT01                 0000ff82   00000002  00000000  00000002  RWIX
  INT02                 0000ff84   00000002  00000000  00000002  RWIX
  INT03                 0000ff86   00000002  00000000  00000002  RWIX
  INT04                 0000ff88   00000002  00000000  00000002  RWIX
  INT05                 0000ff8a   00000002  00000000  00000002  RWIX
  INT06                 0000ff8c   00000002  00000000  00000002  RWIX
  INT07                 0000ff8e   00000002  00000000  00000002  RWIX
  INT08                 0000ff90   00000002  00000000  00000002  RWIX
  INT09                 0000ff92   00000002  00000000  00000002  RWIX
  INT10                 0000ff94   00000002  00000000  00000002  RWIX
  INT11                 0000ff96   00000002  00000000  00000002  RWIX
  INT12                 0000ff98   00000002  00000000  00000002  RWIX
  INT13                 0000ff9a   00000002  00000000  00000002  RWIX
  INT14                 0000ff9c   00000002  00000000  00000002  RWIX
  INT15                 0000ff9e   00000002  00000000  00000002  RWIX
  INT16                 0000ffa0   00000002  00000000  00000002  RWIX
  INT17                 0000ffa2   00000002  00000000  00000002  RWIX
  INT18                 0000ffa4   00000002  00000000  00000002  RWIX
  INT19                 0000ffa6   00000002  00000000  00000002  RWIX
  INT20                 0000ffa8   00000002  00000000  00000002  RWIX
  INT21                 0000ffaa   00000002  00000000  00000002  RWIX
  INT22                 0000ffac   00000002  00000000  00000002  RWIX
  INT23                 0000ffae   00000002  00000000  00000002  RWIX
  INT24                 0000ffb0   00000002  00000000  00000002  RWIX
  INT25                 0000ffb2   00000002  00000000  00000002  RWIX
  INT26                 0000ffb4   00000002  00000000  00000002  RWIX
  INT27                 0000ffb6   00000002  00000000  00000002  RWIX
  INT28                 0000ffb8   00000002  00000000  00000002  RWIX
  INT29                 0000ffba   00000002  00000000  00000002  RWIX
  INT30                 0000ffbc   00000002  00000000  00000002  RWIX
  INT31                 0000ffbe   00000002  00000000  00000002  RWIX
  INT32                 0000ffc0   00000002  00000000  00000002  RWIX
  INT33                 0000ffc2   00000002  00000000  00000002  RWIX
  INT34                 0000ffc4   00000002  00000000  00000002  RWIX
  INT35                 0000ffc6   00000002  00000000  00000002  RWIX
  INT36                 0000ffc8   00000002  00000000  00000002  RWIX
  INT37                 0000ffca   00000002  00000000  00000002  RWIX
  INT38                 0000ffcc   00000002  00000000  00000002  RWIX
  INT39                 0000ffce   00000002  00000000  00000002  RWIX
  INT40                 0000ffd0   00000002  00000000  00000002  RWIX
  INT41                 0000ffd2   00000002  00000002  00000000  RWIX
  INT42                 0000ffd4   00000002  00000002  00000000  RWIX
  INT43                 0000ffd6   00000002  00000002  00000000  RWIX
  INT44                 0000ffd8   00000002  00000002  00000000  RWIX
  INT45                 0000ffda   00000002  00000002  00000000  RWIX
  INT46                 0000ffdc   00000002  00000002  00000000  RWIX
  INT47                 0000ffde   00000002  00000002  00000000  RWIX
  INT48                 0000ffe0   00000002  00000002  00000000  RWIX
  INT49                 0000ffe2   00000002  00000002  00000000  RWIX
  INT50                 0000ffe4   00000002  00000002  00000000  RWIX
  INT51                 0000ffe6   00000002  00000002  00000000  RWIX
  INT52                 0000ffe8   00000002  00000002  00000000  RWIX
  INT53                 0000ffea   00000002  00000002  00000000  RWIX
  INT54                 0000ffec   00000002  00000002  00000000  RWIX
  INT55                 0000ffee   00000002  00000002  00000000  RWIX
  INT56                 0000fff0   00000002  00000002  00000000  RWIX
  INT57                 0000fff2   00000002  00000002  00000000  RWIX
  INT58                 0000fff4   00000002  00000002  00000000  RWIX
  INT59                 0000fff6   00000002  00000002  00000000  RWIX
  INT60                 0000fff8   00000002  00000002  00000000  RWIX
  INT61                 0000fffa   00000002  00000002  00000000  RWIX
  INT62                 0000fffc   00000002  00000002  00000000  RWIX
  RESET                 0000fffe   00000002  00000002  00000000  RWIX
  FLASH2                00010000   00035c00  00007b66  0002e09a  RWIX


SECTION ALLOCATION MAP

 output                                  attributes/
section   page    origin      length       input sections
--------  ----  ----------  ----------   ----------------
.data      0    00001c00    0000285c     UNINITIALIZED
                  00001c00    00000bb8     main.obj (.data:AnodeOnlySpectrumData)
                  000027b8    00000bb8     main.obj (.data:DoubleSpectrumData)
                  00003370    00000bb8     main.obj (.data:SingleSpectrumData)
                  00003f28    000004b0     main.obj (.data:LightCurve)
                  000043d8    00000040     main.obj (.data)
                  00004418    00000016     Timer.obj (.data)
                  0000442e    0000000e     main.obj (.data:RTC_AsCharArray)
                  0000443c    00000009     UART.obj (.data)
                  00004445    00000001     --HOLE--
                  00004446    00000008     rts430x_lc_rd_eabi.lib : _lock.obj (.data)
                  0000444e    00000004     ADC.obj (.data)
                  00004452    00000004     rts430x_lc_rd_eabi.lib : dtor_list.obj (.data)
                  00004456    00000002     I2C.obj (.data)
                  00004458    00000002     mmc.obj (.data)
                  0000445a    00000002     rts430x_lc_rd_eabi.lib : memory.obj (.data)

.TI.persistent 
*          0    00001c00    00000000     UNINITIALIZED

.bss       0    0000445c    00000d7d     UNINITIALIZED
                  0000445c    0000022e     (.common:fatfs)
                  0000468a    0000021c     (.common:HitBuffer)
                  000048a6    00000200     (.common:Packet)
                  00004aa6    00000200     (.common:ReceivedData)
                  00004ca6    00000200     (.common:_ZN6MSP43010DataBufferE)
                  00004ea6    00000100     (.common:_ZN6MSP4306RxDataE)
                  00004fa6    000000d8     (.common:ChannelConfigs)
                  0000507e    00000092     main.obj (.bss)
                  00005110    00000024     (.common:TriggeredChannels)
                  00005134    00000024     (.common:file)
                  00005158    0000001c     (.common:dir)
                  00005174    00000008     (.common:_ZN6MSP43012HeaderBufferE)
                  0000517c    00000004     (.common:FatFs)
                  00005180    00000004     (.common:RawDataFileNumberChar)
                  00005184    00000004     (.common:RawDataLengthNumberChar)
                  00005188    00000004     (.common:Sec_Callback)
                  0000518c    00000004     (.common:SpectrumDataFileNumberChar)
                  00005190    00000004     (.common:SpectrumDataLengthNumberChar)
                  00005194    00000004     (.common:_ZN6MSP43011I2C_RECEIVEE)
                  00005198    00000004     (.common:_ZN6MSP43013CommandVectorE)
                  0000519c    00000004     (.common:_ZN6MSP43016TimerA0InterruptE)
                  000051a0    00000004     (.common:_ZN6MSP43016TimerA1InterruptE)
                  000051a4    00000004     (.common:_ZN6MSP43016TimerB0InterruptE)
                  000051a8    00000004     (.common:_ZN6MSP43018TimerA0_1InterruptE)
                  000051ac    00000004     (.common:_ZN6MSP43018TimerA1_1InterruptE)
                  000051b0    00000004     (.common:_ZN6MSP43020interruptVectorPORT2E)
                  000051b4    00000004     (.common:_ZN6MSP4307PTxDataE)
                  000051b8    00000004     (.common:__TI_cleanup_ptr)
                  000051bc    00000004     (.common:__TI_dtors_ptr)
                  000051c0    00000004     (.common:__dso_handle)
                  000051c4    00000004     (.common:rtcAlarm_Callback)
                  000051c8    00000004     (.common:sys_base)
                  000051cc    00000004     (.common:sys_free)
                  000051d0    00000002     (.common:Fsid)
                  000051d2    00000002     (.common:_ZN6MSP4309CharValueE)
                  000051d4    00000002     (.common:errCode)
                  000051d6    00000002     (.common:memsize)
                  000051d8    00000001     (.common:CardType)

.TI.noinit 
*          0    0000445c    00000000     UNINITIALIZED

.sysmem    0    000051dc    000000a0     UNINITIALIZED
                  000051dc    00000006     rts430x_lc_rd_eabi.lib : memory.obj (.sysmem)
                  000051e2    0000009a     --HOLE--

.stack     0    00005b60    000000a0     UNINITIALIZED
                  00005b60    00000004     rts430x_lc_rd_eabi.lib : boot.obj (.stack)
                  00005b64    0000009c     --HOLE--

.text:_isr 
*          0    00005c00    000002d6     
                  00005c00    00000156     UART.obj (.text:_isr:_ZN6MSP43011USCI_A0_ISREv)
                  00005d56    0000006c     I2C.obj (.text:_isr:_ZN6MSP43011USCI_B0_ISREv)
                  00005dc2    00000042     Timer.obj (.text:_isr:_ZN6MSP43013TIMER0_A0_ISREv)
                  00005e04    00000042     Timer.obj (.text:_isr:_ZN6MSP43013TIMER1_A1_ISREv)
                  00005e46    0000002a     RTC.obj (.text:_isr:_Z7RTC_ISRv)
                  00005e70    00000020     Timer.obj (.text:_isr:_ZN6MSP43013TIMER0_B0_ISREv)
                  00005e90    0000001c     rts430x_lc_rd_eabi.lib : boot.obj (.text:_isr:_c_int00_noargs)
                  00005eac    00000016     pulsar.obj (.text:_isr:_ZN6MSP4306Port_2Ev)
                  00005ec2    00000014     ADC.obj (.text:_isr:_ZN6MSP4309ADC12_ISREv)

.init_array 
*          0    00005ed6    00000004     
                  00005ed6    00000004     main.obj (.init_array)

.const     0    00005eda    000002de     
                  00005eda    00000080     ff.obj (.const:.string:excvt$1)
                  00005f5a    00000078     ByteFunctions.obj (.const:AddingCoefficientsAnode)
                  00005fd2    00000078     ByteFunctions.obj (.const:MultiplierCoefficientsAnode)
                  0000604a    0000006e     main.obj (.const:.string)
                  000060b8    00000025     rts430x_lc_rd_eabi.lib : typeinfo_.obj (.const:.typeinfo:_ZTSN10__cxxabiv120__si_class_type_infoE)
                  000060dd    00000001     --HOLE-- [fill = 0]
                  000060de    00000022                            : typeinfo_.obj (.const:.typeinfo:_ZTSN10__cxxabiv117__class_type_infoE)
                  00006100    0000001c     MemoryHandling.obj (.const:.string)
                  0000611c    00000010     main.obj (.const:$P$T0$1)
                  0000612c    00000010     ff.obj (.const:.string)
                  0000613c    00000010     rts430x_lc_rd_eabi.lib : typeinfo_.obj (.const:_ZTVN10__cxxabiv117__class_type_infoE)
                  0000614c    00000010                            : typeinfo_.obj (.const:_ZTVN10__cxxabiv120__si_class_type_infoE)
                  0000615c    00000010     I2C.obj (.const:_ZTVN6MSP4303I2CE)
                  0000616c    0000000e     I2C.obj (.const:.typeinfo:_ZTSN6MSP4303I2CE)
                  0000617a    0000000d     rts430x_lc_rd_eabi.lib : typeinfo_.obj (.const:.typeinfo:_ZTSSt9type_info)
                  00006187    00000001     --HOLE-- [fill = 0]
                  00006188    0000000c                            : typeinfo_.obj (.const:.typeinfo:_ZTIN10__cxxabiv117__class_type_infoE)
                  00006194    0000000c                            : typeinfo_.obj (.const:.typeinfo:_ZTIN10__cxxabiv120__si_class_type_infoE)
                  000061a0    00000008     UART.obj (.const:.string)
                  000061a8    00000008     I2C.obj (.const:.typeinfo:_ZTIN6MSP4303I2CE)
                  000061b0    00000008     rts430x_lc_rd_eabi.lib : typeinfo_.obj (.const:.typeinfo:_ZTISt9type_info)

.cinit     0    000061b8    00000048     
                  000061b8    00000025     (.cinit..data.load) [load image, compression = rle]
                  000061dd    00000001     --HOLE-- [fill = 0]
                  000061de    0000000c     (__TI_handler_table)
                  000061ea    00000006     (.cinit..bss.load) [load image, compression = zero_init]
                  000061f0    00000010     (__TI_cinit_table)

RTC        0    0000ffd2    00000002     
                  0000ffd2    00000002     RTC.obj (.int41)

PORT2      0    0000ffd4    00000002     
                  0000ffd4    00000002     pulsar.obj (.int42)

USCI_B3    0    0000ffd6    00000002     
                  0000ffd6    00000002     rts430x_lc_rd_eabi.lib : int43.obj (.int43)

USCI_A3    0    0000ffd8    00000002     
                  0000ffd8    00000002     rts430x_lc_rd_eabi.lib : int44.obj (.int44)

USCI_B1    0    0000ffda    00000002     
                  0000ffda    00000002     rts430x_lc_rd_eabi.lib : int45.obj (.int45)

USCI_A1    0    0000ffdc    00000002     
                  0000ffdc    00000002     rts430x_lc_rd_eabi.lib : int46.obj (.int46)

PORT1      0    0000ffde    00000002     
                  0000ffde    00000002     rts430x_lc_rd_eabi.lib : int47.obj (.int47)

TIMER1_A1 
*          0    0000ffe0    00000002     
                  0000ffe0    00000002     rts430x_lc_rd_eabi.lib : int48.obj (.int48)

TIMER1_A0 
*          0    0000ffe2    00000002     
                  0000ffe2    00000002     Timer.obj (.int49)

DMA        0    0000ffe4    00000002     
                  0000ffe4    00000002     rts430x_lc_rd_eabi.lib : int50.obj (.int50)

USCI_B2    0    0000ffe6    00000002     
                  0000ffe6    00000002     rts430x_lc_rd_eabi.lib : int51.obj (.int51)

USCI_A2    0    0000ffe8    00000002     
                  0000ffe8    00000002     rts430x_lc_rd_eabi.lib : int52.obj (.int52)

TIMER0_A1 
*          0    0000ffea    00000002     
                  0000ffea    00000002     rts430x_lc_rd_eabi.lib : int53.obj (.int53)

TIMER0_A0 
*          0    0000ffec    00000002     
                  0000ffec    00000002     Timer.obj (.int54)

ADC12      0    0000ffee    00000002     
                  0000ffee    00000002     ADC.obj (.int55)

USCI_B0    0    0000fff0    00000002     
                  0000fff0    00000002     I2C.obj (.int56)

USCI_A0    0    0000fff2    00000002     
                  0000fff2    00000002     UART.obj (.int57)

WDT        0    0000fff4    00000002     
                  0000fff4    00000002     rts430x_lc_rd_eabi.lib : int58.obj (.int58)

TIMER0_B1 
*          0    0000fff6    00000002     
                  0000fff6    00000002     rts430x_lc_rd_eabi.lib : int59.obj (.int59)

TIMER0_B0 
*          0    0000fff8    00000002     
                  0000fff8    00000002     Timer.obj (.int60)

UNMI       0    0000fffa    00000002     
                  0000fffa    00000002     rts430x_lc_rd_eabi.lib : int61.obj (.int61)

SYSNMI     0    0000fffc    00000002     
                  0000fffc    00000002     rts430x_lc_rd_eabi.lib : int62.obj (.int62)

.reset     0    0000fffe    00000002     
                  0000fffe    00000002     rts430x_lc_rd_eabi.lib : boot.obj (.reset)

.text      0    00010000    00007b66     
                  00010000    00000830     main.obj (.text:_Z16RunOperationMode14Operation_Mode)
                  00010830    00000806     main.obj (.text:_Z18UARTCommandHandler9UART_Mode)
                  00011036    00000518     rena.obj (.text:_ZN6MSP4304rena13ConfigureRenaEPNS_13channelconfigEhNS_6pulsarES3_S3_)
                  0001154e    000004dc     ff.obj (.text:chk_mounted)
                  00011a2a    00000452     rts430x_lc_rd_eabi.lib : frcdivd.obj (.text:__TI_frcdivd)
                  00011e7c    00000360     MemoryHandling.obj (.text:_Z13GetSystemInfoPhR14Operation_ModeRjS2_RmS3_S3_S3_)
                  000121dc    00000316     MemoryHandling.obj (.text:_Z16UpdateSystemInfoPh14Operation_Modejjmmmm)
                  000124f2    00000304     rena.obj (.text:_ZN6MSP4304rena11CheckConfigEv)
                  000127f6    000002e4     rts430x_lc_rd_eabi.lib : frcmpyd.obj (.text:__TI_frcmpyd)
                  00012ada    000002d8                            : addd.obj (.text:__mspabi_addd)
                  00012db2    000002c2     main.obj (.text:_Z11OBC_HandlerPhj)
                  00013074    0000029e     ff.obj (.text:f_write)
                  00013312    00000282     rts430x_lc_rd_eabi.lib : mpyd.obj (.text:__mspabi_mpyd)
                  00013594    00000252                            : frcaddd.obj (.text:__TI_frcaddd)
                  000137e6    00000250     ff.obj (.text:f_lseek)
                  00013a36    00000224     ff.obj (.text:f_open)
                  00013c5a    00000222     rts430x_lc_rd_eabi.lib : divd.obj (.text:__mspabi_divd)
                  00013e7c    000001f8     main.obj (.text:_Z12TS_Interruptv)
                  00014074    000001f2     ff.obj (.text:f_read)
                  00014266    000001c2     main.obj (.text:__sti___8_main_cpp_TCLK)
                  00014428    000001c0     ADC.obj (.text:_ZN6MSP4303ADC24ReadAllValuesToCharArrayEPh)
                  000145e8    000001b0     MemoryHandling.obj (.text:_Z21AddSpectrumDoubleDataPA100_jm)
                  00014798    000001b0     MemoryHandling.obj (.text:_Z21AddSpectrumSingleDataPA100_jm)
                  00014948    000001b0     MemoryHandling.obj (.text:_Z24AddAnodeOnlySpectrumDataPA100_jm)
                  00014af8    0000018a     ff.obj (.text:put_fat)
                  00014c82    0000017e     ff.obj (.text:dir_next)
                  00014e00    00000144     mmc.obj (.text:disk_initialize)
                  00014f44    00000140     ff.obj (.text:get_fat)
                  00015084    0000013a     MemoryHandling.obj (.text:_Z11ReportEvent13StatusReportsm)
                  000151be    00000134     ff.obj (.text:create_name)
                  000152f2    0000012c     MemoryHandling.obj (.text:_Z11ReadRawDataPhjmm)
                  0001541e    0000012c     MemoryHandling.obj (.text:_Z16ReadSpectrumDataPhjmm)
                  0001554a    0000012a     MemoryHandling.obj (.text:_Z10AddRawDataPhjm)
                  00015674    00000126     MemoryHandling.obj (.text:_Z17AddLightCurveDataPjm)
                  0001579a    00000120     ff.obj (.text:create_chain)
                  000158ba    00000100     ff.obj (.text:dir_sdi)
                  000159ba    000000f4     mmc.obj (.text:disk_ioctl)
                  00015aae    000000f2     MemoryHandling.obj (.text:_Z20GetRawDataFileLengthm)
                  00015ba0    000000f2     MemoryHandling.obj (.text:_Z25GetSpectrumDataFileLengthm)
                  00015c92    000000f0     main.obj (.text:main)
                  00015d82    000000ec     ff.obj (.text:sync)
                  00015e6e    000000d8     rts430x_lc_rd_eabi.lib : cmpd.obj (.text:__mspabi_cmpd)
                  00015f46    000000ce     MemoryHandling.obj (.text:_Z11ReportEvent13StatusReports)
                  00016014    000000be     UART.obj (.text:_ZN6MSP4304UART4SendEPhj)
                  000160d2    000000be     ff.obj (.text:move_window)
                  00016190    000000bc     mmc.obj (.text:disk_write)
                  0001624c    000000ba     RTC.obj (.text:_Z17getRTCasByteArrayPh)
                  00016306    000000ba     rts430x_lc_rd_eabi.lib : memory.obj (.text:malloc)
                  000163c0    000000b4     UART.obj (.text:_ZN6MSP4304UARTC1ENS_3BUSEmPFvhPhjE)
                  00016474    000000b4     ff.obj (.text:follow_path)
                  00016528    000000b4     mmc.obj (.text:send_cmd)
                  000165dc    000000b2     rts430x_lc_rd_eabi.lib : renormd.obj (.text:__TI_renormd)
                  0001668e    000000a8     ByteFunctions.obj (.text:_Z18AssembleDataPacketPhj)
                  00016736    000000a8     ff.obj (.text:f_opendir)
                  000167de    000000a4     Timer.obj (.text:_ZN6MSP4305Timer5StartEj)
                  00016882    000000a4     ff.obj (.text:f_sync)
                  00016926    0000009c     ff.obj (.text:remove_chain)
                  000169c2    00000094     mmc.obj (.text:disk_read)
                  00016a56    00000090     ff.obj (.text:check_fs)
                  00016ae6    0000008e     rts430x_lc_rd_eabi.lib : memory.obj (.text:free)
                  00016b74    0000008c     main.obj (.text:_Z20ADCACQTimerInterruptv)
                  00016c00    0000008a     rena.obj (.text:_ZN6MSP4304rena9ReloadSINEmjNS_6pulsarES1_Ph)
                  00016c8a    00000084     ff.obj (.text:dir_register)
                  00016d0e    0000007e     ADC.obj (.text:_ZN6MSP4303ADC17SingleReadVoltageENS_10ADCChannelE)
                  00016d8c    0000007e     pulsar.obj (.text:_ZN6MSP4306pulsar16GenerateSHRClockEmjS0_Ph)
                  00016e0a    00000076     rts430x_lc_rd_eabi.lib : fltuld.obj (.text:__mspabi_fltuld)
                  00016e80    0000006e                            : autoinit.obj (.text:_auto_init_hold_wdt)
                  00016eee    00000068                            : fixdul.obj (.text:__mspabi_fixdul)
                  00016f56    00000062     Timer.obj (.text:_ZN6MSP4305Timer4StopEv)
                  00016fb8    00000062     rts430x_lc_rd_eabi.lib : copy_decompress_rle.obj (.text:__TI_decompress_rle_core)
                  0001701a    0000005c     pre_init.obj (.text:_system_pre_init)
                  00017076    0000005a     ff.obj (.text:dir_find)
                  000170d0    00000058     rts430x_lc_rd_eabi.lib : div32u.obj (.text)
                  00017128    00000058     mmc.obj (.text:xmit_datablock)
                  00017180    00000056     Timer.obj (.text:_ZN6MSP4305TimerC1ENS_5TIMEREPFvvE)
                  000171d6    00000056     rts430x_lc_rd_eabi.lib : dtor_list.obj (.text:__cxa_finalize)
                  0001722c    00000052     ByteFunctions.obj (.text:_Z20ConvertToEnergyAnodedh)
                  0001727e    00000052     mmc.obj (.text:rcvr_datablock)
                  000172d0    0000004e     pre_init.obj (.text:SetVcoreUp)
                  0001731e    0000004e     rts430x_lc_rd_eabi.lib : dtor_list.obj (.text:_Z11__TI_atexitPFYvPvES_S_)
                  0001736c    0000004e     pulsar.obj (.text:_ZN6MSP4306pulsarC1EPhhNS_13InterruptTypeEPFvvE)
                  000173ba    0000004c     ByteFunctions.obj (.text:_Z7UlToStrPcmh)
                  00017406    00000048     ADC.obj (.text:_ZN6MSP4303ADC26SingleReadValueAsCharArrayENS_10ADCChannelE)
                  0001744e    00000046     HAL_SDCard.obj (.text:SDCard_init)
                  00017494    00000042     ADC.obj (.text:_ZN6MSP4303ADC15SingleReadValueENS_10ADCChannelE)
                  000174d6    00000042     rts430x_lc_rd_eabi.lib : memory.obj (.text:minit)
                  00017518    0000003e     I2C.obj (.text:_ZN6MSP4303I2CC1ENS_3BUSEPFvPhjE)
                  00017556    0000003e     ff.obj (.text:clust2sect)
                  00017594    0000003e     rts430x_lc_rd_eabi.lib : asr32.obj (.text:l_asr_const)
                  000175d2    0000003e                            : lsl32.obj (.text:l_lsl_const)
                  00017610    0000003e                            : lsr32.obj (.text:l_lsr_const)
                  0001764e    0000003c     main.obj (.text:_Z13CommandVectorhPhj)
                  0001768a    00000038     HAL_SDCard.obj (.text:SDCard_readFrame)
                  000176c2    00000036     mmc.obj (.text:wait_ready)
                  000176f8    00000034     RTC.obj (.text:_Z7initRTCiiiiiii)
                  0001772c    00000032     ff.obj (.text:f_mount)
                  0001775e    00000030     MemoryHandling.obj (.text:_Z8fat_initv)
                  0001778e    0000002e     HAL_SDCard.obj (.text:SDCard_sendFrame)
                  000177bc    0000002e     ByteFunctions.obj (.text:_Z24CompareCharArrayToStringPhPKcj)
                  000177ea    0000002e     rts430x_lc_rd_eabi.lib : exit.obj (.text:exit)
                  00017818    0000002c     pulsar.obj (.text:_ZN6MSP4306pulsarC1EPhhb)
                  00017844    0000002c     ff.obj (.text:validate)
                  00017870    00000026     pulsar.obj (.text:_ZN6MSP4306pulsar3getEv)
                  00017896    00000024     rts430x_lc_rd_eabi.lib : copy_zero_init.obj (.text:decompress:ZI:__TI_zero_init)
                  000178ba    00000022                            : mult32_f5hw.obj (.text)
                  000178dc    00000020     mmc.obj (.text:disk_status)
                  000178fc    0000001e     pulsar.obj (.text:_ZN6MSP4306pulsar3setEb)
                  0001791a    0000001c     ByteFunctions.obj (.text:_Z34DetermineNumberOfTriggeredChannelsPhh)
                  00017936    0000001a     main.obj (.text:_Z18RTCSecondInterruptv)
                  00017950    0000001a     main.obj (.text:_Z5delayj)
                  0001796a    00000018     mmc.obj (.text:select)
                  00017982    00000016     pulsar.obj (.text:_ZN6MSP4306pulsarC1EPhh)
                  00017998    00000016     ff.obj (.text:chk_chr)
                  000179ae    00000016     ff.obj (.text:f_close)
                  000179c4    00000016     rts430x_lc_rd_eabi.lib : memset.obj (.text:memset)
                  000179da    00000016                            : mult16_f5hw.obj (.text)
                  000179f0    00000014     ff.obj (.text:mem_cmp)
                  00017a04    00000014     rts430x_lc_rd_eabi.lib : memcpy.obj (.text:memcpy)
                  00017a18    00000012     HAL_SDCard.obj (.text:SDCard_fastMode)
                  00017a2a    00000012     rts430x_lc_rd_eabi.lib : fixdu.obj (.text:__mspabi_fixdu)
                  00017a3c    00000012                            : copy_decompress_none.obj (.text:decompress:none:__TI_decompress_none)
                  00017a4e    00000012     mmc.obj (.text:deselect)
                  00017a60    00000012     ff.obj (.text:mem_cpy)
                  00017a72    00000012     ff.obj (.text:mem_set)
                  00017a84    00000010     rts430x_lc_rd_eabi.lib : asr32.obj (.text:l_asr)
                  00017a94    00000010                            : lsl32.obj (.text:l_lsl)
                  00017aa4    00000010                            : lsr32.obj (.text:l_lsr)
                  00017ab4    0000000e     pulsar.obj (.text:_ZN6MSP4306pulsar15EnableInterruptEv)
                  00017ac2    0000000c     RTC.obj (.text:_Z9enableSecPFvvE)
                  00017ace    0000000a     rts430x_lc_rd_eabi.lib : typeinfo_.obj (.text:_ZN10__cxxabiv117__class_type_infoD0Ev)
                  00017ad8    0000000a                            : typeinfo_.obj (.text:_ZN10__cxxabiv120__si_class_type_infoD0Ev)
                  00017ae2    0000000a     I2C.obj (.text:_ZN6MSP4303I2CD0Ev)
                  00017aec    0000000a     rts430x_lc_rd_eabi.lib : delete.obj (.text:_ZdlPv)
                  00017af6    0000000a     mmc.obj (.text:get_fattime)
                  00017b00    0000000a     rts430x_lc_rd_eabi.lib : asr16.obj (.text)
                  00017b0a    00000008     RTC.obj (.text:_Z10disableSecv)
                  00017b12    00000008     RTC.obj (.text:_Z8startRTCv)
                  00017b1a    00000008     I2C.obj (.text:_ZN6MSP4303I2C4SendEPh)
                  00017b22    00000006     HAL_SDCard.obj (.text:SDCard_setCSHigh)
                  00017b28    00000006     HAL_SDCard.obj (.text:SDCard_setCSLow)
                  00017b2e    00000006     rts430x_lc_rd_eabi.lib : isr_trap.obj (.text:__TI_ISR_TRAP)
                  00017b34    00000006                            : dtor_list.obj (.text:__cxa_ia64_exit)
                  00017b3a    00000006                            : fltud.obj (.text:__mspabi_fltud)
                  00017b40    00000006                            : copy_decompress_rle.obj (.text:decompress:rle24:__TI_decompress_rle24)
                  00017b46    00000006     mmc.obj (.text:rcvr_mmc)
                  00017b4c    00000006     mmc.obj (.text:xmit_mmc)
                  00017b52    00000004     rts430x_lc_rd_eabi.lib : dtor_list.obj (.text:__cxa_atexit)
                  00017b56    00000004                            : exit.obj (.text:abort)
                  00017b5a    00000002                            : typeinfo_.obj (.text:_ZN10__cxxabiv117__class_type_infoD1Ev)
                  00017b5c    00000002                            : typeinfo_.obj (.text:_ZN10__cxxabiv120__si_class_type_infoD1Ev)
                  00017b5e    00000002     ADC.obj (.text:_ZN6MSP4303ADCC1Ev)
                  00017b60    00000002     I2C.obj (.text:_ZN6MSP4303I2CD1Ev)
                  00017b62    00000002     rena.obj (.text:_ZN6MSP4304renaC1Ev)
                  00017b64    00000002     rts430x_lc_rd_eabi.lib : _lock.obj (.text:_nop)


LINKER GENERATED COPY TABLES

__TI_cinit_table @ 000061f0 records: 2, size/record: 8, table size: 16
	.data: load addr=000061b8, load size=00000025 bytes, run addr=00001c00, run size=0000285c bytes, compression=rle
	.bss: load addr=000061ea, load size=00000006 bytes, run addr=0000445c, run size=00000d7d bytes, compression=zero_init


LINKER GENERATED HANDLER TABLE

__TI_handler_table @ 000061de records: 3, size/record: 4, table size: 12
	index: 0, handler: __TI_zero_init
	index: 1, handler: __TI_decompress_rle24
	index: 2, handler: __TI_decompress_none


GLOBAL SYMBOLS: SORTED ALPHABETICALLY BY Name 

address    name
--------   ----
000050ba   ACQ
000043dc   ACQCompleted
00000700   ADC12CTL0
00000701   ADC12CTL0_H
00000700   ADC12CTL0_L
00000702   ADC12CTL1
00000703   ADC12CTL1_H
00000702   ADC12CTL1_L
00000704   ADC12CTL2
00000705   ADC12CTL2_H
00000704   ADC12CTL2_L
0000070c   ADC12IE
0000070d   ADC12IE_H
0000070c   ADC12IE_L
0000070a   ADC12IFG
0000070b   ADC12IFG_H
0000070a   ADC12IFG_L
0000070e   ADC12IV
0000070f   ADC12IV_H
0000070e   ADC12IV_L
00000710   ADC12MCTL0
00000711   ADC12MCTL1
0000071a   ADC12MCTL10
0000071b   ADC12MCTL11
0000071c   ADC12MCTL12
0000071d   ADC12MCTL13
0000071e   ADC12MCTL14
0000071f   ADC12MCTL15
00000712   ADC12MCTL2
00000713   ADC12MCTL3
00000714   ADC12MCTL4
00000715   ADC12MCTL5
00000716   ADC12MCTL6
00000717   ADC12MCTL7
00000718   ADC12MCTL8
00000719   ADC12MCTL9
00000720   ADC12MEM0
00000721   ADC12MEM0_H
00000720   ADC12MEM0_L
00000722   ADC12MEM1
00000734   ADC12MEM10
00000735   ADC12MEM10_H
00000734   ADC12MEM10_L
00000736   ADC12MEM11
00000737   ADC12MEM11_H
00000736   ADC12MEM11_L
00000738   ADC12MEM12
00000739   ADC12MEM12_H
00000738   ADC12MEM12_L
0000073a   ADC12MEM13
0000073b   ADC12MEM13_H
0000073a   ADC12MEM13_L
0000073c   ADC12MEM14
0000073d   ADC12MEM14_H
0000073c   ADC12MEM14_L
0000073e   ADC12MEM15
0000073f   ADC12MEM15_H
0000073e   ADC12MEM15_L
00000723   ADC12MEM1_H
00000722   ADC12MEM1_L
00000724   ADC12MEM2
00000725   ADC12MEM2_H
00000724   ADC12MEM2_L
00000726   ADC12MEM3
00000727   ADC12MEM3_H
00000726   ADC12MEM3_L
00000728   ADC12MEM4
00000729   ADC12MEM4_H
00000728   ADC12MEM4_L
0000072a   ADC12MEM5
0000072b   ADC12MEM5_H
0000072a   ADC12MEM5_L
0000072c   ADC12MEM6
0000072d   ADC12MEM6_H
0000072c   ADC12MEM6_L
0000072e   ADC12MEM7
0000072f   ADC12MEM7_H
0000072e   ADC12MEM7_L
00000730   ADC12MEM8
00000731   ADC12MEM8_H
00000730   ADC12MEM8_L
00000732   ADC12MEM9
00000733   ADC12MEM9_H
00000732   ADC12MEM9_L
000050fe   ADCACQTimer
00001c00   AnodeOnlySpectrumData
000043fe   AnodeOnlySpectrumNumber
00017b56   C$$EXIT
0000509c   CIN
000050b4   CLF
000050ae   CLS
00000150   CRCDI
00000152   CRCDIRB
00000153   CRCDIRB_H
00000152   CRCDIRB_L
00000151   CRCDI_H
00000150   CRCDI_L
00000154   CRCINIRES
00000155   CRCINIRES_H
00000154   CRCINIRES_L
00000156   CRCRESR
00000157   CRCRESR_H
00000156   CRCRESR_L
000050a8   CS
000050a2   CSHIFT
00004fa6   ChannelConfigs
0000440c   CommandFileNumber
00004414   CommandLengthNumber
00004410   CommandOffsetNumber
00004406   ConfigNumber
000043ec   CurrentOperationMode
000043d8   CurrentUARTMode
00000510   DMA0CTL
00000511   DMA0CTL_H
00000510   DMA0CTL_L
00000516   DMA0DA
00000516   DMA0DAL
00000512   DMA0SA
00000512   DMA0SAL
0000051a   DMA0SZ
00000520   DMA1CTL
00000521   DMA1CTL_H
00000520   DMA1CTL_L
00000526   DMA1DA
00000526   DMA1DAL
00000522   DMA1SA
00000522   DMA1SAL
0000052a   DMA1SZ
00000530   DMA2CTL
00000531   DMA2CTL_H
00000530   DMA2CTL_L
00000536   DMA2DA
00000536   DMA2DAL
00000532   DMA2SA
00000532   DMA2SAL
0000053a   DMA2SZ
00000500   DMACTL0
00000501   DMACTL0_H
00000500   DMACTL0_L
00000502   DMACTL1
00000503   DMACTL1_H
00000502   DMACTL1_L
00000504   DMACTL2
00000505   DMACTL2_H
00000504   DMACTL2_L
00000506   DMACTL3
00000507   DMACTL3_H
00000506   DMACTL3_L
00000508   DMACTL4
00000509   DMACTL4_H
00000508   DMACTL4_L
0000050e   DMAIV
0000050f   DMAIV_H
0000050e   DMAIV_L
000027b8   DoubleSpectrumData
000050c0   ENABLE_5V
000050d2   ENABLE_ADC
000050c6   ENABLE_HV
000050cc   ENABLE_HV_POWER
000043ee   ExecutionNumber
00000140   FCTL1
00000141   FCTL1_H
00000140   FCTL1_L
00000144   FCTL3
00000145   FCTL3_H
00000144   FCTL3_L
00000146   FCTL4
00000147   FCTL4_H
00000146   FCTL4_L
0000468a   HitBuffer
0000440a   HitNumber
00004458   INS
000043ea   LastOperationMode
00003f28   LightCurve
00004402   LightCurveDataNumber
000004c4   MAC
000004da   MAC32H
000004db   MAC32H_H
000004da   MAC32H_L
000004d8   MAC32L
000004d9   MAC32L_H
000004d8   MAC32L_L
000004c6   MACS
000004de   MACS32H
000004df   MACS32H_H
000004de   MACS32H_L
000004dc   MACS32L
000004dd   MACS32L_H
000004dc   MACS32L_L
000004c7   MACS_H
000004c6   MACS_L
000004c5   MAC_H
000004c4   MAC_L
000004c0   MPY
000004ec   MPY32CTL0
000004ed   MPY32CTL0_H
000004ec   MPY32CTL0_L
000004d2   MPY32H
000004d3   MPY32H_H
000004d2   MPY32H_L
000004d0   MPY32L
000004d1   MPY32L_H
000004d0   MPY32L_L
000004c2   MPYS
000004d6   MPYS32H
000004d7   MPYS32H_H
000004d6   MPYS32H_L
000004d4   MPYS32L
000004d5   MPYS32L_H
000004d4   MPYS32L_L
000004c3   MPYS_H
000004c2   MPYS_L
000004c1   MPY_H
000004c0   MPY_L
000043da   MeasurementPeriod
00005108   OBC
000004c8   OP2
000004e2   OP2H
000004e3   OP2H_H
000004e2   OP2H_L
000004e0   OP2L
000004e1   OP2L_H
000004e0   OP2L_L
000004c9   OP2_H
000004c8   OP2_L
000050f6   OVRFLOW
0000020e   P1IV
0000021e   P2IV
00000204   PADIR
00000205   PADIR_H
00000204   PADIR_L
00000208   PADS
00000209   PADS_H
00000208   PADS_L
0000021a   PAIE
00000218   PAIES
00000219   PAIES_H
00000218   PAIES_L
0000021b   PAIE_H
0000021a   PAIE_L
0000021c   PAIFG
0000021d   PAIFG_H
0000021c   PAIFG_L
00000200   PAIN
00000201   PAIN_H
00000200   PAIN_L
00000202   PAOUT
00000203   PAOUT_H
00000202   PAOUT_L
00000206   PAREN
00000207   PAREN_H
00000206   PAREN_L
0000020a   PASEL
0000020b   PASEL_H
0000020a   PASEL_L
00000224   PBDIR
00000225   PBDIR_H
00000224   PBDIR_L
00000228   PBDS
00000229   PBDS_H
00000228   PBDS_L
00000220   PBIN
00000221   PBIN_H
00000220   PBIN_L
00000222   PBOUT
00000223   PBOUT_H
00000222   PBOUT_L
00000226   PBREN
00000227   PBREN_H
00000226   PBREN_L
0000022a   PBSEL
0000022b   PBSEL_H
0000022a   PBSEL_L
00000244   PCDIR
00000245   PCDIR_H
00000244   PCDIR_L
00000248   PCDS
00000249   PCDS_H
00000248   PCDS_L
00000240   PCIN
00000241   PCIN_H
00000240   PCIN_L
00000242   PCOUT
00000243   PCOUT_H
00000242   PCOUT_L
00000246   PCREN
00000247   PCREN_H
00000246   PCREN_L
0000024a   PCSEL
0000024b   PCSEL_H
0000024a   PCSEL_L
00000264   PDDIR
00000265   PDDIR_H
00000264   PDDIR_L
00000268   PDDS
00000269   PDDS_H
00000268   PDDS_L
00000260   PDIN
00000261   PDIN_H
00000260   PDIN_L
00000262   PDOUT
00000263   PDOUT_H
00000262   PDOUT_L
00000266   PDREN
00000267   PDREN_H
00000266   PDREN_L
0000026a   PDSEL
0000026b   PDSEL_H
0000026a   PDSEL_L
00000284   PEDIR
00000285   PEDIR_H
00000284   PEDIR_L
00000288   PEDS
00000289   PEDS_H
00000288   PEDS_L
00000280   PEIN
00000281   PEIN_H
00000280   PEIN_L
00000282   PEOUT
00000283   PEOUT_H
00000282   PEOUT_L
00000286   PEREN
00000287   PEREN_H
00000286   PEREN_L
0000028a   PESEL
0000028b   PESEL_H
0000028a   PESEL_L
000002a4   PFDIR
000002a5   PFDIR_H
000002a4   PFDIR_L
000002a8   PFDS
000002a9   PFDS_H
000002a8   PFDS_L
000002a0   PFIN
000002a1   PFIN_H
000002a0   PFIN_L
000002a2   PFOUT
000002a3   PFOUT_H
000002a2   PFOUT_L
000002a6   PFREN
000002a7   PFREN_H
000002a6   PFREN_L
000002aa   PFSEL
000002ab   PFSEL_H
000002aa   PFSEL_L
00000324   PJDIR
00000325   PJDIR_H
00000324   PJDIR_L
00000328   PJDS
00000329   PJDS_H
00000328   PJDS_L
00000320   PJIN
00000321   PJIN_H
00000320   PJIN_L
00000322   PJOUT
00000323   PJOUT_H
00000322   PJOUT_L
00000326   PJREN
00000327   PJREN_H
00000326   PJREN_L
00000130   PM5CTL0
00000131   PM5CTL0_H
00000130   PM5CTL0_L
00000120   PMMCTL0
00000121   PMMCTL0_H
00000120   PMMCTL0_L
00000122   PMMCTL1
00000123   PMMCTL1_H
00000122   PMMCTL1_L
0000012c   PMMIFG
0000012d   PMMIFG_H
0000012c   PMMIFG_L
0000012e   PMMRIE
0000012f   PMMRIE_H
0000012e   PMMRIE_L
000048a6   Packet
00000158   RCCTL0
00000159   RCCTL0_H
00000158   RCCTL0_L
00005084   READ
000001b0   REFCTL0
000001b1   REFCTL0_H
000001b0   REFCTL0_L
00005100   RENA
000004e4   RES0
000004e5   RES0_H
000004e4   RES0_L
000004e6   RES1
000004e7   RES1_H
000004e6   RES1_L
000004e8   RES2
000004e9   RES2_H
000004e8   RES2_L
000004ea   RES3
000004eb   RES3_H
000004ea   RES3_L
000004cc   RESHI
000004cd   RESHI_H
000004cc   RESHI_L
000004ca   RESLO
000004cb   RESLO_H
000004ca   RESLO_L
000004ba   RTCADOWDAY
000004bb   RTCADOWDAY_H
000004ba   RTCADOWDAY_L
000004b8   RTCAMINHR
000004b9   RTCAMINHR_H
000004b8   RTCAMINHR_L
000004a0   RTCCTL01
000004a1   RTCCTL01_H
000004a0   RTCCTL01_L
000004a2   RTCCTL23
000004a3   RTCCTL23_H
000004a2   RTCCTL23_L
000004b4   RTCDATE
000004b5   RTCDATE_H
000004b4   RTCDATE_L
000004ae   RTCIV
000004ac   RTCPS
000004a8   RTCPS0CTL
000004a9   RTCPS0CTL_H
000004a8   RTCPS0CTL_L
000004aa   RTCPS1CTL
000004ab   RTCPS1CTL_H
000004aa   RTCPS1CTL_L
000004ad   RTCPS_H
000004ac   RTCPS_L
000004b0   RTCTIM0
000004b1   RTCTIM0_H
000004b0   RTCTIM0_L
000004b2   RTCTIM1
000004b3   RTCTIM1_H
000004b2   RTCTIM1_L
000004b6   RTCYEAR
000004b7   RTCYEAR_H
000004b6   RTCYEAR_L
0000442e   RTC_AsCharArray
00005180   RawDataFileNumberChar
00005184   RawDataLengthNumberChar
000043f2   RawDataNumber
00004aa6   ReceivedData
00017a18   SDCard_fastMode
0001744e   SDCard_init
0001768a   SDCard_readFrame
0001778e   SDCard_sendFrame
00017b22   SDCard_setCSHigh
00017b28   SDCard_setCSLow
00000100   SFRIE1
00000101   SFRIE1_H
00000100   SFRIE1_L
00000102   SFRIFG1
00000103   SFRIFG1_H
00000102   SFRIFG1_L
00000104   SFRRPCR
00000105   SFRRPCR_H
00000104   SFRRPCR_L
0000508a   SHRCLK
00005090   SIN
000050f0   SOUT
000004ce   SUMEXT
000004cf   SUMEXT_H
000004ce   SUMEXT_L
00000124   SVSMHCTL
00000125   SVSMHCTL_H
00000124   SVSMHCTL_L
00000128   SVSMIO
00000129   SVSMIO_H
00000128   SVSMIO_L
00000126   SVSMLCTL
00000127   SVSMLCTL_H
00000126   SVSMLCTL_L
00000198   SYSBERRIV
00000199   SYSBERRIV_H
00000198   SYSBERRIV_L
00000182   SYSBSLC
00000183   SYSBSLC_H
00000182   SYSBSLC_L
00000180   SYSCTL
00000181   SYSCTL_H
00000180   SYSCTL_L
00000186   SYSJMBC
00000187   SYSJMBC_H
00000186   SYSJMBC_L
00000188   SYSJMBI0
00000189   SYSJMBI0_H
00000188   SYSJMBI0_L
0000018a   SYSJMBI1
0000018b   SYSJMBI1_H
0000018a   SYSJMBI1_L
0000018c   SYSJMBO0
0000018d   SYSJMBO0_H
0000018c   SYSJMBO0_L
0000018e   SYSJMBO1
0000018f   SYSJMBO1_H
0000018e   SYSJMBO1_L
0000019e   SYSRSTIV
0000019f   SYSRSTIV_H
0000019e   SYSRSTIV_L
0000019c   SYSSNIV
0000019d   SYSSNIV_H
0000019c   SYSSNIV_L
0000019a   SYSUNIV
0000019b   SYSUNIV_H
0000019a   SYSUNIV_L
00005188   Sec_Callback
000172d0   SetVcoreUp
00003370   SingleSpectrumData
0000518c   SpectrumDataFileNumberChar
00005190   SpectrumDataLengthNumberChar
000043fa   SpectrumDoubleNumber
000043de   SpectrumInterval
000043f6   SpectrumSingleNumber
00000352   TA0CCR0
00000354   TA0CCR1
00000356   TA0CCR2
00000358   TA0CCR3
0000035a   TA0CCR4
00000342   TA0CCTL0
00000344   TA0CCTL1
00000346   TA0CCTL2
00000348   TA0CCTL3
0000034a   TA0CCTL4
00000340   TA0CTL
00000360   TA0EX0
0000036e   TA0IV
00000350   TA0R
00000392   TA1CCR0
00000394   TA1CCR1
00000396   TA1CCR2
00000382   TA1CCTL0
00000384   TA1CCTL1
00000386   TA1CCTL2
00000380   TA1CTL
000003a0   TA1EX0
000003ae   TA1IV
00000390   TA1R
000003d2   TB0CCR0
000003d4   TB0CCR1
000003d6   TB0CCR2
000003d8   TB0CCR3
000003da   TB0CCR4
000003dc   TB0CCR5
000003de   TB0CCR6
000003c2   TB0CCTL0
000003c4   TB0CCTL1
000003c6   TB0CCTL2
000003c8   TB0CCTL3
000003ca   TB0CCTL4
000003cc   TB0CCTL5
000003ce   TB0CCTL6
000003c0   TB0CTL
000003e0   TB0EX0
000003ee   TB0IV
000003d0   TB0R
0000507e   TCLK
000050d8   TEST
00005096   TIN
000050ea   TOUT
000050de   TS1
000050e4   TS2
000043e8   TriggerNumber
00005110   TriggeredChannels
000005d0   UCA0ABCTL
000005c6   UCA0BRW
000005c7   UCA0BRW_H
000005c6   UCA0BRW_L
000005c0   UCA0CTLW0
000005c1   UCA0CTLW0_H
000005c0   UCA0CTLW0_L
000005dc   UCA0ICTL
000005dd   UCA0ICTL_H
000005dc   UCA0ICTL_L
000005d2   UCA0IRCTL
000005d3   UCA0IRCTL_H
000005d2   UCA0IRCTL_L
000005de   UCA0IV
000005c8   UCA0MCTL
000005cc   UCA0RXBUF
000005ca   UCA0STAT
000005ce   UCA0TXBUF
00000610   UCA1ABCTL
00000606   UCA1BRW
00000607   UCA1BRW_H
00000606   UCA1BRW_L
00000600   UCA1CTLW0
00000601   UCA1CTLW0_H
00000600   UCA1CTLW0_L
0000061c   UCA1ICTL
0000061d   UCA1ICTL_H
0000061c   UCA1ICTL_L
00000612   UCA1IRCTL
00000613   UCA1IRCTL_H
00000612   UCA1IRCTL_L
0000061e   UCA1IV
00000608   UCA1MCTL
0000060c   UCA1RXBUF
0000060a   UCA1STAT
0000060e   UCA1TXBUF
00000650   UCA2ABCTL
00000646   UCA2BRW
00000647   UCA2BRW_H
00000646   UCA2BRW_L
00000640   UCA2CTLW0
00000641   UCA2CTLW0_H
00000640   UCA2CTLW0_L
0000065c   UCA2ICTL
0000065d   UCA2ICTL_H
0000065c   UCA2ICTL_L
00000652   UCA2IRCTL
00000653   UCA2IRCTL_H
00000652   UCA2IRCTL_L
0000065e   UCA2IV
00000648   UCA2MCTL
0000064c   UCA2RXBUF
0000064a   UCA2STAT
0000064e   UCA2TXBUF
00000690   UCA3ABCTL
00000686   UCA3BRW
00000687   UCA3BRW_H
00000686   UCA3BRW_L
00000680   UCA3CTLW0
00000681   UCA3CTLW0_H
00000680   UCA3CTLW0_L
0000069c   UCA3ICTL
0000069d   UCA3ICTL_H
0000069c   UCA3ICTL_L
00000692   UCA3IRCTL
00000693   UCA3IRCTL_H
00000692   UCA3IRCTL_L
0000069e   UCA3IV
00000688   UCA3MCTL
0000068c   UCA3RXBUF
0000068a   UCA3STAT
0000068e   UCA3TXBUF
000005e6   UCB0BRW
000005e7   UCB0BRW_H
000005e6   UCB0BRW_L
000005e0   UCB0CTLW0
000005e1   UCB0CTLW0_H
000005e0   UCB0CTLW0_L
000005f0   UCB0I2COA
000005f1   UCB0I2COA_H
000005f0   UCB0I2COA_L
000005f2   UCB0I2CSA
000005f3   UCB0I2CSA_H
000005f2   UCB0I2CSA_L
000005fc   UCB0ICTL
000005fd   UCB0ICTL_H
000005fc   UCB0ICTL_L
000005fe   UCB0IV
000005ec   UCB0RXBUF
000005ea   UCB0STAT
000005ee   UCB0TXBUF
00000626   UCB1BRW
00000627   UCB1BRW_H
00000626   UCB1BRW_L
00000620   UCB1CTLW0
00000621   UCB1CTLW0_H
00000620   UCB1CTLW0_L
00000630   UCB1I2COA
00000631   UCB1I2COA_H
00000630   UCB1I2COA_L
00000632   UCB1I2CSA
00000633   UCB1I2CSA_H
00000632   UCB1I2CSA_L
0000063c   UCB1ICTL
0000063d   UCB1ICTL_H
0000063c   UCB1ICTL_L
0000063e   UCB1IV
0000062c   UCB1RXBUF
0000062a   UCB1STAT
0000062e   UCB1TXBUF
00000666   UCB2BRW
00000667   UCB2BRW_H
00000666   UCB2BRW_L
00000660   UCB2CTLW0
00000661   UCB2CTLW0_H
00000660   UCB2CTLW0_L
00000670   UCB2I2COA
00000671   UCB2I2COA_H
00000670   UCB2I2COA_L
00000672   UCB2I2CSA
00000673   UCB2I2CSA_H
00000672   UCB2I2CSA_L
0000067c   UCB2ICTL
0000067d   UCB2ICTL_H
0000067c   UCB2ICTL_L
0000067e   UCB2IV
0000066c   UCB2RXBUF
0000066a   UCB2STAT
0000066e   UCB2TXBUF
000006a6   UCB3BRW
000006a7   UCB3BRW_H
000006a6   UCB3BRW_L
000006a0   UCB3CTLW0
000006a1   UCB3CTLW0_H
000006a0   UCB3CTLW0_L
000006b0   UCB3I2COA
000006b1   UCB3I2COA_H
000006b0   UCB3I2COA_L
000006b2   UCB3I2CSA
000006b3   UCB3I2CSA_H
000006b2   UCB3I2CSA_L
000006bc   UCB3ICTL
000006bd   UCB3ICTL_H
000006bc   UCB3ICTL_L
000006be   UCB3IV
000006ac   UCB3RXBUF
000006aa   UCB3STAT
000006ae   UCB3TXBUF
00000160   UCSCTL0
00000161   UCSCTL0_H
00000160   UCSCTL0_L
00000162   UCSCTL1
00000163   UCSCTL1_H
00000162   UCSCTL1_L
00000164   UCSCTL2
00000165   UCSCTL2_H
00000164   UCSCTL2_L
00000166   UCSCTL3
00000167   UCSCTL3_H
00000166   UCSCTL3_L
00000168   UCSCTL4
00000169   UCSCTL4_H
00000168   UCSCTL4_L
0000016a   UCSCTL5
0000016b   UCSCTL5_H
0000016a   UCSCTL5_L
0000016c   UCSCTL6
0000016d   UCSCTL6_H
0000016c   UCSCTL6_L
0000016e   UCSCTL7
0000016f   UCSCTL7_H
0000016e   UCSCTL7_L
00000170   UCSCTL8
00000171   UCSCTL8_H
00000170   UCSCTL8_L
0000015c   WDTCTL
0000015d   WDTCTL_H
0000015c   WDTCTL_L
000043f0   WDTNumber
0001554a   _Z10AddRawDataPhjm
00017b0a   _Z10disableSecv
00012db2   _Z11OBC_HandlerPhj
000152f2   _Z11ReadRawDataPhjmm
00015f46   _Z11ReportEvent13StatusReports
00015084   _Z11ReportEvent13StatusReportsm
00013e7c   _Z12TS_Interruptv
0001764e   _Z13CommandVectorhPhj
00011e7c   _Z13GetSystemInfoPhR14Operation_ModeRjS2_RmS3_S3_S3_
0001541e   _Z16ReadSpectrumDataPhjmm
00010000   _Z16RunOperationMode14Operation_Mode
000121dc   _Z16UpdateSystemInfoPh14Operation_Modejjmmmm
00015674   _Z17AddLightCurveDataPjm
0001624c   _Z17getRTCasByteArrayPh
0001668e   _Z18AssembleDataPacketPhj
00017936   _Z18RTCSecondInterruptv
00010830   _Z18UARTCommandHandler9UART_Mode
00016b74   _Z20ADCACQTimerInterruptv
0001722c   _Z20ConvertToEnergyAnodedh
00015aae   _Z20GetRawDataFileLengthm
000145e8   _Z21AddSpectrumDoubleDataPA100_jm
00014798   _Z21AddSpectrumSingleDataPA100_jm
00014948   _Z24AddAnodeOnlySpectrumDataPA100_jm
000177bc   _Z24CompareCharArrayToStringPhPKcj
00015ba0   _Z25GetSpectrumDataFileLengthm
0001791a   _Z34DetermineNumberOfTriggeredChannelsPhh
00017950   _Z5delayj
00005e46   _Z7RTC_ISRv
000173ba   _Z7UlToStrPcmh
000176f8   _Z7initRTCiiiiiii
0001775e   _Z8fat_initv
00017b12   _Z8startRTCv
00017ac2   _Z9enableSecPFvvE
00017ace   _ZN10__cxxabiv117__class_type_infoD0Ev
00017b5a   _ZN10__cxxabiv117__class_type_infoD1Ev
00017b5a   _ZN10__cxxabiv117__class_type_infoD2Ev
00017ad8   _ZN10__cxxabiv120__si_class_type_infoD0Ev
00017b5c   _ZN10__cxxabiv120__si_class_type_infoD1Ev
00017b5c   _ZN10__cxxabiv120__si_class_type_infoD2Ev
00004ca6   _ZN6MSP43010DataBufferE
0000441c   _ZN6MSP43010TA0CounterE
00004420   _ZN6MSP43010TA1CounterE
00004424   _ZN6MSP43010TB0CounterE
00004444   _ZN6MSP43010UART_PhaseE
0000443e   _ZN6MSP43011DataCounterE
00005194   _ZN6MSP43011I2C_RECEIVEE
00004426   _ZN6MSP43011TA0_1PeriodE
0000442a   _ZN6MSP43011TA1_1PeriodE
00005c00   _ZN6MSP43011USCI_A0_ISREv
00005d56   _ZN6MSP43011USCI_B0_ISREv
00005174   _ZN6MSP43012HeaderBufferE
00004428   _ZN6MSP43012TA0_1CounterE
0000442c   _ZN6MSP43012TA1_1CounterE
00005198   _ZN6MSP43013CommandVectorE
00004440   _ZN6MSP43013HeaderCounterE
00005dc2   _ZN6MSP43013TIMER0_A0_ISREv
00005e70   _ZN6MSP43013TIMER0_B0_ISREv
00005e04   _ZN6MSP43013TIMER1_A1_ISREv
00004443   _ZN6MSP43015IsDataExcpectedE
00004450   _ZN6MSP43016ADCInterruptFlagE
00004418   _ZN6MSP43016SelectedTA0TimerE
00004419   _ZN6MSP43016SelectedTA1TimerE
0000519c   _ZN6MSP43016TimerA0InterruptE
000051a0   _ZN6MSP43016TimerA1InterruptE
000051a4   _ZN6MSP43016TimerB0InterruptE
000051a8   _ZN6MSP43018TimerA0_1InterruptE
000051ac   _ZN6MSP43018TimerA1_1InterruptE
00004451   _ZN6MSP4301iE
000051b0   _ZN6MSP43020interruptVectorPORT2E
00017494   _ZN6MSP4303ADC15SingleReadValueENS_10ADCChannelE
00016d0e   _ZN6MSP4303ADC17SingleReadVoltageENS_10ADCChannelE
00014428   _ZN6MSP4303ADC24ReadAllValuesToCharArrayEPh
00017406   _ZN6MSP4303ADC26SingleReadValueAsCharArrayENS_10ADCChannelE
00017b5e   _ZN6MSP4303ADCC1Ev
00017b5e   _ZN6MSP4303ADCC2Ev
00017b1a   _ZN6MSP4303I2C4SendEPh
00017518   _ZN6MSP4303I2CC1ENS_3BUSEPFvPhjE
00017518   _ZN6MSP4303I2CC2ENS_3BUSEPFvPhjE
00017ae2   _ZN6MSP4303I2CD0Ev
00017b60   _ZN6MSP4303I2CD1Ev
00017b60   _ZN6MSP4303I2CD2Ev
00016014   _ZN6MSP4304UART4SendEPhj
000163c0   _ZN6MSP4304UARTC1ENS_3BUSEmPFvhPhjE
000163c0   _ZN6MSP4304UARTC2ENS_3BUSEmPFvhPhjE
00004457   _ZN6MSP4304busyE
000124f2   _ZN6MSP4304rena11CheckConfigEv
00011036   _ZN6MSP4304rena13ConfigureRenaEPNS_13channelconfigEhNS_6pulsarES3_S3_
00016c00   _ZN6MSP4304rena9ReloadSINEmjNS_6pulsarES1_Ph
00017b62   _ZN6MSP4304renaC1Ev
00017b62   _ZN6MSP4304renaC2Ev
00016f56   _ZN6MSP4305Timer4StopEv
000167de   _ZN6MSP4305Timer5StartEj
00017180   _ZN6MSP4305TimerC1ENS_5TIMEREPFvvE
00017180   _ZN6MSP4305TimerC2ENS_5TIMEREPFvvE
0000444e   _ZN6MSP4305ValueE
00005eac   _ZN6MSP4306Port_2Ev
00004ea6   _ZN6MSP4306RxDataE
00017ab4   _ZN6MSP4306pulsar15EnableInterruptEv
00016d8c   _ZN6MSP4306pulsar16GenerateSHRClockEmjS0_Ph
00017870   _ZN6MSP4306pulsar3getEv
000178fc   _ZN6MSP4306pulsar3setEb
00017982   _ZN6MSP4306pulsarC1EPhh
0001736c   _ZN6MSP4306pulsarC1EPhhNS_13InterruptTypeEPFvvE
00017818   _ZN6MSP4306pulsarC1EPhhb
00017982   _ZN6MSP4306pulsarC2EPhh
0001736c   _ZN6MSP4306pulsarC2EPhhNS_13InterruptTypeEPFvvE
00017818   _ZN6MSP4306pulsarC2EPhhb
000051b4   _ZN6MSP4307PTxDataE
00005ec2   _ZN6MSP4309ADC12_ISREv
000051d2   _ZN6MSP4309CharValueE
00004442   _ZN6MSP4309DataReadyE
00004456   _ZN6MSP4309RXByteCtrE
0000441a   _ZN6MSP4309TA0PeriodE
0000441e   _ZN6MSP4309TA1PeriodE
00004422   _ZN6MSP4309TB0PeriodE
0000443c   _ZN6MSP4309TotalDataE
00006188   _ZTIN10__cxxabiv117__class_type_infoE
00006194   _ZTIN10__cxxabiv120__si_class_type_infoE
000061a8   _ZTIN6MSP4303I2CE
000061b0   _ZTISt9type_info
000060de   _ZTSN10__cxxabiv117__class_type_infoE
000060b8   _ZTSN10__cxxabiv120__si_class_type_infoE
0000616c   _ZTSN6MSP4303I2CE
0000617a   _ZTSSt9type_info
0000613c   _ZTVN10__cxxabiv117__class_type_infoE
0000614c   _ZTVN10__cxxabiv120__si_class_type_infoE
0000615c   _ZTVN6MSP4303I2CE
00017aec   _ZdlPv
00005c00   __STACK_END
000000a0   __STACK_SIZE
000000a0   __SYSMEM_SIZE
000061f0   __TI_CINIT_Base
00006200   __TI_CINIT_Limit
000061de   __TI_Handler_Table_Base
000061ea   __TI_Handler_Table_Limit
00005ed6   __TI_INITARRAY_Base
00005eda   __TI_INITARRAY_Limit
00017b2e   __TI_ISR_TRAP
00000001   __TI_args_main
000051b8   __TI_cleanup_ptr
00017a3c   __TI_decompress_none
00017b40   __TI_decompress_rle24
000051bc   __TI_dtors_ptr
00000001   __TI_exit
00013594   __TI_frcaddd
00011a2a   __TI_frcdivd
000127f6   __TI_frcmpyd
0000ffd2   __TI_int41
0000ffd4   __TI_int42
0000ffd6   __TI_int43
0000ffd8   __TI_int44
0000ffda   __TI_int45
0000ffdc   __TI_int46
0000ffde   __TI_int47
0000ffe0   __TI_int48
0000ffe2   __TI_int49
0000ffe4   __TI_int50
0000ffe6   __TI_int51
0000ffe8   __TI_int52
0000ffea   __TI_int53
0000ffec   __TI_int54
0000ffee   __TI_int55
0000fff0   __TI_int56
0000fff2   __TI_int57
0000fff4   __TI_int58
0000fff6   __TI_int59
0000fff8   __TI_int60
0000fffa   __TI_int61
0000fffc   __TI_int62
000165dc   __TI_renormd
00017896   __TI_zero_init
ffffffff   __binit__
ffffffff   __c_args__
00017b52   __cxa_atexit
000171d6   __cxa_finalize
00017b34   __cxa_ia64_exit
000051c0   __dso_handle
00012ada   __mspabi_addd
00015e6e   __mspabi_cmpd
00013c5a   __mspabi_divd
000170d0   __mspabi_divul
00017a2a   __mspabi_fixdu
00016eee   __mspabi_fixdul
00017b3a   __mspabi_fltud
00016e0a   __mspabi_fltuld
00013312   __mspabi_mpyd
000179da   __mspabi_mpyi_f5hw
000178ba   __mspabi_mpyl_f5hw
000170d0   __mspabi_remul
00017a94   __mspabi_slll
0001760a   __mspabi_slll_1
000175e6   __mspabi_slll_10
000175e2   __mspabi_slll_11
000175de   __mspabi_slll_12
000175da   __mspabi_slll_13
000175d6   __mspabi_slll_14
000175d2   __mspabi_slll_15
00017606   __mspabi_slll_2
00017602   __mspabi_slll_3
000175fe   __mspabi_slll_4
000175fa   __mspabi_slll_5
000175f6   __mspabi_slll_6
000175f2   __mspabi_slll_7
000175ee   __mspabi_slll_8
000175ea   __mspabi_slll_9
00017b00   __mspabi_srai
00017a84   __mspabi_sral
000175cc   __mspabi_sral_1
000175a8   __mspabi_sral_10
000175a4   __mspabi_sral_11
000175a0   __mspabi_sral_12
0001759c   __mspabi_sral_13
00017598   __mspabi_sral_14
00017594   __mspabi_sral_15
000175c8   __mspabi_sral_2
000175c4   __mspabi_sral_3
000175c0   __mspabi_sral_4
000175bc   __mspabi_sral_5
000175b8   __mspabi_sral_6
000175b4   __mspabi_sral_7
000175b0   __mspabi_sral_8
000175ac   __mspabi_sral_9
00017aa4   __mspabi_srll
00017648   __mspabi_srll_1
00017624   __mspabi_srll_10
00017620   __mspabi_srll_11
0001761c   __mspabi_srll_12
00017618   __mspabi_srll_13
00017614   __mspabi_srll_14
00017610   __mspabi_srll_15
00017644   __mspabi_srll_2
00017640   __mspabi_srll_3
0001763c   __mspabi_srll_4
00017638   __mspabi_srll_5
00017634   __mspabi_srll_6
00017630   __mspabi_srll_7
0001762c   __mspabi_srll_8
00017628   __mspabi_srll_9
00014266   __sti___8_main_cpp_TCLK
00016e80   _auto_init_hold_wdt
00005e90   _c_int00
00005e90   _c_int00_noargs
00004446   _lock
00017b64   _nop
0000fffe   _reset_vector
00005b60   _stack
000051dc   _sys_memory
0001701a   _system_pre_init
0000444a   _unlock
00017b56   abort
000050fc   adc
ffffffff   binit
00017556   clust2sect
00005158   dir
00014e00   disk_initialize
000159ba   disk_ioctl
000169c2   disk_read
000178dc   disk_status
00016190   disk_write
000051d4   errCode
000177ea   exit
000179ae   f_close
000137e6   f_lseek
0001772c   f_mount
00013a36   f_open
00016736   f_opendir
00014074   f_read
00016882   f_sync
00013074   f_write
0000445c   fatfs
00005134   file
00016ae6   free
00014f44   get_fat
00017af6   get_fattime
00015c92   main
00016306   malloc
00017a04   memcpy
000179c4   memset
000174d6   minit
0000510e   pc
00014af8   put_fat
000051c4   rtcAlarm_Callback
000043e6   second


GLOBAL SYMBOLS: SORTED BY Symbol Address 

address    name
--------   ----
00000001   __TI_args_main
00000001   __TI_exit
000000a0   __STACK_SIZE
000000a0   __SYSMEM_SIZE
00000100   SFRIE1
00000100   SFRIE1_L
00000101   SFRIE1_H
00000102   SFRIFG1
00000102   SFRIFG1_L
00000103   SFRIFG1_H
00000104   SFRRPCR
00000104   SFRRPCR_L
00000105   SFRRPCR_H
00000120   PMMCTL0
00000120   PMMCTL0_L
00000121   PMMCTL0_H
00000122   PMMCTL1
00000122   PMMCTL1_L
00000123   PMMCTL1_H
00000124   SVSMHCTL
00000124   SVSMHCTL_L
00000125   SVSMHCTL_H
00000126   SVSMLCTL
00000126   SVSMLCTL_L
00000127   SVSMLCTL_H
00000128   SVSMIO
00000128   SVSMIO_L
00000129   SVSMIO_H
0000012c   PMMIFG
0000012c   PMMIFG_L
0000012d   PMMIFG_H
0000012e   PMMRIE
0000012e   PMMRIE_L
0000012f   PMMRIE_H
00000130   PM5CTL0
00000130   PM5CTL0_L
00000131   PM5CTL0_H
00000140   FCTL1
00000140   FCTL1_L
00000141   FCTL1_H
00000144   FCTL3
00000144   FCTL3_L
00000145   FCTL3_H
00000146   FCTL4
00000146   FCTL4_L
00000147   FCTL4_H
00000150   CRCDI
00000150   CRCDI_L
00000151   CRCDI_H
00000152   CRCDIRB
00000152   CRCDIRB_L
00000153   CRCDIRB_H
00000154   CRCINIRES
00000154   CRCINIRES_L
00000155   CRCINIRES_H
00000156   CRCRESR
00000156   CRCRESR_L
00000157   CRCRESR_H
00000158   RCCTL0
00000158   RCCTL0_L
00000159   RCCTL0_H
0000015c   WDTCTL
0000015c   WDTCTL_L
0000015d   WDTCTL_H
00000160   UCSCTL0
00000160   UCSCTL0_L
00000161   UCSCTL0_H
00000162   UCSCTL1
00000162   UCSCTL1_L
00000163   UCSCTL1_H
00000164   UCSCTL2
00000164   UCSCTL2_L
00000165   UCSCTL2_H
00000166   UCSCTL3
00000166   UCSCTL3_L
00000167   UCSCTL3_H
00000168   UCSCTL4
00000168   UCSCTL4_L
00000169   UCSCTL4_H
0000016a   UCSCTL5
0000016a   UCSCTL5_L
0000016b   UCSCTL5_H
0000016c   UCSCTL6
0000016c   UCSCTL6_L
0000016d   UCSCTL6_H
0000016e   UCSCTL7
0000016e   UCSCTL7_L
0000016f   UCSCTL7_H
00000170   UCSCTL8
00000170   UCSCTL8_L
00000171   UCSCTL8_H
00000180   SYSCTL
00000180   SYSCTL_L
00000181   SYSCTL_H
00000182   SYSBSLC
00000182   SYSBSLC_L
00000183   SYSBSLC_H
00000186   SYSJMBC
00000186   SYSJMBC_L
00000187   SYSJMBC_H
00000188   SYSJMBI0
00000188   SYSJMBI0_L
00000189   SYSJMBI0_H
0000018a   SYSJMBI1
0000018a   SYSJMBI1_L
0000018b   SYSJMBI1_H
0000018c   SYSJMBO0
0000018c   SYSJMBO0_L
0000018d   SYSJMBO0_H
0000018e   SYSJMBO1
0000018e   SYSJMBO1_L
0000018f   SYSJMBO1_H
00000198   SYSBERRIV
00000198   SYSBERRIV_L
00000199   SYSBERRIV_H
0000019a   SYSUNIV
0000019a   SYSUNIV_L
0000019b   SYSUNIV_H
0000019c   SYSSNIV
0000019c   SYSSNIV_L
0000019d   SYSSNIV_H
0000019e   SYSRSTIV
0000019e   SYSRSTIV_L
0000019f   SYSRSTIV_H
000001b0   REFCTL0
000001b0   REFCTL0_L
000001b1   REFCTL0_H
00000200   PAIN
00000200   PAIN_L
00000201   PAIN_H
00000202   PAOUT
00000202   PAOUT_L
00000203   PAOUT_H
00000204   PADIR
00000204   PADIR_L
00000205   PADIR_H
00000206   PAREN
00000206   PAREN_L
00000207   PAREN_H
00000208   PADS
00000208   PADS_L
00000209   PADS_H
0000020a   PASEL
0000020a   PASEL_L
0000020b   PASEL_H
0000020e   P1IV
00000218   PAIES
00000218   PAIES_L
00000219   PAIES_H
0000021a   PAIE
0000021a   PAIE_L
0000021b   PAIE_H
0000021c   PAIFG
0000021c   PAIFG_L
0000021d   PAIFG_H
0000021e   P2IV
00000220   PBIN
00000220   PBIN_L
00000221   PBIN_H
00000222   PBOUT
00000222   PBOUT_L
00000223   PBOUT_H
00000224   PBDIR
00000224   PBDIR_L
00000225   PBDIR_H
00000226   PBREN
00000226   PBREN_L
00000227   PBREN_H
00000228   PBDS
00000228   PBDS_L
00000229   PBDS_H
0000022a   PBSEL
0000022a   PBSEL_L
0000022b   PBSEL_H
00000240   PCIN
00000240   PCIN_L
00000241   PCIN_H
00000242   PCOUT
00000242   PCOUT_L
00000243   PCOUT_H
00000244   PCDIR
00000244   PCDIR_L
00000245   PCDIR_H
00000246   PCREN
00000246   PCREN_L
00000247   PCREN_H
00000248   PCDS
00000248   PCDS_L
00000249   PCDS_H
0000024a   PCSEL
0000024a   PCSEL_L
0000024b   PCSEL_H
00000260   PDIN
00000260   PDIN_L
00000261   PDIN_H
00000262   PDOUT
00000262   PDOUT_L
00000263   PDOUT_H
00000264   PDDIR
00000264   PDDIR_L
00000265   PDDIR_H
00000266   PDREN
00000266   PDREN_L
00000267   PDREN_H
00000268   PDDS
00000268   PDDS_L
00000269   PDDS_H
0000026a   PDSEL
0000026a   PDSEL_L
0000026b   PDSEL_H
00000280   PEIN
00000280   PEIN_L
00000281   PEIN_H
00000282   PEOUT
00000282   PEOUT_L
00000283   PEOUT_H
00000284   PEDIR
00000284   PEDIR_L
00000285   PEDIR_H
00000286   PEREN
00000286   PEREN_L
00000287   PEREN_H
00000288   PEDS
00000288   PEDS_L
00000289   PEDS_H
0000028a   PESEL
0000028a   PESEL_L
0000028b   PESEL_H
000002a0   PFIN
000002a0   PFIN_L
000002a1   PFIN_H
000002a2   PFOUT
000002a2   PFOUT_L
000002a3   PFOUT_H
000002a4   PFDIR
000002a4   PFDIR_L
000002a5   PFDIR_H
000002a6   PFREN
000002a6   PFREN_L
000002a7   PFREN_H
000002a8   PFDS
000002a8   PFDS_L
000002a9   PFDS_H
000002aa   PFSEL
000002aa   PFSEL_L
000002ab   PFSEL_H
00000320   PJIN
00000320   PJIN_L
00000321   PJIN_H
00000322   PJOUT
00000322   PJOUT_L
00000323   PJOUT_H
00000324   PJDIR
00000324   PJDIR_L
00000325   PJDIR_H
00000326   PJREN
00000326   PJREN_L
00000327   PJREN_H
00000328   PJDS
00000328   PJDS_L
00000329   PJDS_H
00000340   TA0CTL
00000342   TA0CCTL0
00000344   TA0CCTL1
00000346   TA0CCTL2
00000348   TA0CCTL3
0000034a   TA0CCTL4
00000350   TA0R
00000352   TA0CCR0
00000354   TA0CCR1
00000356   TA0CCR2
00000358   TA0CCR3
0000035a   TA0CCR4
00000360   TA0EX0
0000036e   TA0IV
00000380   TA1CTL
00000382   TA1CCTL0
00000384   TA1CCTL1
00000386   TA1CCTL2
00000390   TA1R
00000392   TA1CCR0
00000394   TA1CCR1
00000396   TA1CCR2
000003a0   TA1EX0
000003ae   TA1IV
000003c0   TB0CTL
000003c2   TB0CCTL0
000003c4   TB0CCTL1
000003c6   TB0CCTL2
000003c8   TB0CCTL3
000003ca   TB0CCTL4
000003cc   TB0CCTL5
000003ce   TB0CCTL6
000003d0   TB0R
000003d2   TB0CCR0
000003d4   TB0CCR1
000003d6   TB0CCR2
000003d8   TB0CCR3
000003da   TB0CCR4
000003dc   TB0CCR5
000003de   TB0CCR6
000003e0   TB0EX0
000003ee   TB0IV
000004a0   RTCCTL01
000004a0   RTCCTL01_L
000004a1   RTCCTL01_H
000004a2   RTCCTL23
000004a2   RTCCTL23_L
000004a3   RTCCTL23_H
000004a8   RTCPS0CTL
000004a8   RTCPS0CTL_L
000004a9   RTCPS0CTL_H
000004aa   RTCPS1CTL
000004aa   RTCPS1CTL_L
000004ab   RTCPS1CTL_H
000004ac   RTCPS
000004ac   RTCPS_L
000004ad   RTCPS_H
000004ae   RTCIV
000004b0   RTCTIM0
000004b0   RTCTIM0_L
000004b1   RTCTIM0_H
000004b2   RTCTIM1
000004b2   RTCTIM1_L
000004b3   RTCTIM1_H
000004b4   RTCDATE
000004b4   RTCDATE_L
000004b5   RTCDATE_H
000004b6   RTCYEAR
000004b6   RTCYEAR_L
000004b7   RTCYEAR_H
000004b8   RTCAMINHR
000004b8   RTCAMINHR_L
000004b9   RTCAMINHR_H
000004ba   RTCADOWDAY
000004ba   RTCADOWDAY_L
000004bb   RTCADOWDAY_H
000004c0   MPY
000004c0   MPY_L
000004c1   MPY_H
000004c2   MPYS
000004c2   MPYS_L
000004c3   MPYS_H
000004c4   MAC
000004c4   MAC_L
000004c5   MAC_H
000004c6   MACS
000004c6   MACS_L
000004c7   MACS_H
000004c8   OP2
000004c8   OP2_L
000004c9   OP2_H
000004ca   RESLO
000004ca   RESLO_L
000004cb   RESLO_H
000004cc   RESHI
000004cc   RESHI_L
000004cd   RESHI_H
000004ce   SUMEXT
000004ce   SUMEXT_L
000004cf   SUMEXT_H
000004d0   MPY32L
000004d0   MPY32L_L
000004d1   MPY32L_H
000004d2   MPY32H
000004d2   MPY32H_L
000004d3   MPY32H_H
000004d4   MPYS32L
000004d4   MPYS32L_L
000004d5   MPYS32L_H
000004d6   MPYS32H
000004d6   MPYS32H_L
000004d7   MPYS32H_H
000004d8   MAC32L
000004d8   MAC32L_L
000004d9   MAC32L_H
000004da   MAC32H
000004da   MAC32H_L
000004db   MAC32H_H
000004dc   MACS32L
000004dc   MACS32L_L
000004dd   MACS32L_H
000004de   MACS32H
000004de   MACS32H_L
000004df   MACS32H_H
000004e0   OP2L
000004e0   OP2L_L
000004e1   OP2L_H
000004e2   OP2H
000004e2   OP2H_L
000004e3   OP2H_H
000004e4   RES0
000004e4   RES0_L
000004e5   RES0_H
000004e6   RES1
000004e6   RES1_L
000004e7   RES1_H
000004e8   RES2
000004e8   RES2_L
000004e9   RES2_H
000004ea   RES3
000004ea   RES3_L
000004eb   RES3_H
000004ec   MPY32CTL0
000004ec   MPY32CTL0_L
000004ed   MPY32CTL0_H
00000500   DMACTL0
00000500   DMACTL0_L
00000501   DMACTL0_H
00000502   DMACTL1
00000502   DMACTL1_L
00000503   DMACTL1_H
00000504   DMACTL2
00000504   DMACTL2_L
00000505   DMACTL2_H
00000506   DMACTL3
00000506   DMACTL3_L
00000507   DMACTL3_H
00000508   DMACTL4
00000508   DMACTL4_L
00000509   DMACTL4_H
0000050e   DMAIV
0000050e   DMAIV_L
0000050f   DMAIV_H
00000510   DMA0CTL
00000510   DMA0CTL_L
00000511   DMA0CTL_H
00000512   DMA0SA
00000512   DMA0SAL
00000516   DMA0DA
00000516   DMA0DAL
0000051a   DMA0SZ
00000520   DMA1CTL
00000520   DMA1CTL_L
00000521   DMA1CTL_H
00000522   DMA1SA
00000522   DMA1SAL
00000526   DMA1DA
00000526   DMA1DAL
0000052a   DMA1SZ
00000530   DMA2CTL
00000530   DMA2CTL_L
00000531   DMA2CTL_H
00000532   DMA2SA
00000532   DMA2SAL
00000536   DMA2DA
00000536   DMA2DAL
0000053a   DMA2SZ
000005c0   UCA0CTLW0
000005c0   UCA0CTLW0_L
000005c1   UCA0CTLW0_H
000005c6   UCA0BRW
000005c6   UCA0BRW_L
000005c7   UCA0BRW_H
000005c8   UCA0MCTL
000005ca   UCA0STAT
000005cc   UCA0RXBUF
000005ce   UCA0TXBUF
000005d0   UCA0ABCTL
000005d2   UCA0IRCTL
000005d2   UCA0IRCTL_L
000005d3   UCA0IRCTL_H
000005dc   UCA0ICTL
000005dc   UCA0ICTL_L
000005dd   UCA0ICTL_H
000005de   UCA0IV
000005e0   UCB0CTLW0
000005e0   UCB0CTLW0_L
000005e1   UCB0CTLW0_H
000005e6   UCB0BRW
000005e6   UCB0BRW_L
000005e7   UCB0BRW_H
000005ea   UCB0STAT
000005ec   UCB0RXBUF
000005ee   UCB0TXBUF
000005f0   UCB0I2COA
000005f0   UCB0I2COA_L
000005f1   UCB0I2COA_H
000005f2   UCB0I2CSA
000005f2   UCB0I2CSA_L
000005f3   UCB0I2CSA_H
000005fc   UCB0ICTL
000005fc   UCB0ICTL_L
000005fd   UCB0ICTL_H
000005fe   UCB0IV
00000600   UCA1CTLW0
00000600   UCA1CTLW0_L
00000601   UCA1CTLW0_H
00000606   UCA1BRW
00000606   UCA1BRW_L
00000607   UCA1BRW_H
00000608   UCA1MCTL
0000060a   UCA1STAT
0000060c   UCA1RXBUF
0000060e   UCA1TXBUF
00000610   UCA1ABCTL
00000612   UCA1IRCTL
00000612   UCA1IRCTL_L
00000613   UCA1IRCTL_H
0000061c   UCA1ICTL
0000061c   UCA1ICTL_L
0000061d   UCA1ICTL_H
0000061e   UCA1IV
00000620   UCB1CTLW0
00000620   UCB1CTLW0_L
00000621   UCB1CTLW0_H
00000626   UCB1BRW
00000626   UCB1BRW_L
00000627   UCB1BRW_H
0000062a   UCB1STAT
0000062c   UCB1RXBUF
0000062e   UCB1TXBUF
00000630   UCB1I2COA
00000630   UCB1I2COA_L
00000631   UCB1I2COA_H
00000632   UCB1I2CSA
00000632   UCB1I2CSA_L
00000633   UCB1I2CSA_H
0000063c   UCB1ICTL
0000063c   UCB1ICTL_L
0000063d   UCB1ICTL_H
0000063e   UCB1IV
00000640   UCA2CTLW0
00000640   UCA2CTLW0_L
00000641   UCA2CTLW0_H
00000646   UCA2BRW
00000646   UCA2BRW_L
00000647   UCA2BRW_H
00000648   UCA2MCTL
0000064a   UCA2STAT
0000064c   UCA2RXBUF
0000064e   UCA2TXBUF
00000650   UCA2ABCTL
00000652   UCA2IRCTL
00000652   UCA2IRCTL_L
00000653   UCA2IRCTL_H
0000065c   UCA2ICTL
0000065c   UCA2ICTL_L
0000065d   UCA2ICTL_H
0000065e   UCA2IV
00000660   UCB2CTLW0
00000660   UCB2CTLW0_L
00000661   UCB2CTLW0_H
00000666   UCB2BRW
00000666   UCB2BRW_L
00000667   UCB2BRW_H
0000066a   UCB2STAT
0000066c   UCB2RXBUF
0000066e   UCB2TXBUF
00000670   UCB2I2COA
00000670   UCB2I2COA_L
00000671   UCB2I2COA_H
00000672   UCB2I2CSA
00000672   UCB2I2CSA_L
00000673   UCB2I2CSA_H
0000067c   UCB2ICTL
0000067c   UCB2ICTL_L
0000067d   UCB2ICTL_H
0000067e   UCB2IV
00000680   UCA3CTLW0
00000680   UCA3CTLW0_L
00000681   UCA3CTLW0_H
00000686   UCA3BRW
00000686   UCA3BRW_L
00000687   UCA3BRW_H
00000688   UCA3MCTL
0000068a   UCA3STAT
0000068c   UCA3RXBUF
0000068e   UCA3TXBUF
00000690   UCA3ABCTL
00000692   UCA3IRCTL
00000692   UCA3IRCTL_L
00000693   UCA3IRCTL_H
0000069c   UCA3ICTL
0000069c   UCA3ICTL_L
0000069d   UCA3ICTL_H
0000069e   UCA3IV
000006a0   UCB3CTLW0
000006a0   UCB3CTLW0_L
000006a1   UCB3CTLW0_H
000006a6   UCB3BRW
000006a6   UCB3BRW_L
000006a7   UCB3BRW_H
000006aa   UCB3STAT
000006ac   UCB3RXBUF
000006ae   UCB3TXBUF
000006b0   UCB3I2COA
000006b0   UCB3I2COA_L
000006b1   UCB3I2COA_H
000006b2   UCB3I2CSA
000006b2   UCB3I2CSA_L
000006b3   UCB3I2CSA_H
000006bc   UCB3ICTL
000006bc   UCB3ICTL_L
000006bd   UCB3ICTL_H
000006be   UCB3IV
00000700   ADC12CTL0
00000700   ADC12CTL0_L
00000701   ADC12CTL0_H
00000702   ADC12CTL1
00000702   ADC12CTL1_L
00000703   ADC12CTL1_H
00000704   ADC12CTL2
00000704   ADC12CTL2_L
00000705   ADC12CTL2_H
0000070a   ADC12IFG
0000070a   ADC12IFG_L
0000070b   ADC12IFG_H
0000070c   ADC12IE
0000070c   ADC12IE_L
0000070d   ADC12IE_H
0000070e   ADC12IV
0000070e   ADC12IV_L
0000070f   ADC12IV_H
00000710   ADC12MCTL0
00000711   ADC12MCTL1
00000712   ADC12MCTL2
00000713   ADC12MCTL3
00000714   ADC12MCTL4
00000715   ADC12MCTL5
00000716   ADC12MCTL6
00000717   ADC12MCTL7
00000718   ADC12MCTL8
00000719   ADC12MCTL9
0000071a   ADC12MCTL10
0000071b   ADC12MCTL11
0000071c   ADC12MCTL12
0000071d   ADC12MCTL13
0000071e   ADC12MCTL14
0000071f   ADC12MCTL15
00000720   ADC12MEM0
00000720   ADC12MEM0_L
00000721   ADC12MEM0_H
00000722   ADC12MEM1
00000722   ADC12MEM1_L
00000723   ADC12MEM1_H
00000724   ADC12MEM2
00000724   ADC12MEM2_L
00000725   ADC12MEM2_H
00000726   ADC12MEM3
00000726   ADC12MEM3_L
00000727   ADC12MEM3_H
00000728   ADC12MEM4
00000728   ADC12MEM4_L
00000729   ADC12MEM4_H
0000072a   ADC12MEM5
0000072a   ADC12MEM5_L
0000072b   ADC12MEM5_H
0000072c   ADC12MEM6
0000072c   ADC12MEM6_L
0000072d   ADC12MEM6_H
0000072e   ADC12MEM7
0000072e   ADC12MEM7_L
0000072f   ADC12MEM7_H
00000730   ADC12MEM8
00000730   ADC12MEM8_L
00000731   ADC12MEM8_H
00000732   ADC12MEM9
00000732   ADC12MEM9_L
00000733   ADC12MEM9_H
00000734   ADC12MEM10
00000734   ADC12MEM10_L
00000735   ADC12MEM10_H
00000736   ADC12MEM11
00000736   ADC12MEM11_L
00000737   ADC12MEM11_H
00000738   ADC12MEM12
00000738   ADC12MEM12_L
00000739   ADC12MEM12_H
0000073a   ADC12MEM13
0000073a   ADC12MEM13_L
0000073b   ADC12MEM13_H
0000073c   ADC12MEM14
0000073c   ADC12MEM14_L
0000073d   ADC12MEM14_H
0000073e   ADC12MEM15
0000073e   ADC12MEM15_L
0000073f   ADC12MEM15_H
00001c00   AnodeOnlySpectrumData
000027b8   DoubleSpectrumData
00003370   SingleSpectrumData
00003f28   LightCurve
000043d8   CurrentUARTMode
000043da   MeasurementPeriod
000043dc   ACQCompleted
000043de   SpectrumInterval
000043e6   second
000043e8   TriggerNumber
000043ea   LastOperationMode
000043ec   CurrentOperationMode
000043ee   ExecutionNumber
000043f0   WDTNumber
000043f2   RawDataNumber
000043f6   SpectrumSingleNumber
000043fa   SpectrumDoubleNumber
000043fe   AnodeOnlySpectrumNumber
00004402   LightCurveDataNumber
00004406   ConfigNumber
0000440a   HitNumber
0000440c   CommandFileNumber
00004410   CommandOffsetNumber
00004414   CommandLengthNumber
00004418   _ZN6MSP43016SelectedTA0TimerE
00004419   _ZN6MSP43016SelectedTA1TimerE
0000441a   _ZN6MSP4309TA0PeriodE
0000441c   _ZN6MSP43010TA0CounterE
0000441e   _ZN6MSP4309TA1PeriodE
00004420   _ZN6MSP43010TA1CounterE
00004422   _ZN6MSP4309TB0PeriodE
00004424   _ZN6MSP43010TB0CounterE
00004426   _ZN6MSP43011TA0_1PeriodE
00004428   _ZN6MSP43012TA0_1CounterE
0000442a   _ZN6MSP43011TA1_1PeriodE
0000442c   _ZN6MSP43012TA1_1CounterE
0000442e   RTC_AsCharArray
0000443c   _ZN6MSP4309TotalDataE
0000443e   _ZN6MSP43011DataCounterE
00004440   _ZN6MSP43013HeaderCounterE
00004442   _ZN6MSP4309DataReadyE
00004443   _ZN6MSP43015IsDataExcpectedE
00004444   _ZN6MSP43010UART_PhaseE
00004446   _lock
0000444a   _unlock
0000444e   _ZN6MSP4305ValueE
00004450   _ZN6MSP43016ADCInterruptFlagE
00004451   _ZN6MSP4301iE
00004456   _ZN6MSP4309RXByteCtrE
00004457   _ZN6MSP4304busyE
00004458   INS
0000445c   fatfs
0000468a   HitBuffer
000048a6   Packet
00004aa6   ReceivedData
00004ca6   _ZN6MSP43010DataBufferE
00004ea6   _ZN6MSP4306RxDataE
00004fa6   ChannelConfigs
0000507e   TCLK
00005084   READ
0000508a   SHRCLK
00005090   SIN
00005096   TIN
0000509c   CIN
000050a2   CSHIFT
000050a8   CS
000050ae   CLS
000050b4   CLF
000050ba   ACQ
000050c0   ENABLE_5V
000050c6   ENABLE_HV
000050cc   ENABLE_HV_POWER
000050d2   ENABLE_ADC
000050d8   TEST
000050de   TS1
000050e4   TS2
000050ea   TOUT
000050f0   SOUT
000050f6   OVRFLOW
000050fc   adc
000050fe   ADCACQTimer
00005100   RENA
00005108   OBC
0000510e   pc
00005110   TriggeredChannels
00005134   file
00005158   dir
00005174   _ZN6MSP43012HeaderBufferE
00005180   RawDataFileNumberChar
00005184   RawDataLengthNumberChar
00005188   Sec_Callback
0000518c   SpectrumDataFileNumberChar
00005190   SpectrumDataLengthNumberChar
00005194   _ZN6MSP43011I2C_RECEIVEE
00005198   _ZN6MSP43013CommandVectorE
0000519c   _ZN6MSP43016TimerA0InterruptE
000051a0   _ZN6MSP43016TimerA1InterruptE
000051a4   _ZN6MSP43016TimerB0InterruptE
000051a8   _ZN6MSP43018TimerA0_1InterruptE
000051ac   _ZN6MSP43018TimerA1_1InterruptE
000051b0   _ZN6MSP43020interruptVectorPORT2E
000051b4   _ZN6MSP4307PTxDataE
000051b8   __TI_cleanup_ptr
000051bc   __TI_dtors_ptr
000051c0   __dso_handle
000051c4   rtcAlarm_Callback
000051d2   _ZN6MSP4309CharValueE
000051d4   errCode
000051dc   _sys_memory
00005b60   _stack
00005c00   _ZN6MSP43011USCI_A0_ISREv
00005c00   __STACK_END
00005d56   _ZN6MSP43011USCI_B0_ISREv
00005dc2   _ZN6MSP43013TIMER0_A0_ISREv
00005e04   _ZN6MSP43013TIMER1_A1_ISREv
00005e46   _Z7RTC_ISRv
00005e70   _ZN6MSP43013TIMER0_B0_ISREv
00005e90   _c_int00
00005e90   _c_int00_noargs
00005eac   _ZN6MSP4306Port_2Ev
00005ec2   _ZN6MSP4309ADC12_ISREv
00005ed6   __TI_INITARRAY_Base
00005eda   __TI_INITARRAY_Limit
000060b8   _ZTSN10__cxxabiv120__si_class_type_infoE
000060de   _ZTSN10__cxxabiv117__class_type_infoE
0000613c   _ZTVN10__cxxabiv117__class_type_infoE
0000614c   _ZTVN10__cxxabiv120__si_class_type_infoE
0000615c   _ZTVN6MSP4303I2CE
0000616c   _ZTSN6MSP4303I2CE
0000617a   _ZTSSt9type_info
00006188   _ZTIN10__cxxabiv117__class_type_infoE
00006194   _ZTIN10__cxxabiv120__si_class_type_infoE
000061a8   _ZTIN6MSP4303I2CE
000061b0   _ZTISt9type_info
000061de   __TI_Handler_Table_Base
000061ea   __TI_Handler_Table_Limit
000061f0   __TI_CINIT_Base
00006200   __TI_CINIT_Limit
0000ffd2   __TI_int41
0000ffd4   __TI_int42
0000ffd6   __TI_int43
0000ffd8   __TI_int44
0000ffda   __TI_int45
0000ffdc   __TI_int46
0000ffde   __TI_int47
0000ffe0   __TI_int48
0000ffe2   __TI_int49
0000ffe4   __TI_int50
0000ffe6   __TI_int51
0000ffe8   __TI_int52
0000ffea   __TI_int53
0000ffec   __TI_int54
0000ffee   __TI_int55
0000fff0   __TI_int56
0000fff2   __TI_int57
0000fff4   __TI_int58
0000fff6   __TI_int59
0000fff8   __TI_int60
0000fffa   __TI_int61
0000fffc   __TI_int62
0000fffe   _reset_vector
00010000   _Z16RunOperationMode14Operation_Mode
00010830   _Z18UARTCommandHandler9UART_Mode
00011036   _ZN6MSP4304rena13ConfigureRenaEPNS_13channelconfigEhNS_6pulsarES3_S3_
00011a2a   __TI_frcdivd
00011e7c   _Z13GetSystemInfoPhR14Operation_ModeRjS2_RmS3_S3_S3_
000121dc   _Z16UpdateSystemInfoPh14Operation_Modejjmmmm
000124f2   _ZN6MSP4304rena11CheckConfigEv
000127f6   __TI_frcmpyd
00012ada   __mspabi_addd
00012db2   _Z11OBC_HandlerPhj
00013074   f_write
00013312   __mspabi_mpyd
00013594   __TI_frcaddd
000137e6   f_lseek
00013a36   f_open
00013c5a   __mspabi_divd
00013e7c   _Z12TS_Interruptv
00014074   f_read
00014266   __sti___8_main_cpp_TCLK
00014428   _ZN6MSP4303ADC24ReadAllValuesToCharArrayEPh
000145e8   _Z21AddSpectrumDoubleDataPA100_jm
00014798   _Z21AddSpectrumSingleDataPA100_jm
00014948   _Z24AddAnodeOnlySpectrumDataPA100_jm
00014af8   put_fat
00014e00   disk_initialize
00014f44   get_fat
00015084   _Z11ReportEvent13StatusReportsm
000152f2   _Z11ReadRawDataPhjmm
0001541e   _Z16ReadSpectrumDataPhjmm
0001554a   _Z10AddRawDataPhjm
00015674   _Z17AddLightCurveDataPjm
000159ba   disk_ioctl
00015aae   _Z20GetRawDataFileLengthm
00015ba0   _Z25GetSpectrumDataFileLengthm
00015c92   main
00015e6e   __mspabi_cmpd
00015f46   _Z11ReportEvent13StatusReports
00016014   _ZN6MSP4304UART4SendEPhj
00016190   disk_write
0001624c   _Z17getRTCasByteArrayPh
00016306   malloc
000163c0   _ZN6MSP4304UARTC1ENS_3BUSEmPFvhPhjE
000163c0   _ZN6MSP4304UARTC2ENS_3BUSEmPFvhPhjE
000165dc   __TI_renormd
0001668e   _Z18AssembleDataPacketPhj
00016736   f_opendir
000167de   _ZN6MSP4305Timer5StartEj
00016882   f_sync
000169c2   disk_read
00016ae6   free
00016b74   _Z20ADCACQTimerInterruptv
00016c00   _ZN6MSP4304rena9ReloadSINEmjNS_6pulsarES1_Ph
00016d0e   _ZN6MSP4303ADC17SingleReadVoltageENS_10ADCChannelE
00016d8c   _ZN6MSP4306pulsar16GenerateSHRClockEmjS0_Ph
00016e0a   __mspabi_fltuld
00016e80   _auto_init_hold_wdt
00016eee   __mspabi_fixdul
00016f56   _ZN6MSP4305Timer4StopEv
0001701a   _system_pre_init
000170d0   __mspabi_divul
000170d0   __mspabi_remul
00017180   _ZN6MSP4305TimerC1ENS_5TIMEREPFvvE
00017180   _ZN6MSP4305TimerC2ENS_5TIMEREPFvvE
000171d6   __cxa_finalize
0001722c   _Z20ConvertToEnergyAnodedh
000172d0   SetVcoreUp
0001736c   _ZN6MSP4306pulsarC1EPhhNS_13InterruptTypeEPFvvE
0001736c   _ZN6MSP4306pulsarC2EPhhNS_13InterruptTypeEPFvvE
000173ba   _Z7UlToStrPcmh
00017406   _ZN6MSP4303ADC26SingleReadValueAsCharArrayENS_10ADCChannelE
0001744e   SDCard_init
00017494   _ZN6MSP4303ADC15SingleReadValueENS_10ADCChannelE
000174d6   minit
00017518   _ZN6MSP4303I2CC1ENS_3BUSEPFvPhjE
00017518   _ZN6MSP4303I2CC2ENS_3BUSEPFvPhjE
00017556   clust2sect
00017594   __mspabi_sral_15
00017598   __mspabi_sral_14
0001759c   __mspabi_sral_13
000175a0   __mspabi_sral_12
000175a4   __mspabi_sral_11
000175a8   __mspabi_sral_10
000175ac   __mspabi_sral_9
000175b0   __mspabi_sral_8
000175b4   __mspabi_sral_7
000175b8   __mspabi_sral_6
000175bc   __mspabi_sral_5
000175c0   __mspabi_sral_4
000175c4   __mspabi_sral_3
000175c8   __mspabi_sral_2
000175cc   __mspabi_sral_1
000175d2   __mspabi_slll_15
000175d6   __mspabi_slll_14
000175da   __mspabi_slll_13
000175de   __mspabi_slll_12
000175e2   __mspabi_slll_11
000175e6   __mspabi_slll_10
000175ea   __mspabi_slll_9
000175ee   __mspabi_slll_8
000175f2   __mspabi_slll_7
000175f6   __mspabi_slll_6
000175fa   __mspabi_slll_5
000175fe   __mspabi_slll_4
00017602   __mspabi_slll_3
00017606   __mspabi_slll_2
0001760a   __mspabi_slll_1
00017610   __mspabi_srll_15
00017614   __mspabi_srll_14
00017618   __mspabi_srll_13
0001761c   __mspabi_srll_12
00017620   __mspabi_srll_11
00017624   __mspabi_srll_10
00017628   __mspabi_srll_9
0001762c   __mspabi_srll_8
00017630   __mspabi_srll_7
00017634   __mspabi_srll_6
00017638   __mspabi_srll_5
0001763c   __mspabi_srll_4
00017640   __mspabi_srll_3
00017644   __mspabi_srll_2
00017648   __mspabi_srll_1
0001764e   _Z13CommandVectorhPhj
0001768a   SDCard_readFrame
000176f8   _Z7initRTCiiiiiii
0001772c   f_mount
0001775e   _Z8fat_initv
0001778e   SDCard_sendFrame
000177bc   _Z24CompareCharArrayToStringPhPKcj
000177ea   exit
00017818   _ZN6MSP4306pulsarC1EPhhb
00017818   _ZN6MSP4306pulsarC2EPhhb
00017870   _ZN6MSP4306pulsar3getEv
00017896   __TI_zero_init
000178ba   __mspabi_mpyl_f5hw
000178dc   disk_status
000178fc   _ZN6MSP4306pulsar3setEb
0001791a   _Z34DetermineNumberOfTriggeredChannelsPhh
00017936   _Z18RTCSecondInterruptv
00017950   _Z5delayj
00017982   _ZN6MSP4306pulsarC1EPhh
00017982   _ZN6MSP4306pulsarC2EPhh
000179ae   f_close
000179c4   memset
000179da   __mspabi_mpyi_f5hw
00017a04   memcpy
00017a18   SDCard_fastMode
00017a2a   __mspabi_fixdu
00017a3c   __TI_decompress_none
00017a84   __mspabi_sral
00017a94   __mspabi_slll
00017aa4   __mspabi_srll
00017ab4   _ZN6MSP4306pulsar15EnableInterruptEv
00017ac2   _Z9enableSecPFvvE
00017ace   _ZN10__cxxabiv117__class_type_infoD0Ev
00017ad8   _ZN10__cxxabiv120__si_class_type_infoD0Ev
00017ae2   _ZN6MSP4303I2CD0Ev
00017aec   _ZdlPv
00017af6   get_fattime
00017b00   __mspabi_srai
00017b0a   _Z10disableSecv
00017b12   _Z8startRTCv
00017b1a   _ZN6MSP4303I2C4SendEPh
00017b22   SDCard_setCSHigh
00017b28   SDCard_setCSLow
00017b2e   __TI_ISR_TRAP
00017b34   __cxa_ia64_exit
00017b3a   __mspabi_fltud
00017b40   __TI_decompress_rle24
00017b52   __cxa_atexit
00017b56   C$$EXIT
00017b56   abort
00017b5a   _ZN10__cxxabiv117__class_type_infoD1Ev
00017b5a   _ZN10__cxxabiv117__class_type_infoD2Ev
00017b5c   _ZN10__cxxabiv120__si_class_type_infoD1Ev
00017b5c   _ZN10__cxxabiv120__si_class_type_infoD2Ev
00017b5e   _ZN6MSP4303ADCC1Ev
00017b5e   _ZN6MSP4303ADCC2Ev
00017b60   _ZN6MSP4303I2CD1Ev
00017b60   _ZN6MSP4303I2CD2Ev
00017b62   _ZN6MSP4304renaC1Ev
00017b62   _ZN6MSP4304renaC2Ev
00017b64   _nop
ffffffff   __binit__
ffffffff   __c_args__
ffffffff   binit

[1024 symbols]
