<?xml version="1.0"?>
<link_info>
   <banner>MSP430 Linker PC v4.3.3</banner>
   <copyright>Copyright (c) 2003-2014 Texas Instruments Incorporated</copyright>
   <link_time>0x56a0cc4c</link_time>
   <link_errors>0x0</link_errors>
   <output_file>XRD.out</output_file>
   <entry_point>
      <name>_c_int00</name>
      <address>0x5e90</address>
   </entry_point>
   <input_file_list>
      <input_file id="fl-2">
         <path>.\</path>
         <kind>object</kind>
         <file>AD9243.obj</file>
         <name>AD9243.obj</name>
      </input_file>
      <input_file id="fl-3">
         <path>.\</path>
         <kind>object</kind>
         <file>ADC.obj</file>
         <name>ADC.obj</name>
      </input_file>
      <input_file id="fl-4">
         <path>.\</path>
         <kind>object</kind>
         <file>ByteFunctions.obj</file>
         <name>ByteFunctions.obj</name>
      </input_file>
      <input_file id="fl-5">
         <path>.\</path>
         <kind>object</kind>
         <file>HAL_SDCard.obj</file>
         <name>HAL_SDCard.obj</name>
      </input_file>
      <input_file id="fl-6">
         <path>.\</path>
         <kind>object</kind>
         <file>I2C.obj</file>
         <name>I2C.obj</name>
      </input_file>
      <input_file id="fl-7">
         <path>.\</path>
         <kind>object</kind>
         <file>MemoryHandling.obj</file>
         <name>MemoryHandling.obj</name>
      </input_file>
      <input_file id="fl-8">
         <path>.\</path>
         <kind>object</kind>
         <file>RTC.obj</file>
         <name>RTC.obj</name>
      </input_file>
      <input_file id="fl-9">
         <path>.\</path>
         <kind>object</kind>
         <file>SPI.obj</file>
         <name>SPI.obj</name>
      </input_file>
      <input_file id="fl-a">
         <path>.\</path>
         <kind>object</kind>
         <file>Timer.obj</file>
         <name>Timer.obj</name>
      </input_file>
      <input_file id="fl-b">
         <path>.\</path>
         <kind>object</kind>
         <file>UART.obj</file>
         <name>UART.obj</name>
      </input_file>
      <input_file id="fl-c">
         <path>.\</path>
         <kind>object</kind>
         <file>ff.obj</file>
         <name>ff.obj</name>
      </input_file>
      <input_file id="fl-d">
         <path>.\</path>
         <kind>object</kind>
         <file>main.obj</file>
         <name>main.obj</name>
      </input_file>
      <input_file id="fl-e">
         <path>.\</path>
         <kind>object</kind>
         <file>mmc.obj</file>
         <name>mmc.obj</name>
      </input_file>
      <input_file id="fl-f">
         <path>.\</path>
         <kind>object</kind>
         <file>pre_init.obj</file>
         <name>pre_init.obj</name>
      </input_file>
      <input_file id="fl-10">
         <path>.\</path>
         <kind>object</kind>
         <file>pulsar.obj</file>
         <name>pulsar.obj</name>
      </input_file>
      <input_file id="fl-11">
         <path>.\</path>
         <kind>object</kind>
         <file>rena.obj</file>
         <name>rena.obj</name>
      </input_file>
      <input_file id="fl-40">
         <path>c:\ti\ccsv6\tools\compiler\msp430_4.3.3\lib\</path>
         <kind>archive</kind>
         <file>rts430x_lc_rd_eabi.lib</file>
         <name>addd.obj</name>
      </input_file>
      <input_file id="fl-41">
         <path>c:\ti\ccsv6\tools\compiler\msp430_4.3.3\lib\</path>
         <kind>archive</kind>
         <file>rts430x_lc_rd_eabi.lib</file>
         <name>asr16.obj</name>
      </input_file>
      <input_file id="fl-42">
         <path>c:\ti\ccsv6\tools\compiler\msp430_4.3.3\lib\</path>
         <kind>archive</kind>
         <file>rts430x_lc_rd_eabi.lib</file>
         <name>boot.obj</name>
      </input_file>
      <input_file id="fl-43">
         <path>c:\ti\ccsv6\tools\compiler\msp430_4.3.3\lib\</path>
         <kind>archive</kind>
         <file>rts430x_lc_rd_eabi.lib</file>
         <name>cmpd.obj</name>
      </input_file>
      <input_file id="fl-44">
         <path>c:\ti\ccsv6\tools\compiler\msp430_4.3.3\lib\</path>
         <kind>archive</kind>
         <file>rts430x_lc_rd_eabi.lib</file>
         <name>copy_decompress_none.obj</name>
      </input_file>
      <input_file id="fl-45">
         <path>c:\ti\ccsv6\tools\compiler\msp430_4.3.3\lib\</path>
         <kind>archive</kind>
         <file>rts430x_lc_rd_eabi.lib</file>
         <name>copy_decompress_rle.obj</name>
      </input_file>
      <input_file id="fl-46">
         <path>c:\ti\ccsv6\tools\compiler\msp430_4.3.3\lib\</path>
         <kind>archive</kind>
         <file>rts430x_lc_rd_eabi.lib</file>
         <name>copy_zero_init.obj</name>
      </input_file>
      <input_file id="fl-47">
         <path>c:\ti\ccsv6\tools\compiler\msp430_4.3.3\lib\</path>
         <kind>archive</kind>
         <file>rts430x_lc_rd_eabi.lib</file>
         <name>delete.obj</name>
      </input_file>
      <input_file id="fl-48">
         <path>c:\ti\ccsv6\tools\compiler\msp430_4.3.3\lib\</path>
         <kind>archive</kind>
         <file>rts430x_lc_rd_eabi.lib</file>
         <name>div32u.obj</name>
      </input_file>
      <input_file id="fl-49">
         <path>c:\ti\ccsv6\tools\compiler\msp430_4.3.3\lib\</path>
         <kind>archive</kind>
         <file>rts430x_lc_rd_eabi.lib</file>
         <name>divd.obj</name>
      </input_file>
      <input_file id="fl-4a">
         <path>c:\ti\ccsv6\tools\compiler\msp430_4.3.3\lib\</path>
         <kind>archive</kind>
         <file>rts430x_lc_rd_eabi.lib</file>
         <name>dtor_list.obj</name>
      </input_file>
      <input_file id="fl-4b">
         <path>c:\ti\ccsv6\tools\compiler\msp430_4.3.3\lib\</path>
         <kind>archive</kind>
         <file>rts430x_lc_rd_eabi.lib</file>
         <name>exit.obj</name>
      </input_file>
      <input_file id="fl-4c">
         <path>c:\ti\ccsv6\tools\compiler\msp430_4.3.3\lib\</path>
         <kind>archive</kind>
         <file>rts430x_lc_rd_eabi.lib</file>
         <name>fixdu.obj</name>
      </input_file>
      <input_file id="fl-4d">
         <path>c:\ti\ccsv6\tools\compiler\msp430_4.3.3\lib\</path>
         <kind>archive</kind>
         <file>rts430x_lc_rd_eabi.lib</file>
         <name>fixdul.obj</name>
      </input_file>
      <input_file id="fl-4e">
         <path>c:\ti\ccsv6\tools\compiler\msp430_4.3.3\lib\</path>
         <kind>archive</kind>
         <file>rts430x_lc_rd_eabi.lib</file>
         <name>fltud.obj</name>
      </input_file>
      <input_file id="fl-4f">
         <path>c:\ti\ccsv6\tools\compiler\msp430_4.3.3\lib\</path>
         <kind>archive</kind>
         <file>rts430x_lc_rd_eabi.lib</file>
         <name>fltuld.obj</name>
      </input_file>
      <input_file id="fl-50">
         <path>c:\ti\ccsv6\tools\compiler\msp430_4.3.3\lib\</path>
         <kind>archive</kind>
         <file>rts430x_lc_rd_eabi.lib</file>
         <name>frcaddd.obj</name>
      </input_file>
      <input_file id="fl-51">
         <path>c:\ti\ccsv6\tools\compiler\msp430_4.3.3\lib\</path>
         <kind>archive</kind>
         <file>rts430x_lc_rd_eabi.lib</file>
         <name>frcdivd.obj</name>
      </input_file>
      <input_file id="fl-52">
         <path>c:\ti\ccsv6\tools\compiler\msp430_4.3.3\lib\</path>
         <kind>archive</kind>
         <file>rts430x_lc_rd_eabi.lib</file>
         <name>int43.obj</name>
      </input_file>
      <input_file id="fl-53">
         <path>c:\ti\ccsv6\tools\compiler\msp430_4.3.3\lib\</path>
         <kind>archive</kind>
         <file>rts430x_lc_rd_eabi.lib</file>
         <name>int44.obj</name>
      </input_file>
      <input_file id="fl-54">
         <path>c:\ti\ccsv6\tools\compiler\msp430_4.3.3\lib\</path>
         <kind>archive</kind>
         <file>rts430x_lc_rd_eabi.lib</file>
         <name>int45.obj</name>
      </input_file>
      <input_file id="fl-55">
         <path>c:\ti\ccsv6\tools\compiler\msp430_4.3.3\lib\</path>
         <kind>archive</kind>
         <file>rts430x_lc_rd_eabi.lib</file>
         <name>int46.obj</name>
      </input_file>
      <input_file id="fl-56">
         <path>c:\ti\ccsv6\tools\compiler\msp430_4.3.3\lib\</path>
         <kind>archive</kind>
         <file>rts430x_lc_rd_eabi.lib</file>
         <name>int47.obj</name>
      </input_file>
      <input_file id="fl-57">
         <path>c:\ti\ccsv6\tools\compiler\msp430_4.3.3\lib\</path>
         <kind>archive</kind>
         <file>rts430x_lc_rd_eabi.lib</file>
         <name>int48.obj</name>
      </input_file>
      <input_file id="fl-58">
         <path>c:\ti\ccsv6\tools\compiler\msp430_4.3.3\lib\</path>
         <kind>archive</kind>
         <file>rts430x_lc_rd_eabi.lib</file>
         <name>int50.obj</name>
      </input_file>
      <input_file id="fl-59">
         <path>c:\ti\ccsv6\tools\compiler\msp430_4.3.3\lib\</path>
         <kind>archive</kind>
         <file>rts430x_lc_rd_eabi.lib</file>
         <name>int51.obj</name>
      </input_file>
      <input_file id="fl-5a">
         <path>c:\ti\ccsv6\tools\compiler\msp430_4.3.3\lib\</path>
         <kind>archive</kind>
         <file>rts430x_lc_rd_eabi.lib</file>
         <name>int52.obj</name>
      </input_file>
      <input_file id="fl-5b">
         <path>c:\ti\ccsv6\tools\compiler\msp430_4.3.3\lib\</path>
         <kind>archive</kind>
         <file>rts430x_lc_rd_eabi.lib</file>
         <name>int53.obj</name>
      </input_file>
      <input_file id="fl-5c">
         <path>c:\ti\ccsv6\tools\compiler\msp430_4.3.3\lib\</path>
         <kind>archive</kind>
         <file>rts430x_lc_rd_eabi.lib</file>
         <name>int58.obj</name>
      </input_file>
      <input_file id="fl-5d">
         <path>c:\ti\ccsv6\tools\compiler\msp430_4.3.3\lib\</path>
         <kind>archive</kind>
         <file>rts430x_lc_rd_eabi.lib</file>
         <name>int59.obj</name>
      </input_file>
      <input_file id="fl-5e">
         <path>c:\ti\ccsv6\tools\compiler\msp430_4.3.3\lib\</path>
         <kind>archive</kind>
         <file>rts430x_lc_rd_eabi.lib</file>
         <name>int61.obj</name>
      </input_file>
      <input_file id="fl-5f">
         <path>c:\ti\ccsv6\tools\compiler\msp430_4.3.3\lib\</path>
         <kind>archive</kind>
         <file>rts430x_lc_rd_eabi.lib</file>
         <name>int62.obj</name>
      </input_file>
      <input_file id="fl-60">
         <path>c:\ti\ccsv6\tools\compiler\msp430_4.3.3\lib\</path>
         <kind>archive</kind>
         <file>rts430x_lc_rd_eabi.lib</file>
         <name>isr_trap.obj</name>
      </input_file>
      <input_file id="fl-61">
         <path>c:\ti\ccsv6\tools\compiler\msp430_4.3.3\lib\</path>
         <kind>archive</kind>
         <file>rts430x_lc_rd_eabi.lib</file>
         <name>lsl16.obj</name>
      </input_file>
      <input_file id="fl-62">
         <path>c:\ti\ccsv6\tools\compiler\msp430_4.3.3\lib\</path>
         <kind>archive</kind>
         <file>rts430x_lc_rd_eabi.lib</file>
         <name>lsl32.obj</name>
      </input_file>
      <input_file id="fl-63">
         <path>c:\ti\ccsv6\tools\compiler\msp430_4.3.3\lib\</path>
         <kind>archive</kind>
         <file>rts430x_lc_rd_eabi.lib</file>
         <name>lsr32.obj</name>
      </input_file>
      <input_file id="fl-64">
         <path>c:\ti\ccsv6\tools\compiler\msp430_4.3.3\lib\</path>
         <kind>archive</kind>
         <file>rts430x_lc_rd_eabi.lib</file>
         <name>memcpy.obj</name>
      </input_file>
      <input_file id="fl-65">
         <path>c:\ti\ccsv6\tools\compiler\msp430_4.3.3\lib\</path>
         <kind>archive</kind>
         <file>rts430x_lc_rd_eabi.lib</file>
         <name>memory.obj</name>
      </input_file>
      <input_file id="fl-66">
         <path>c:\ti\ccsv6\tools\compiler\msp430_4.3.3\lib\</path>
         <kind>archive</kind>
         <file>rts430x_lc_rd_eabi.lib</file>
         <name>memset.obj</name>
      </input_file>
      <input_file id="fl-67">
         <path>c:\ti\ccsv6\tools\compiler\msp430_4.3.3\lib\</path>
         <kind>archive</kind>
         <file>rts430x_lc_rd_eabi.lib</file>
         <name>mpu_init.obj</name>
      </input_file>
      <input_file id="fl-68">
         <path>c:\ti\ccsv6\tools\compiler\msp430_4.3.3\lib\</path>
         <kind>archive</kind>
         <file>rts430x_lc_rd_eabi.lib</file>
         <name>mpyd.obj</name>
      </input_file>
      <input_file id="fl-69">
         <path>c:\ti\ccsv6\tools\compiler\msp430_4.3.3\lib\</path>
         <kind>archive</kind>
         <file>rts430x_lc_rd_eabi.lib</file>
         <name>mult16_f5hw.obj</name>
      </input_file>
      <input_file id="fl-6a">
         <path>c:\ti\ccsv6\tools\compiler\msp430_4.3.3\lib\</path>
         <kind>archive</kind>
         <file>rts430x_lc_rd_eabi.lib</file>
         <name>mult32_f5hw.obj</name>
      </input_file>
      <input_file id="fl-6b">
         <path>c:\ti\ccsv6\tools\compiler\msp430_4.3.3\lib\</path>
         <kind>archive</kind>
         <file>rts430x_lc_rd_eabi.lib</file>
         <name>renormd.obj</name>
      </input_file>
      <input_file id="fl-6c">
         <path>c:\ti\ccsv6\tools\compiler\msp430_4.3.3\lib\</path>
         <kind>archive</kind>
         <file>rts430x_lc_rd_eabi.lib</file>
         <name>typeinfo_.obj</name>
      </input_file>
      <input_file id="fl-6d">
         <path>c:\ti\ccsv6\tools\compiler\msp430_4.3.3\lib\</path>
         <kind>archive</kind>
         <file>rts430x_lc_rd_eabi.lib</file>
         <name>_lock.obj</name>
      </input_file>
      <input_file id="fl-6e">
         <path>c:\ti\ccsv6\tools\compiler\msp430_4.3.3\lib\</path>
         <kind>archive</kind>
         <file>rts430x_lc_rd_eabi.lib</file>
         <name>args_main.obj</name>
      </input_file>
      <input_file id="fl-6f">
         <path>c:\ti\ccsv6\tools\compiler\msp430_4.3.3\lib\</path>
         <kind>archive</kind>
         <file>rts430x_lc_rd_eabi.lib</file>
         <name>asr32.obj</name>
      </input_file>
      <input_file id="fl-70">
         <path>c:\ti\ccsv6\tools\compiler\msp430_4.3.3\lib\</path>
         <kind>archive</kind>
         <file>rts430x_lc_rd_eabi.lib</file>
         <name>autoinit.obj</name>
      </input_file>
      <input_file id="fl-71">
         <path>c:\ti\ccsv6\tools\compiler\msp430_4.3.3\lib\</path>
         <kind>archive</kind>
         <file>rts430x_lc_rd_eabi.lib</file>
         <name>frcmpyd.obj</name>
      </input_file>
   </input_file_list>
   <object_component_list>
      <object_component id="oc-9c">
         <name>.sysmem</name>
         <uninitialized>true</uninitialized>
         <run_address>0x52b0</run_address>
         <size>0x6</size>
         <input_file_ref idref="fl-65"/>
      </object_component>
      <object_component id="oc-84c">
         <name>.sysmem</name>
         <uninitialized>true</uninitialized>
         <run_address>0x52b0</run_address>
         <size>0x0</size>
      </object_component>
      <object_component id="oc-98">
         <name>.stack</name>
         <uninitialized>true</uninitialized>
         <run_address>0x5b60</run_address>
         <size>0x4</size>
         <input_file_ref idref="fl-42"/>
      </object_component>
      <object_component id="oc-84b">
         <name>.stack</name>
         <uninitialized>true</uninitialized>
         <run_address>0x5b60</run_address>
         <size>0x0</size>
      </object_component>
      <object_component id="oc-17e">
         <name>.text:_Z18UARTCommandHandler9UART_Mode</name>
         <load_address>0x10000</load_address>
         <run_address>0x10000</run_address>
         <size>0xc34</size>
         <input_file_ref idref="fl-d"/>
      </object_component>
      <object_component id="oc-184">
         <name>.text:_Z16RunOperationMode14Operation_Mode</name>
         <load_address>0x10c34</load_address>
         <run_address>0x10c34</run_address>
         <size>0x74e</size>
         <input_file_ref idref="fl-d"/>
      </object_component>
      <object_component id="oc-334">
         <name>.text:_ZN6MSP4304rena13ConfigureRenaEPNS_13channelconfigEhNS_6pulsarES3_S3_</name>
         <load_address>0x11382</load_address>
         <run_address>0x11382</run_address>
         <size>0x518</size>
         <input_file_ref idref="fl-11"/>
      </object_component>
      <object_component id="oc-4ad">
         <name>.text:chk_mounted</name>
         <load_address>0x1189a</load_address>
         <run_address>0x1189a</run_address>
         <size>0x4dc</size>
         <input_file_ref idref="fl-c"/>
      </object_component>
      <object_component id="oc-557">
         <name>.text:__TI_frcdivd</name>
         <load_address>0x11d76</load_address>
         <run_address>0x11d76</run_address>
         <size>0x452</size>
         <input_file_ref idref="fl-51"/>
      </object_component>
      <object_component id="oc-149">
         <name>.text:_Z13GetSystemInfoPhR14Operation_ModeRjS2_RmS3_S3_S3_</name>
         <load_address>0x121c8</load_address>
         <run_address>0x121c8</run_address>
         <size>0x360</size>
         <input_file_ref idref="fl-7"/>
      </object_component>
      <object_component id="oc-3dd">
         <name>.text:_Z16UpdateSystemInfoPh14Operation_Modejjmmmm</name>
         <load_address>0x12528</load_address>
         <run_address>0x12528</run_address>
         <size>0x316</size>
         <input_file_ref idref="fl-7"/>
      </object_component>
      <object_component id="oc-3fc">
         <name>.text:_ZN6MSP4304rena11CheckConfigEv</name>
         <load_address>0x1283e</load_address>
         <run_address>0x1283e</run_address>
         <size>0x304</size>
         <input_file_ref idref="fl-11"/>
      </object_component>
      <object_component id="oc-67d">
         <name>.text:__TI_frcmpyd</name>
         <load_address>0x12b42</load_address>
         <run_address>0x12b42</run_address>
         <size>0x2e4</size>
         <input_file_ref idref="fl-71"/>
      </object_component>
      <object_component id="oc-3a6">
         <name>.text:__mspabi_addd</name>
         <load_address>0x12e26</load_address>
         <run_address>0x12e26</run_address>
         <size>0x2d8</size>
         <input_file_ref idref="fl-40"/>
      </object_component>
      <object_component id="oc-c2">
         <name>.text:main</name>
         <load_address>0x130fe</load_address>
         <run_address>0x130fe</run_address>
         <size>0x2ac</size>
         <input_file_ref idref="fl-d"/>
      </object_component>
      <object_component id="oc-57f">
         <name>.text:f_write</name>
         <load_address>0x133aa</load_address>
         <run_address>0x133aa</run_address>
         <size>0x29e</size>
         <input_file_ref idref="fl-c"/>
      </object_component>
      <object_component id="oc-3d1">
         <name>.text:_Z11ReportEvent13StatusReportsmm</name>
         <load_address>0x13648</load_address>
         <run_address>0x13648</run_address>
         <size>0x284</size>
         <input_file_ref idref="fl-7"/>
      </object_component>
      <object_component id="oc-54d">
         <name>.text:__mspabi_mpyd</name>
         <load_address>0x138cc</load_address>
         <run_address>0x138cc</run_address>
         <size>0x282</size>
         <input_file_ref idref="fl-68"/>
      </object_component>
      <object_component id="oc-56e">
         <name>.text:__TI_frcaddd</name>
         <load_address>0x13b4e</load_address>
         <run_address>0x13b4e</run_address>
         <size>0x252</size>
         <input_file_ref idref="fl-50"/>
      </object_component>
      <object_component id="oc-531">
         <name>.text:f_lseek</name>
         <load_address>0x13da0</load_address>
         <run_address>0x13da0</run_address>
         <size>0x250</size>
         <input_file_ref idref="fl-c"/>
      </object_component>
      <object_component id="oc-3bc">
         <name>.text:_Z21AddSpectrumDoubleDataPA100_jm</name>
         <load_address>0x13ff0</load_address>
         <run_address>0x13ff0</run_address>
         <size>0x228</size>
         <input_file_ref idref="fl-7"/>
      </object_component>
      <object_component id="oc-3b6">
         <name>.text:_Z21AddSpectrumSingleDataPA100_jm</name>
         <load_address>0x14218</load_address>
         <run_address>0x14218</run_address>
         <size>0x228</size>
         <input_file_ref idref="fl-7"/>
      </object_component>
      <object_component id="oc-3c2">
         <name>.text:_Z24AddAnodeOnlySpectrumDataPA100_jm</name>
         <load_address>0x14440</load_address>
         <run_address>0x14440</run_address>
         <size>0x228</size>
         <input_file_ref idref="fl-7"/>
      </object_component>
      <object_component id="oc-2aa">
         <name>.text:f_open</name>
         <load_address>0x14668</load_address>
         <run_address>0x14668</run_address>
         <size>0x224</size>
         <input_file_ref idref="fl-c"/>
      </object_component>
      <object_component id="oc-393">
         <name>.text:__mspabi_divd</name>
         <load_address>0x1488c</load_address>
         <run_address>0x1488c</run_address>
         <size>0x222</size>
         <input_file_ref idref="fl-49"/>
      </object_component>
      <object_component id="oc-211">
         <name>.text:_Z11OBC_HandlerPhj</name>
         <load_address>0x14aae</load_address>
         <run_address>0x14aae</run_address>
         <size>0x214</size>
         <input_file_ref idref="fl-d"/>
      </object_component>
      <object_component id="oc-1e7">
         <name>.text:_Z12TS_Interruptv</name>
         <load_address>0x14cc2</load_address>
         <run_address>0x14cc2</run_address>
         <size>0x204</size>
         <input_file_ref idref="fl-d"/>
      </object_component>
      <object_component id="oc-2b1">
         <name>.text:f_read</name>
         <load_address>0x14ec6</load_address>
         <run_address>0x14ec6</run_address>
         <size>0x1f2</size>
         <input_file_ref idref="fl-c"/>
      </object_component>
      <object_component id="oc-10e">
         <name>.text:__sti___8_main_cpp_TCLK</name>
         <load_address>0x150b8</load_address>
         <run_address>0x150b8</run_address>
         <size>0x1c2</size>
         <input_file_ref idref="fl-d"/>
      </object_component>
      <object_component id="oc-2e2">
         <name>.text:_ZN6MSP4303ADC24ReadAllValuesToCharArrayEPh</name>
         <load_address>0x1527a</load_address>
         <run_address>0x1527a</run_address>
         <size>0x1c0</size>
         <input_file_ref idref="fl-3"/>
      </object_component>
      <object_component id="oc-353">
         <name>.text:_Z11ReadRawDataPhjmm</name>
         <load_address>0x1543a</load_address>
         <run_address>0x1543a</run_address>
         <size>0x19a</size>
         <input_file_ref idref="fl-7"/>
      </object_component>
      <object_component id="oc-364">
         <name>.text:_Z17ReadProcessedDataPhjmm</name>
         <load_address>0x155d4</load_address>
         <run_address>0x155d4</run_address>
         <size>0x19a</size>
         <input_file_ref idref="fl-7"/>
      </object_component>
      <object_component id="oc-3f0">
         <name>.text:_Z10AddRawDataPhjm</name>
         <load_address>0x1576e</load_address>
         <run_address>0x1576e</run_address>
         <size>0x198</size>
         <input_file_ref idref="fl-7"/>
      </object_component>
      <object_component id="oc-3cb">
         <name>.text:_Z17AddLightCurveDataPjm</name>
         <load_address>0x15906</load_address>
         <run_address>0x15906</run_address>
         <size>0x194</size>
         <input_file_ref idref="fl-7"/>
      </object_component>
      <object_component id="oc-634">
         <name>.text:put_fat</name>
         <load_address>0x15a9a</load_address>
         <run_address>0x15a9a</run_address>
         <size>0x18a</size>
         <input_file_ref idref="fl-c"/>
      </object_component>
      <object_component id="oc-626">
         <name>.text:dir_next</name>
         <load_address>0x15c24</load_address>
         <run_address>0x15c24</run_address>
         <size>0x17e</size>
         <input_file_ref idref="fl-c"/>
      </object_component>
      <object_component id="oc-602">
         <name>.text:disk_initialize</name>
         <load_address>0x15da2</load_address>
         <run_address>0x15da2</run_address>
         <size>0x144</size>
         <input_file_ref idref="fl-e"/>
      </object_component>
      <object_component id="oc-4e6">
         <name>.text:get_fat</name>
         <load_address>0x15ee6</load_address>
         <run_address>0x15ee6</run_address>
         <size>0x140</size>
         <input_file_ref idref="fl-c"/>
      </object_component>
      <object_component id="oc-616">
         <name>.text:create_name</name>
         <load_address>0x16026</load_address>
         <run_address>0x16026</run_address>
         <size>0x134</size>
         <input_file_ref idref="fl-c"/>
      </object_component>
      <object_component id="oc-670">
         <name>.text:create_chain</name>
         <load_address>0x1615a</load_address>
         <run_address>0x1615a</run_address>
         <size>0x120</size>
         <input_file_ref idref="fl-c"/>
      </object_component>
      <object_component id="oc-4b9">
         <name>.text:dir_sdi</name>
         <load_address>0x1627a</load_address>
         <run_address>0x1627a</run_address>
         <size>0x100</size>
         <input_file_ref idref="fl-c"/>
      </object_component>
      <object_component id="oc-72c">
         <name>.text:disk_ioctl</name>
         <load_address>0x1637a</load_address>
         <run_address>0x1637a</run_address>
         <size>0xf4</size>
         <input_file_ref idref="fl-e"/>
      </object_component>
      <object_component id="oc-662">
         <name>.text:sync</name>
         <load_address>0x1646e</load_address>
         <run_address>0x1646e</run_address>
         <size>0xec</size>
         <input_file_ref idref="fl-c"/>
      </object_component>
      <object_component id="oc-5bb">
         <name>.text:__mspabi_cmpd</name>
         <load_address>0x1655a</load_address>
         <run_address>0x1655a</run_address>
         <size>0xd8</size>
         <input_file_ref idref="fl-43"/>
      </object_component>
      <object_component id="oc-403">
         <name>.text:_Z11ReportEvent13StatusReports</name>
         <load_address>0x16632</load_address>
         <run_address>0x16632</run_address>
         <size>0xce</size>
         <input_file_ref idref="fl-7"/>
      </object_component>
      <object_component id="oc-2ee">
         <name>.text:_ZN6MSP4304UART4SendEPhj</name>
         <load_address>0x16700</load_address>
         <run_address>0x16700</run_address>
         <size>0xbe</size>
         <input_file_ref idref="fl-b"/>
      </object_component>
      <object_component id="oc-4d4">
         <name>.text:move_window</name>
         <load_address>0x167be</load_address>
         <run_address>0x167be</run_address>
         <size>0xbe</size>
         <input_file_ref idref="fl-c"/>
      </object_component>
      <object_component id="oc-63b">
         <name>.text:disk_write</name>
         <load_address>0x1687c</load_address>
         <run_address>0x1687c</run_address>
         <size>0xbc</size>
         <input_file_ref idref="fl-e"/>
      </object_component>
      <object_component id="oc-3d7">
         <name>.text:_Z17getRTCasByteArrayPh</name>
         <load_address>0x16938</load_address>
         <run_address>0x16938</run_address>
         <size>0xba</size>
         <input_file_ref idref="fl-8"/>
      </object_component>
      <object_component id="oc-5e0">
         <name>.text:malloc</name>
         <load_address>0x169f2</load_address>
         <run_address>0x169f2</run_address>
         <size>0xba</size>
         <input_file_ref idref="fl-65"/>
      </object_component>
      <object_component id="oc-232">
         <name>.text:_ZN6MSP4304UARTC1ENS_3BUSEmPFvhPhjE</name>
         <load_address>0x16aac</load_address>
         <run_address>0x16aac</run_address>
         <size>0xb4</size>
         <input_file_ref idref="fl-b"/>
      </object_component>
      <object_component id="oc-4b3">
         <name>.text:follow_path</name>
         <load_address>0x16b60</load_address>
         <run_address>0x16b60</run_address>
         <size>0xb4</size>
         <input_file_ref idref="fl-c"/>
      </object_component>
      <object_component id="oc-64e">
         <name>.text:send_cmd</name>
         <load_address>0x16c14</load_address>
         <run_address>0x16c14</run_address>
         <size>0xb4</size>
         <input_file_ref idref="fl-e"/>
      </object_component>
      <object_component id="oc-6a3">
         <name>.text:__TI_renormd</name>
         <load_address>0x16cc8</load_address>
         <run_address>0x16cc8</run_address>
         <size>0xb2</size>
         <input_file_ref idref="fl-6b"/>
      </object_component>
      <object_component id="oc-2e8">
         <name>.text:_Z18AssembleDataPacketPhj</name>
         <load_address>0x16d7a</load_address>
         <run_address>0x16d7a</run_address>
         <size>0xa8</size>
         <input_file_ref idref="fl-4"/>
      </object_component>
      <object_component id="oc-28c">
         <name>.text:f_opendir</name>
         <load_address>0x16e22</load_address>
         <run_address>0x16e22</run_address>
         <size>0xa8</size>
         <input_file_ref idref="fl-c"/>
      </object_component>
      <object_component id="oc-2db">
         <name>.text:_ZN6MSP4305Timer5StartEj</name>
         <load_address>0x16eca</load_address>
         <run_address>0x16eca</run_address>
         <size>0xa4</size>
         <input_file_ref idref="fl-a"/>
      </object_component>
      <object_component id="oc-4ff">
         <name>.text:f_sync</name>
         <load_address>0x16f6e</load_address>
         <run_address>0x16f6e</run_address>
         <size>0xa4</size>
         <input_file_ref idref="fl-c"/>
      </object_component>
      <object_component id="oc-4ce">
         <name>.text:remove_chain</name>
         <load_address>0x17012</load_address>
         <run_address>0x17012</run_address>
         <size>0x9c</size>
         <input_file_ref idref="fl-c"/>
      </object_component>
      <object_component id="oc-4f2">
         <name>.text:disk_read</name>
         <load_address>0x170ae</load_address>
         <run_address>0x170ae</run_address>
         <size>0x94</size>
         <input_file_ref idref="fl-e"/>
      </object_component>
      <object_component id="oc-608">
         <name>.text:check_fs</name>
         <load_address>0x17142</load_address>
         <run_address>0x17142</run_address>
         <size>0x90</size>
         <input_file_ref idref="fl-c"/>
      </object_component>
      <object_component id="oc-75b">
         <name>.text:free</name>
         <load_address>0x171d2</load_address>
         <run_address>0x171d2</run_address>
         <size>0x8e</size>
         <input_file_ref idref="fl-65"/>
      </object_component>
      <object_component id="oc-1ff">
         <name>.text:_Z20ADCACQTimerInterruptv</name>
         <load_address>0x17260</load_address>
         <run_address>0x17260</run_address>
         <size>0x8c</size>
         <input_file_ref idref="fl-d"/>
      </object_component>
      <object_component id="oc-42f">
         <name>.text:_ZN6MSP4304rena9ReloadSINEmjNS_6pulsarES1_Ph</name>
         <load_address>0x172ec</load_address>
         <run_address>0x172ec</run_address>
         <size>0x8a</size>
         <input_file_ref idref="fl-11"/>
      </object_component>
      <object_component id="oc-4c2">
         <name>.text:dir_register</name>
         <load_address>0x17376</load_address>
         <run_address>0x17376</run_address>
         <size>0x84</size>
         <input_file_ref idref="fl-c"/>
      </object_component>
      <object_component id="oc-5b5">
         <name>.text:_ZN6MSP4303ADC17SingleReadVoltageENS_10ADCChannelE</name>
         <load_address>0x173fa</load_address>
         <run_address>0x173fa</run_address>
         <size>0x7e</size>
         <input_file_ref idref="fl-3"/>
      </object_component>
      <object_component id="oc-428">
         <name>.text:_ZN6MSP4306pulsar16GenerateSHRClockEmjS0_Ph</name>
         <load_address>0x17478</load_address>
         <run_address>0x17478</run_address>
         <size>0x7e</size>
         <input_file_ref idref="fl-10"/>
      </object_component>
      <object_component id="oc-542">
         <name>.text:__mspabi_fltuld</name>
         <load_address>0x174f6</load_address>
         <run_address>0x174f6</run_address>
         <size>0x76</size>
         <input_file_ref idref="fl-4f"/>
      </object_component>
      <object_component id="oc-bc">
         <name>.text:_auto_init_hold_wdt</name>
         <load_address>0x1756c</load_address>
         <run_address>0x1756c</run_address>
         <size>0x6e</size>
         <input_file_ref idref="fl-70"/>
      </object_component>
      <object_component id="oc-564">
         <name>.text:__mspabi_fixdul</name>
         <load_address>0x175da</load_address>
         <run_address>0x175da</run_address>
         <size>0x68</size>
         <input_file_ref idref="fl-4d"/>
      </object_component>
      <object_component id="oc-2d3">
         <name>.text:_ZN6MSP4305Timer4StopEv</name>
         <load_address>0x17642</load_address>
         <run_address>0x17642</run_address>
         <size>0x62</size>
         <input_file_ref idref="fl-a"/>
      </object_component>
      <object_component id="oc-101">
         <name>.text:__TI_decompress_rle_core</name>
         <load_address>0x176a4</load_address>
         <run_address>0x176a4</run_address>
         <size>0x62</size>
         <input_file_ref idref="fl-45"/>
      </object_component>
      <object_component id="oc-b6">
         <name>.text:_system_pre_init</name>
         <load_address>0x17706</load_address>
         <run_address>0x17706</run_address>
         <size>0x5c</size>
         <input_file_ref idref="fl-f"/>
      </object_component>
      <object_component id="oc-61c">
         <name>.text:dir_find</name>
         <load_address>0x17762</load_address>
         <run_address>0x17762</run_address>
         <size>0x5a</size>
         <input_file_ref idref="fl-c"/>
      </object_component>
      <object_component id="oc-48f">
         <name>.text</name>
         <load_address>0x177bc</load_address>
         <run_address>0x177bc</run_address>
         <size>0x58</size>
         <input_file_ref idref="fl-48"/>
      </object_component>
      <object_component id="oc-70e">
         <name>.text:xmit_datablock</name>
         <load_address>0x17814</load_address>
         <run_address>0x17814</run_address>
         <size>0x58</size>
         <input_file_ref idref="fl-e"/>
      </object_component>
      <object_component id="oc-205">
         <name>.text:_ZN6MSP4305TimerC1ENS_5TIMEREPFvvE</name>
         <load_address>0x1786c</load_address>
         <run_address>0x1786c</run_address>
         <size>0x56</size>
         <input_file_ref idref="fl-a"/>
      </object_component>
      <object_component id="oc-6d0">
         <name>.text:__cxa_finalize</name>
         <load_address>0x178c2</load_address>
         <run_address>0x178c2</run_address>
         <size>0x56</size>
         <input_file_ref idref="fl-4a"/>
      </object_component>
      <object_component id="oc-38d">
         <name>.text:_Z20ConvertToEnergyAnodedh</name>
         <load_address>0x17918</load_address>
         <run_address>0x17918</run_address>
         <size>0x52</size>
         <input_file_ref idref="fl-4"/>
      </object_component>
      <object_component id="oc-654">
         <name>.text:rcvr_datablock</name>
         <load_address>0x1796a</load_address>
         <run_address>0x1796a</run_address>
         <size>0x52</size>
         <input_file_ref idref="fl-e"/>
      </object_component>
      <object_component id="oc-134">
         <name>.text:SetVcoreUp</name>
         <load_address>0x179bc</load_address>
         <run_address>0x179bc</run_address>
         <size>0x4e</size>
         <input_file_ref idref="fl-f"/>
      </object_component>
      <object_component id="oc-485">
         <name>.text:_Z11__TI_atexitPFYvPvES_S_</name>
         <load_address>0x17a0a</load_address>
         <run_address>0x17a0a</run_address>
         <size>0x4e</size>
         <input_file_ref idref="fl-4a"/>
      </object_component>
      <object_component id="oc-1ed">
         <name>.text:_ZN6MSP4306pulsarC1EPhhNS_13InterruptTypeEPFvvE</name>
         <load_address>0x17a58</load_address>
         <run_address>0x17a58</run_address>
         <size>0x4e</size>
         <input_file_ref idref="fl-10"/>
      </object_component>
      <object_component id="oc-529">
         <name>.text:_Z7UlToStrPcmh</name>
         <load_address>0x17aa6</load_address>
         <run_address>0x17aa6</run_address>
         <size>0x4c</size>
         <input_file_ref idref="fl-4"/>
      </object_component>
      <object_component id="oc-50c">
         <name>.text:_ZN6MSP4303ADC26SingleReadValueAsCharArrayENS_10ADCChannelE</name>
         <load_address>0x17af2</load_address>
         <run_address>0x17af2</run_address>
         <size>0x48</size>
         <input_file_ref idref="fl-3"/>
      </object_component>
      <object_component id="oc-6dd">
         <name>.text:SDCard_init</name>
         <load_address>0x17b3a</load_address>
         <run_address>0x17b3a</run_address>
         <size>0x46</size>
         <input_file_ref idref="fl-5"/>
      </object_component>
      <object_component id="oc-43c">
         <name>.text:_ZN6MSP4303ADC15SingleReadValueENS_10ADCChannelE</name>
         <load_address>0x17b80</load_address>
         <run_address>0x17b80</run_address>
         <size>0x42</size>
         <input_file_ref idref="fl-3"/>
      </object_component>
      <object_component id="oc-6c6">
         <name>.text:minit</name>
         <load_address>0x17bc2</load_address>
         <run_address>0x17bc2</run_address>
         <size>0x42</size>
         <input_file_ref idref="fl-65"/>
      </object_component>
      <object_component id="oc-217">
         <name>.text:_ZN6MSP4303I2CC1ENS_3BUSEPFvPhjE</name>
         <load_address>0x17c04</load_address>
         <run_address>0x17c04</run_address>
         <size>0x3e</size>
         <input_file_ref idref="fl-6"/>
      </object_component>
      <object_component id="oc-4ec">
         <name>.text:clust2sect</name>
         <load_address>0x17c42</load_address>
         <run_address>0x17c42</run_address>
         <size>0x3e</size>
         <input_file_ref idref="fl-c"/>
      </object_component>
      <object_component id="oc-687">
         <name>.text:l_asr_const</name>
         <load_address>0x17c80</load_address>
         <run_address>0x17c80</run_address>
         <size>0x3e</size>
         <input_file_ref idref="fl-6f"/>
      </object_component>
      <object_component id="oc-649">
         <name>.text:l_lsl_const</name>
         <load_address>0x17cbe</load_address>
         <run_address>0x17cbe</run_address>
         <size>0x3e</size>
         <input_file_ref idref="fl-62"/>
      </object_component>
      <object_component id="oc-4e1">
         <name>.text:l_lsr_const</name>
         <load_address>0x17cfc</load_address>
         <run_address>0x17cfc</run_address>
         <size>0x3e</size>
         <input_file_ref idref="fl-63"/>
      </object_component>
      <object_component id="oc-22c">
         <name>.text:_Z13CommandVectorhPhj</name>
         <load_address>0x17d3a</load_address>
         <run_address>0x17d3a</run_address>
         <size>0x3c</size>
         <input_file_ref idref="fl-d"/>
      </object_component>
      <object_component id="oc-770">
         <name>.text:SDCard_readFrame</name>
         <load_address>0x17d76</load_address>
         <run_address>0x17d76</run_address>
         <size>0x38</size>
         <input_file_ref idref="fl-5"/>
      </object_component>
      <object_component id="oc-3e3">
         <name>.text:_Z18RTCSecondInterruptv</name>
         <load_address>0x17dae</load_address>
         <run_address>0x17dae</run_address>
         <size>0x36</size>
         <input_file_ref idref="fl-d"/>
      </object_component>
      <object_component id="oc-77a">
         <name>.text:wait_ready</name>
         <load_address>0x17de4</load_address>
         <run_address>0x17de4</run_address>
         <size>0x36</size>
         <input_file_ref idref="fl-e"/>
      </object_component>
      <object_component id="oc-14f">
         <name>.text:_Z7initRTCiiiiiii</name>
         <load_address>0x17e1a</load_address>
         <run_address>0x17e1a</run_address>
         <size>0x34</size>
         <input_file_ref idref="fl-8"/>
      </object_component>
      <object_component id="oc-283">
         <name>.text:f_mount</name>
         <load_address>0x17e4e</load_address>
         <run_address>0x17e4e</run_address>
         <size>0x32</size>
         <input_file_ref idref="fl-c"/>
      </object_component>
      <object_component id="oc-13d">
         <name>.text:_Z8fat_initv</name>
         <load_address>0x17e80</load_address>
         <run_address>0x17e80</run_address>
         <size>0x30</size>
         <input_file_ref idref="fl-7"/>
      </object_component>
      <object_component id="oc-788">
         <name>.text:SDCard_sendFrame</name>
         <load_address>0x17eb0</load_address>
         <run_address>0x17eb0</run_address>
         <size>0x2e</size>
         <input_file_ref idref="fl-5"/>
      </object_component>
      <object_component id="oc-2c9">
         <name>.text:_Z24CompareCharArrayToStringPhPKcj</name>
         <load_address>0x17ede</load_address>
         <run_address>0x17ede</run_address>
         <size>0x2e</size>
         <input_file_ref idref="fl-4"/>
      </object_component>
      <object_component id="oc-c8">
         <name>.text:exit</name>
         <load_address>0x17f0c</load_address>
         <run_address>0x17f0c</run_address>
         <size>0x2e</size>
         <input_file_ref idref="fl-4b"/>
      </object_component>
      <object_component id="oc-1e1">
         <name>.text:_ZN6MSP4306pulsarC1EPhhb</name>
         <load_address>0x17f3a</load_address>
         <run_address>0x17f3a</run_address>
         <size>0x2c</size>
         <input_file_ref idref="fl-10"/>
      </object_component>
      <object_component id="oc-4db">
         <name>.text:validate</name>
         <load_address>0x17f66</load_address>
         <run_address>0x17f66</run_address>
         <size>0x2c</size>
         <input_file_ref idref="fl-c"/>
      </object_component>
      <object_component id="oc-2f4">
         <name>.text:_ZN6MSP4306pulsar3getEv</name>
         <load_address>0x17f92</load_address>
         <run_address>0x17f92</run_address>
         <size>0x26</size>
         <input_file_ref idref="fl-10"/>
      </object_component>
      <object_component id="oc-8b">
         <name>.text:decompress:ZI:__TI_zero_init</name>
         <load_address>0x17fb8</load_address>
         <run_address>0x17fb8</run_address>
         <size>0x24</size>
         <input_file_ref idref="fl-46"/>
      </object_component>
      <object_component id="oc-60e">
         <name>.text</name>
         <load_address>0x17fdc</load_address>
         <run_address>0x17fdc</run_address>
         <size>0x22</size>
         <input_file_ref idref="fl-6a"/>
      </object_component>
      <object_component id="oc-5fc">
         <name>.text:disk_status</name>
         <load_address>0x17ffe</load_address>
         <run_address>0x17ffe</run_address>
         <size>0x20</size>
         <input_file_ref idref="fl-e"/>
      </object_component>
      <object_component id="oc-343">
         <name>.text:_ZN6MSP4306pulsar3setEb</name>
         <load_address>0x1801e</load_address>
         <run_address>0x1801e</run_address>
         <size>0x1e</size>
         <input_file_ref idref="fl-10"/>
      </object_component>
      <object_component id="oc-436">
         <name>.text:_Z34DetermineNumberOfTriggeredChannelsPhh</name>
         <load_address>0x1803c</load_address>
         <run_address>0x1803c</run_address>
         <size>0x1c</size>
         <input_file_ref idref="fl-4"/>
      </object_component>
      <object_component id="oc-377">
         <name>.text:_Z5delayj</name>
         <load_address>0x18058</load_address>
         <run_address>0x18058</run_address>
         <size>0x1a</size>
         <input_file_ref idref="fl-d"/>
      </object_component>
      <object_component id="oc-71d">
         <name>.text:select</name>
         <load_address>0x18072</load_address>
         <run_address>0x18072</run_address>
         <size>0x18</size>
         <input_file_ref idref="fl-e"/>
      </object_component>
      <object_component id="oc-1f3">
         <name>.text:_ZN6MSP4306pulsarC1EPhh</name>
         <load_address>0x1808a</load_address>
         <run_address>0x1808a</run_address>
         <size>0x16</size>
         <input_file_ref idref="fl-10"/>
      </object_component>
      <object_component id="oc-6fb">
         <name>.text:chk_chr</name>
         <load_address>0x180a0</load_address>
         <run_address>0x180a0</run_address>
         <size>0x16</size>
         <input_file_ref idref="fl-c"/>
      </object_component>
      <object_component id="oc-2b8">
         <name>.text:f_close</name>
         <load_address>0x180b6</load_address>
         <run_address>0x180b6</run_address>
         <size>0x16</size>
         <input_file_ref idref="fl-c"/>
      </object_component>
      <object_component id="oc-2a3">
         <name>.text:memset</name>
         <load_address>0x180cc</load_address>
         <run_address>0x180cc</run_address>
         <size>0x16</size>
         <input_file_ref idref="fl-66"/>
      </object_component>
      <object_component id="oc-164">
         <name>.text</name>
         <load_address>0x180e2</load_address>
         <run_address>0x180e2</run_address>
         <size>0x16</size>
         <input_file_ref idref="fl-69"/>
      </object_component>
      <object_component id="oc-702">
         <name>.text:mem_cmp</name>
         <load_address>0x180f8</load_address>
         <run_address>0x180f8</run_address>
         <size>0x14</size>
         <input_file_ref idref="fl-c"/>
      </object_component>
      <object_component id="oc-ed">
         <name>.text:memcpy</name>
         <load_address>0x1810c</load_address>
         <run_address>0x1810c</run_address>
         <size>0x14</size>
         <input_file_ref idref="fl-64"/>
      </object_component>
      <object_component id="oc-6f0">
         <name>.text:SDCard_fastMode</name>
         <load_address>0x18120</load_address>
         <run_address>0x18120</run_address>
         <size>0x12</size>
         <input_file_ref idref="fl-5"/>
      </object_component>
      <object_component id="oc-399">
         <name>.text:__mspabi_fixdu</name>
         <load_address>0x18132</load_address>
         <run_address>0x18132</run_address>
         <size>0x12</size>
         <input_file_ref idref="fl-4c"/>
      </object_component>
      <object_component id="oc-85">
         <name>.text:decompress:none:__TI_decompress_none</name>
         <load_address>0x18144</load_address>
         <run_address>0x18144</run_address>
         <size>0x12</size>
         <input_file_ref idref="fl-44"/>
      </object_component>
      <object_component id="oc-65a">
         <name>.text:deselect</name>
         <load_address>0x18156</load_address>
         <run_address>0x18156</run_address>
         <size>0x12</size>
         <input_file_ref idref="fl-e"/>
      </object_component>
      <object_component id="oc-4f8">
         <name>.text:mem_cpy</name>
         <load_address>0x18168</load_address>
         <run_address>0x18168</run_address>
         <size>0x12</size>
         <input_file_ref idref="fl-c"/>
      </object_component>
      <object_component id="oc-62c">
         <name>.text:mem_set</name>
         <load_address>0x1817a</load_address>
         <run_address>0x1817a</run_address>
         <size>0x12</size>
         <input_file_ref idref="fl-c"/>
      </object_component>
      <object_component id="oc-69e">
         <name>.text:l_asr</name>
         <load_address>0x1818c</load_address>
         <run_address>0x1818c</run_address>
         <size>0x10</size>
         <input_file_ref idref="fl-6f"/>
      </object_component>
      <object_component id="oc-699">
         <name>.text:l_lsl</name>
         <load_address>0x1819c</load_address>
         <run_address>0x1819c</run_address>
         <size>0x10</size>
         <input_file_ref idref="fl-62"/>
      </object_component>
      <object_component id="oc-690">
         <name>.text:l_lsr</name>
         <load_address>0x181ac</load_address>
         <run_address>0x181ac</run_address>
         <size>0x10</size>
         <input_file_ref idref="fl-63"/>
      </object_component>
      <object_component id="oc-15e">
         <name>.text:_ZN6MSP4306pulsar15EnableInterruptEv</name>
         <load_address>0x181bc</load_address>
         <run_address>0x181bc</run_address>
         <size>0xe</size>
         <input_file_ref idref="fl-10"/>
      </object_component>
      <object_component id="oc-3e9">
         <name>.text:_Z9enableSecPFvvE</name>
         <load_address>0x181ca</load_address>
         <run_address>0x181ca</run_address>
         <size>0xc</size>
         <input_file_ref idref="fl-8"/>
      </object_component>
      <object_component id="oc-753">
         <name>.text:_ZN10__cxxabiv117__class_type_infoD0Ev</name>
         <load_address>0x181d6</load_address>
         <run_address>0x181d6</run_address>
         <size>0xa</size>
         <input_file_ref idref="fl-6c"/>
      </object_component>
      <object_component id="oc-7cc">
         <name>.text:_ZN10__cxxabiv120__si_class_type_infoD0Ev</name>
         <load_address>0x181e0</load_address>
         <run_address>0x181e0</run_address>
         <size>0xa</size>
         <input_file_ref idref="fl-6c"/>
      </object_component>
      <object_component id="oc-5db">
         <name>.text:_ZN6MSP4303I2CD0Ev</name>
         <load_address>0x181ea</load_address>
         <run_address>0x181ea</run_address>
         <size>0xa</size>
         <input_file_ref idref="fl-6"/>
      </object_component>
      <object_component id="oc-6bb">
         <name>.text:_ZdlPv</name>
         <load_address>0x181f4</load_address>
         <run_address>0x181f4</run_address>
         <size>0xa</size>
         <input_file_ref idref="fl-47"/>
      </object_component>
      <object_component id="oc-4c8">
         <name>.text:get_fattime</name>
         <load_address>0x181fe</load_address>
         <run_address>0x181fe</run_address>
         <size>0xa</size>
         <input_file_ref idref="fl-e"/>
      </object_component>
      <object_component id="oc-522">
         <name>.text</name>
         <load_address>0x18208</load_address>
         <run_address>0x18208</run_address>
         <size>0xa</size>
         <input_file_ref idref="fl-41"/>
      </object_component>
      <object_component id="oc-3f6">
         <name>.text:_Z10disableSecv</name>
         <load_address>0x18212</load_address>
         <run_address>0x18212</run_address>
         <size>0x8</size>
         <input_file_ref idref="fl-8"/>
      </object_component>
      <object_component id="oc-155">
         <name>.text:_Z8startRTCv</name>
         <load_address>0x1821a</load_address>
         <run_address>0x1821a</run_address>
         <size>0x8</size>
         <input_file_ref idref="fl-8"/>
      </object_component>
      <object_component id="oc-45a">
         <name>.text:_ZN6MSP4303I2C4SendEPh</name>
         <load_address>0x18222</load_address>
         <run_address>0x18222</run_address>
         <size>0x8</size>
         <input_file_ref idref="fl-6"/>
      </object_component>
      <object_component id="oc-6e3">
         <name>.text:SDCard_setCSHigh</name>
         <load_address>0x1822a</load_address>
         <run_address>0x1822a</run_address>
         <size>0x6</size>
         <input_file_ref idref="fl-5"/>
      </object_component>
      <object_component id="oc-781">
         <name>.text:SDCard_setCSLow</name>
         <load_address>0x18230</load_address>
         <run_address>0x18230</run_address>
         <size>0x6</size>
         <input_file_ref idref="fl-5"/>
      </object_component>
      <object_component id="oc-ab">
         <name>.text:__TI_ISR_TRAP</name>
         <load_address>0x18236</load_address>
         <run_address>0x18236</run_address>
         <size>0x6</size>
         <input_file_ref idref="fl-60"/>
      </object_component>
      <object_component id="oc-5e6">
         <name>.text:__cxa_ia64_exit</name>
         <load_address>0x1823c</load_address>
         <run_address>0x1823c</run_address>
         <size>0x6</size>
         <input_file_ref idref="fl-4a"/>
      </object_component>
      <object_component id="oc-387">
         <name>.text:__mspabi_fltud</name>
         <load_address>0x18242</load_address>
         <run_address>0x18242</run_address>
         <size>0x6</size>
         <input_file_ref idref="fl-4e"/>
      </object_component>
      <object_component id="oc-91">
         <name>.text:decompress:rle24:__TI_decompress_rle24</name>
         <load_address>0x18248</load_address>
         <run_address>0x18248</run_address>
         <size>0x6</size>
         <input_file_ref idref="fl-45"/>
      </object_component>
      <object_component id="oc-6e9">
         <name>.text:rcvr_mmc</name>
         <load_address>0x1824e</load_address>
         <run_address>0x1824e</run_address>
         <size>0x6</size>
         <input_file_ref idref="fl-e"/>
      </object_component>
      <object_component id="oc-723">
         <name>.text:xmit_mmc</name>
         <load_address>0x18254</load_address>
         <run_address>0x18254</run_address>
         <size>0x6</size>
         <input_file_ref idref="fl-e"/>
      </object_component>
      <object_component id="oc-226">
         <name>.text:__cxa_atexit</name>
         <load_address>0x1825a</load_address>
         <run_address>0x1825a</run_address>
         <size>0x4</size>
         <input_file_ref idref="fl-4a"/>
      </object_component>
      <object_component id="oc-199">
         <name>.text:abort</name>
         <load_address>0x1825e</load_address>
         <run_address>0x1825e</run_address>
         <size>0x4</size>
         <input_file_ref idref="fl-4b"/>
      </object_component>
      <object_component id="oc-74d">
         <name>.text:_ZN10__cxxabiv117__class_type_infoD1Ev</name>
         <load_address>0x18262</load_address>
         <run_address>0x18262</run_address>
         <size>0x2</size>
         <input_file_ref idref="fl-6c"/>
      </object_component>
      <object_component id="oc-7c6">
         <name>.text:_ZN10__cxxabiv120__si_class_type_infoD1Ev</name>
         <load_address>0x18264</load_address>
         <run_address>0x18264</run_address>
         <size>0x2</size>
         <input_file_ref idref="fl-6c"/>
      </object_component>
      <object_component id="oc-1f9">
         <name>.text:_ZN6MSP4303ADCC1Ev</name>
         <load_address>0x18266</load_address>
         <run_address>0x18266</run_address>
         <size>0x2</size>
         <input_file_ref idref="fl-3"/>
      </object_component>
      <object_component id="oc-21d">
         <name>.text:_ZN6MSP4303I2CD1Ev</name>
         <load_address>0x18268</load_address>
         <run_address>0x18268</run_address>
         <size>0x2</size>
         <input_file_ref idref="fl-6"/>
      </object_component>
      <object_component id="oc-20b">
         <name>.text:_ZN6MSP4304renaC1Ev</name>
         <load_address>0x1826a</load_address>
         <run_address>0x1826a</run_address>
         <size>0x2</size>
         <input_file_ref idref="fl-11"/>
      </object_component>
      <object_component id="oc-40c">
         <name>.text:_nop</name>
         <load_address>0x1826c</load_address>
         <run_address>0x1826c</run_address>
         <size>0x2</size>
         <input_file_ref idref="fl-6d"/>
      </object_component>
      <object_component id="oc-e1">
         <name>.text:_isr:_ZN6MSP43011USCI_A0_ISREv</name>
         <load_address>0x5c00</load_address>
         <run_address>0x5c00</run_address>
         <size>0x156</size>
         <input_file_ref idref="fl-b"/>
      </object_component>
      <object_component id="oc-db">
         <name>.text:_isr:_ZN6MSP43011USCI_B0_ISREv</name>
         <load_address>0x5d56</load_address>
         <run_address>0x5d56</run_address>
         <size>0x6c</size>
         <input_file_ref idref="fl-6"/>
      </object_component>
      <object_component id="oc-cf">
         <name>.text:_isr:_ZN6MSP43013TIMER0_A0_ISREv</name>
         <load_address>0x5dc2</load_address>
         <run_address>0x5dc2</run_address>
         <size>0x42</size>
         <input_file_ref idref="fl-a"/>
      </object_component>
      <object_component id="oc-b0">
         <name>.text:_isr:_ZN6MSP43013TIMER1_A1_ISREv</name>
         <load_address>0x5e04</load_address>
         <run_address>0x5e04</run_address>
         <size>0x42</size>
         <input_file_ref idref="fl-a"/>
      </object_component>
      <object_component id="oc-9f">
         <name>.text:_isr:_Z7RTC_ISRv</name>
         <load_address>0x5e46</load_address>
         <run_address>0x5e46</run_address>
         <size>0x2a</size>
         <input_file_ref idref="fl-8"/>
      </object_component>
      <object_component id="oc-e7">
         <name>.text:_isr:_ZN6MSP43013TIMER0_B0_ISREv</name>
         <load_address>0x5e70</load_address>
         <run_address>0x5e70</run_address>
         <size>0x20</size>
         <input_file_ref idref="fl-a"/>
      </object_component>
      <object_component id="oc-72">
         <name>.text:_isr:_c_int00_noargs</name>
         <load_address>0x5e90</load_address>
         <run_address>0x5e90</run_address>
         <size>0x1c</size>
         <input_file_ref idref="fl-42"/>
      </object_component>
      <object_component id="oc-a5">
         <name>.text:_isr:_ZN6MSP4306Port_2Ev</name>
         <load_address>0x5eac</load_address>
         <run_address>0x5eac</run_address>
         <size>0x16</size>
         <input_file_ref idref="fl-10"/>
      </object_component>
      <object_component id="oc-d5">
         <name>.text:_isr:_ZN6MSP4309ADC12_ISREv</name>
         <load_address>0x5ec2</load_address>
         <run_address>0x5ec2</run_address>
         <size>0x14</size>
         <input_file_ref idref="fl-3"/>
      </object_component>
      <object_component id="oc-84a">
         <name>.cinit..data.load</name>
         <load_address>0x6204</load_address>
         <run_address>0x6204</run_address>
         <size>0x2f</size>
      </object_component>
      <object_component id="oc-847">
         <name>__TI_handler_table</name>
         <load_address>0x6234</load_address>
         <run_address>0x6234</run_address>
         <size>0xc</size>
      </object_component>
      <object_component id="oc-849">
         <name>.cinit..bss.load</name>
         <load_address>0x6240</load_address>
         <run_address>0x6240</run_address>
         <size>0x6</size>
      </object_component>
      <object_component id="oc-848">
         <name>__TI_cinit_table</name>
         <load_address>0x6246</load_address>
         <run_address>0x6246</run_address>
         <size>0x10</size>
      </object_component>
      <object_component id="oc-2c8">
         <name>.const:.string</name>
         <load_address>0x5eda</load_address>
         <run_address>0x5eda</run_address>
         <size>0xb6</size>
         <input_file_ref idref="fl-d"/>
      </object_component>
      <object_component id="oc-6f9">
         <name>.const:.string:excvt$1</name>
         <load_address>0x5f90</load_address>
         <run_address>0x5f90</run_address>
         <size>0x80</size>
         <input_file_ref idref="fl-c"/>
      </object_component>
      <object_component id="oc-553">
         <name>.const:AddingCoefficientsAnode</name>
         <load_address>0x6010</load_address>
         <run_address>0x6010</run_address>
         <size>0x78</size>
         <input_file_ref idref="fl-4"/>
      </object_component>
      <object_component id="oc-54a">
         <name>.const:MultiplierCoefficientsAnode</name>
         <load_address>0x6088</load_address>
         <run_address>0x6088</run_address>
         <size>0x78</size>
         <input_file_ref idref="fl-4"/>
      </object_component>
      <object_component id="oc-7d8">
         <name>.const:.typeinfo:_ZTSN10__cxxabiv120__si_class_type_infoE</name>
         <load_address>0x6100</load_address>
         <run_address>0x6100</run_address>
         <size>0x25</size>
         <input_file_ref idref="fl-6c"/>
      </object_component>
      <object_component id="oc-799">
         <name>.const:.typeinfo:_ZTSN10__cxxabiv117__class_type_infoE</name>
         <load_address>0x6126</load_address>
         <run_address>0x6126</run_address>
         <size>0x22</size>
         <input_file_ref idref="fl-6c"/>
      </object_component>
      <object_component id="oc-28b">
         <name>.const:.string</name>
         <load_address>0x6148</load_address>
         <run_address>0x6148</run_address>
         <size>0x20</size>
         <input_file_ref idref="fl-7"/>
      </object_component>
      <object_component id="oc-37f">
         <name>.const:$P$T0$1</name>
         <load_address>0x6168</load_address>
         <run_address>0x6168</run_address>
         <size>0x10</size>
         <input_file_ref idref="fl-d"/>
      </object_component>
      <object_component id="oc-6fa">
         <name>.const:.string</name>
         <load_address>0x6178</load_address>
         <run_address>0x6178</run_address>
         <size>0x10</size>
         <input_file_ref idref="fl-c"/>
      </object_component>
      <object_component id="oc-6b1">
         <name>.const:_ZTVN10__cxxabiv117__class_type_infoE</name>
         <load_address>0x6188</load_address>
         <run_address>0x6188</run_address>
         <size>0x10</size>
         <input_file_ref idref="fl-6c"/>
      </object_component>
      <object_component id="oc-794">
         <name>.const:_ZTVN10__cxxabiv120__si_class_type_infoE</name>
         <load_address>0x6198</load_address>
         <run_address>0x6198</run_address>
         <size>0x10</size>
         <input_file_ref idref="fl-6c"/>
      </object_component>
      <object_component id="oc-46c">
         <name>.const:_ZTVN6MSP4303I2CE</name>
         <load_address>0x61a8</load_address>
         <run_address>0x61a8</run_address>
         <size>0x10</size>
         <input_file_ref idref="fl-6"/>
      </object_component>
      <object_component id="oc-6b6">
         <name>.const:.typeinfo:_ZTSN6MSP4303I2CE</name>
         <load_address>0x61b8</load_address>
         <run_address>0x61b8</run_address>
         <size>0xe</size>
         <input_file_ref idref="fl-6"/>
      </object_component>
      <object_component id="oc-7d1">
         <name>.const:.typeinfo:_ZTSSt9type_info</name>
         <load_address>0x61c6</load_address>
         <run_address>0x61c6</run_address>
         <size>0xd</size>
         <input_file_ref idref="fl-6c"/>
      </object_component>
      <object_component id="oc-748">
         <name>.const:.typeinfo:_ZTIN10__cxxabiv117__class_type_infoE</name>
         <load_address>0x61d4</load_address>
         <run_address>0x61d4</run_address>
         <size>0xc</size>
         <input_file_ref idref="fl-6c"/>
      </object_component>
      <object_component id="oc-7c1">
         <name>.const:.typeinfo:_ZTIN10__cxxabiv120__si_class_type_infoE</name>
         <load_address>0x61e0</load_address>
         <run_address>0x61e0</run_address>
         <size>0xc</size>
         <input_file_ref idref="fl-6c"/>
      </object_component>
      <object_component id="oc-1c8">
         <name>.const:.string</name>
         <load_address>0x61ec</load_address>
         <run_address>0x61ec</run_address>
         <size>0x8</size>
         <input_file_ref idref="fl-b"/>
      </object_component>
      <object_component id="oc-5d6">
         <name>.const:.typeinfo:_ZTIN6MSP4303I2CE</name>
         <load_address>0x61f4</load_address>
         <run_address>0x61f4</run_address>
         <size>0x8</size>
         <input_file_ref idref="fl-6"/>
      </object_component>
      <object_component id="oc-79e">
         <name>.const:.typeinfo:_ZTISt9type_info</name>
         <load_address>0x61fc</load_address>
         <run_address>0x61fc</run_address>
         <size>0x8</size>
         <input_file_ref idref="fl-6c"/>
      </object_component>
      <object_component id="oc-97">
         <name>.init_array</name>
         <load_address>0x5ed6</load_address>
         <run_address>0x5ed6</run_address>
         <size>0x4</size>
         <input_file_ref idref="fl-d"/>
      </object_component>
      <object_component id="oc-69">
         <name>.int41</name>
         <load_address>0xffd2</load_address>
         <run_address>0xffd2</run_address>
         <size>0x2</size>
         <input_file_ref idref="fl-8"/>
      </object_component>
      <object_component id="oc-6a">
         <name>.int42</name>
         <load_address>0xffd4</load_address>
         <run_address>0xffd4</run_address>
         <size>0x2</size>
         <input_file_ref idref="fl-10"/>
      </object_component>
      <object_component id="oc-6b">
         <name>.int43</name>
         <load_address>0xffd6</load_address>
         <run_address>0xffd6</run_address>
         <size>0x2</size>
         <input_file_ref idref="fl-52"/>
      </object_component>
      <object_component id="oc-6c">
         <name>.int44</name>
         <load_address>0xffd8</load_address>
         <run_address>0xffd8</run_address>
         <size>0x2</size>
         <input_file_ref idref="fl-53"/>
      </object_component>
      <object_component id="oc-6d">
         <name>.int45</name>
         <load_address>0xffda</load_address>
         <run_address>0xffda</run_address>
         <size>0x2</size>
         <input_file_ref idref="fl-54"/>
      </object_component>
      <object_component id="oc-6e">
         <name>.int46</name>
         <load_address>0xffdc</load_address>
         <run_address>0xffdc</run_address>
         <size>0x2</size>
         <input_file_ref idref="fl-55"/>
      </object_component>
      <object_component id="oc-6f">
         <name>.int47</name>
         <load_address>0xffde</load_address>
         <run_address>0xffde</run_address>
         <size>0x2</size>
         <input_file_ref idref="fl-56"/>
      </object_component>
      <object_component id="oc-70">
         <name>.int48</name>
         <load_address>0xffe0</load_address>
         <run_address>0xffe0</run_address>
         <size>0x2</size>
         <input_file_ref idref="fl-57"/>
      </object_component>
      <object_component id="oc-71">
         <name>.int49</name>
         <load_address>0xffe2</load_address>
         <run_address>0xffe2</run_address>
         <size>0x2</size>
         <input_file_ref idref="fl-a"/>
      </object_component>
      <object_component id="oc-78">
         <name>.int50</name>
         <load_address>0xffe4</load_address>
         <run_address>0xffe4</run_address>
         <size>0x2</size>
         <input_file_ref idref="fl-58"/>
      </object_component>
      <object_component id="oc-79">
         <name>.int51</name>
         <load_address>0xffe6</load_address>
         <run_address>0xffe6</run_address>
         <size>0x2</size>
         <input_file_ref idref="fl-59"/>
      </object_component>
      <object_component id="oc-7a">
         <name>.int52</name>
         <load_address>0xffe8</load_address>
         <run_address>0xffe8</run_address>
         <size>0x2</size>
         <input_file_ref idref="fl-5a"/>
      </object_component>
      <object_component id="oc-7b">
         <name>.int53</name>
         <load_address>0xffea</load_address>
         <run_address>0xffea</run_address>
         <size>0x2</size>
         <input_file_ref idref="fl-5b"/>
      </object_component>
      <object_component id="oc-7c">
         <name>.int54</name>
         <load_address>0xffec</load_address>
         <run_address>0xffec</run_address>
         <size>0x2</size>
         <input_file_ref idref="fl-a"/>
      </object_component>
      <object_component id="oc-7d">
         <name>.int55</name>
         <load_address>0xffee</load_address>
         <run_address>0xffee</run_address>
         <size>0x2</size>
         <input_file_ref idref="fl-3"/>
      </object_component>
      <object_component id="oc-7e">
         <name>.int56</name>
         <load_address>0xfff0</load_address>
         <run_address>0xfff0</run_address>
         <size>0x2</size>
         <input_file_ref idref="fl-6"/>
      </object_component>
      <object_component id="oc-7f">
         <name>.int57</name>
         <load_address>0xfff2</load_address>
         <run_address>0xfff2</run_address>
         <size>0x2</size>
         <input_file_ref idref="fl-b"/>
      </object_component>
      <object_component id="oc-80">
         <name>.int58</name>
         <load_address>0xfff4</load_address>
         <run_address>0xfff4</run_address>
         <size>0x2</size>
         <input_file_ref idref="fl-5c"/>
      </object_component>
      <object_component id="oc-81">
         <name>.int59</name>
         <load_address>0xfff6</load_address>
         <run_address>0xfff6</run_address>
         <size>0x2</size>
         <input_file_ref idref="fl-5d"/>
      </object_component>
      <object_component id="oc-82">
         <name>.int60</name>
         <load_address>0xfff8</load_address>
         <run_address>0xfff8</run_address>
         <size>0x2</size>
         <input_file_ref idref="fl-a"/>
      </object_component>
      <object_component id="oc-83">
         <name>.int61</name>
         <load_address>0xfffa</load_address>
         <run_address>0xfffa</run_address>
         <size>0x2</size>
         <input_file_ref idref="fl-5e"/>
      </object_component>
      <object_component id="oc-84">
         <name>.int62</name>
         <load_address>0xfffc</load_address>
         <run_address>0xfffc</run_address>
         <size>0x2</size>
         <input_file_ref idref="fl-5f"/>
      </object_component>
      <object_component id="oc-9b">
         <name>.reset</name>
         <load_address>0xfffe</load_address>
         <run_address>0xfffe</run_address>
         <size>0x2</size>
         <input_file_ref idref="fl-42"/>
      </object_component>
      <object_component id="oc-15b">
         <name>.bss</name>
         <uninitialized>true</uninitialized>
         <run_address>0x5162</run_address>
         <size>0x92</size>
         <input_file_ref idref="fl-d"/>
      </object_component>
      <object_component id="oc-66c">
         <name>.common:_ZN6MSP4309CharValueE</name>
         <uninitialized>true</uninitialized>
         <run_address>0x52a6</run_address>
         <size>0x2</size>
      </object_component>
      <object_component id="oc-51e">
         <name>.common:Packet</name>
         <uninitialized>true</uninitialized>
         <run_address>0x48b2</run_address>
         <size>0x200</size>
      </object_component>
      <object_component id="oc-5d4">
         <name>.common:_ZN6MSP4307PTxDataE</name>
         <uninitialized>true</uninitialized>
         <run_address>0x5288</run_address>
         <size>0x4</size>
      </object_component>
      <object_component id="oc-1b2">
         <name>.common:_ZN6MSP4306RxDataE</name>
         <uninitialized>true</uninitialized>
         <run_address>0x4eb2</run_address>
         <size>0x100</size>
      </object_component>
      <object_component id="oc-471">
         <name>.common:_ZN6MSP43011I2C_RECEIVEE</name>
         <uninitialized>true</uninitialized>
         <run_address>0x5268</run_address>
         <size>0x4</size>
      </object_component>
      <object_component id="oc-282">
         <name>.common:fatfs</name>
         <uninitialized>true</uninitialized>
         <run_address>0x4468</run_address>
         <size>0x22e</size>
      </object_component>
      <object_component id="oc-28a">
         <name>.common:dir</name>
         <uninitialized>true</uninitialized>
         <run_address>0x523c</run_address>
         <size>0x1c</size>
      </object_component>
      <object_component id="oc-293">
         <name>.common:errCode</name>
         <uninitialized>true</uninitialized>
         <run_address>0x52a8</run_address>
         <size>0x2</size>
      </object_component>
      <object_component id="oc-5c7">
         <name>.common:file</name>
         <uninitialized>true</uninitialized>
         <run_address>0x5218</run_address>
         <size>0x24</size>
      </object_component>
      <object_component id="oc-11f">
         <name>.common:rtcAlarm_Callback</name>
         <uninitialized>true</uninitialized>
         <run_address>0x5298</run_address>
         <size>0x4</size>
      </object_component>
      <object_component id="oc-5ab">
         <name>.common:Sec_Callback</name>
         <uninitialized>true</uninitialized>
         <run_address>0x5264</run_address>
         <size>0x4</size>
      </object_component>
      <object_component id="oc-453">
         <name>.common:_ZN6MSP43016TimerA0InterruptE</name>
         <uninitialized>true</uninitialized>
         <run_address>0x5270</run_address>
         <size>0x4</size>
      </object_component>
      <object_component id="oc-452">
         <name>.common:_ZN6MSP43016TimerA1InterruptE</name>
         <uninitialized>true</uninitialized>
         <run_address>0x5274</run_address>
         <size>0x4</size>
      </object_component>
      <object_component id="oc-451">
         <name>.common:_ZN6MSP43016TimerB0InterruptE</name>
         <uninitialized>true</uninitialized>
         <run_address>0x5278</run_address>
         <size>0x4</size>
      </object_component>
      <object_component id="oc-450">
         <name>.common:_ZN6MSP43018TimerA0_1InterruptE</name>
         <uninitialized>true</uninitialized>
         <run_address>0x527c</run_address>
         <size>0x4</size>
      </object_component>
      <object_component id="oc-44f">
         <name>.common:_ZN6MSP43018TimerA1_1InterruptE</name>
         <uninitialized>true</uninitialized>
         <run_address>0x5280</run_address>
         <size>0x4</size>
      </object_component>
      <object_component id="oc-48e">
         <name>.common:_ZN6MSP43013CommandVectorE</name>
         <uninitialized>true</uninitialized>
         <run_address>0x526c</run_address>
         <size>0x4</size>
      </object_component>
      <object_component id="oc-1c7">
         <name>.common:_ZN6MSP43012HeaderBufferE</name>
         <uninitialized>true</uninitialized>
         <run_address>0x5258</run_address>
         <size>0x8</size>
      </object_component>
      <object_component id="oc-1be">
         <name>.common:_ZN6MSP43010DataBufferE</name>
         <uninitialized>true</uninitialized>
         <run_address>0x4cb2</run_address>
         <size>0x200</size>
      </object_component>
      <object_component id="oc-5fb">
         <name>.common:FatFs</name>
         <uninitialized>true</uninitialized>
         <run_address>0x5260</run_address>
         <size>0x4</size>
      </object_component>
      <object_component id="oc-614">
         <name>.common:Fsid</name>
         <uninitialized>true</uninitialized>
         <run_address>0x52a4</run_address>
         <size>0x2</size>
      </object_component>
      <object_component id="oc-333">
         <name>.common:ChannelConfigs</name>
         <uninitialized>true</uninitialized>
         <run_address>0x4fb2</run_address>
         <size>0xd8</size>
      </object_component>
      <object_component id="oc-40a">
         <name>.common:NullConfigs</name>
         <uninitialized>true</uninitialized>
         <run_address>0x508a</run_address>
         <size>0xd8</size>
      </object_component>
      <object_component id="oc-48c">
         <name>.common:ReceivedData</name>
         <uninitialized>true</uninitialized>
         <run_address>0x4ab2</run_address>
         <size>0x200</size>
      </object_component>
      <object_component id="oc-444">
         <name>.common:TriggeredChannels</name>
         <uninitialized>true</uninitialized>
         <run_address>0x51f4</run_address>
         <size>0x24</size>
      </object_component>
      <object_component id="oc-445">
         <name>.common:HitBuffer</name>
         <uninitialized>true</uninitialized>
         <run_address>0x4696</run_address>
         <size>0x21c</size>
      </object_component>
      <object_component id="oc-70d">
         <name>.common:CardType</name>
         <uninitialized>true</uninitialized>
         <run_address>0x52ac</run_address>
         <size>0x1</size>
      </object_component>
      <object_component id="oc-447">
         <name>.common:_ZN6MSP43020interruptVectorPORT2E</name>
         <uninitialized>true</uninitialized>
         <run_address>0x5284</run_address>
         <size>0x4</size>
      </object_component>
      <object_component id="oc-198">
         <name>.common:__TI_cleanup_ptr</name>
         <uninitialized>true</uninitialized>
         <run_address>0x528c</run_address>
         <size>0x4</size>
      </object_component>
      <object_component id="oc-5ec">
         <name>.common:__TI_dtors_ptr</name>
         <uninitialized>true</uninitialized>
         <run_address>0x5290</run_address>
         <size>0x4</size>
      </object_component>
      <object_component id="oc-223">
         <name>.common:__dso_handle</name>
         <uninitialized>true</uninitialized>
         <run_address>0x5294</run_address>
         <size>0x4</size>
      </object_component>
      <object_component id="oc-7b8">
         <name>.common:sys_free</name>
         <uninitialized>true</uninitialized>
         <run_address>0x52a0</run_address>
         <size>0x4</size>
      </object_component>
      <object_component id="oc-769">
         <name>.common:sys_base</name>
         <uninitialized>true</uninitialized>
         <run_address>0x529c</run_address>
         <size>0x4</size>
      </object_component>
      <object_component id="oc-768">
         <name>.common:memsize</name>
         <uninitialized>true</uninitialized>
         <run_address>0x52aa</run_address>
         <size>0x2</size>
      </object_component>
      <object_component id="oc-12b">
         <name>.data</name>
         <load_address>0x4424</load_address>
         <run_address>0x4424</run_address>
         <size>0x16</size>
         <input_file_ref idref="fl-a"/>
      </object_component>
      <object_component id="oc-143">
         <name>.data</name>
         <load_address>0x43d8</load_address>
         <run_address>0x43d8</run_address>
         <size>0x4c</size>
         <input_file_ref idref="fl-d"/>
      </object_component>
      <object_component id="oc-146">
         <name>.data:RTC_AsCharArray</name>
         <load_address>0x443a</load_address>
         <run_address>0x443a</run_address>
         <size>0xe</size>
         <input_file_ref idref="fl-d"/>
      </object_component>
      <object_component id="oc-190">
         <name>.data</name>
         <load_address>0x4452</load_address>
         <run_address>0x4452</run_address>
         <size>0x8</size>
         <input_file_ref idref="fl-6d"/>
      </object_component>
      <object_component id="oc-1a4">
         <name>.data</name>
         <load_address>0x445a</load_address>
         <run_address>0x445a</run_address>
         <size>0x4</size>
         <input_file_ref idref="fl-3"/>
      </object_component>
      <object_component id="oc-1a8">
         <name>.data</name>
         <load_address>0x4462</load_address>
         <run_address>0x4462</run_address>
         <size>0x2</size>
         <input_file_ref idref="fl-6"/>
      </object_component>
      <object_component id="oc-1b4">
         <name>.data</name>
         <load_address>0x4448</load_address>
         <run_address>0x4448</run_address>
         <size>0x9</size>
         <input_file_ref idref="fl-b"/>
[...]
      </symbol>
      <symbol id="sm-b50">
         <name>_stack</name>
         <value>0x5b60</value>
         <object_component_ref idref="oc-98"/>
      </symbol>
      <symbol id="sm-b51">
         <name>_c_int00_noargs</name>
         <value>0x5e90</value>
         <object_component_ref idref="oc-72"/>
      </symbol>
      <symbol id="sm-b52">
         <name>_reset_vector</name>
         <value>0xfffe</value>
         <object_component_ref idref="oc-9b"/>
      </symbol>
      <symbol id="sm-b6f">
         <name>__mspabi_cmpd</name>
         <value>0x1655a</value>
         <object_component_ref idref="oc-5bb"/>
      </symbol>
      <symbol id="sm-b85">
         <name>__TI_decompress_none</name>
         <value>0x18144</value>
         <object_component_ref idref="oc-85"/>
      </symbol>
      <symbol id="sm-ba7">
         <name>__TI_decompress_rle24</name>
         <value>0x18248</value>
         <object_component_ref idref="oc-91"/>
      </symbol>
      <symbol id="sm-bba">
         <name>__TI_zero_init</name>
         <value>0x17fb8</value>
         <object_component_ref idref="oc-8b"/>
      </symbol>
      <symbol id="sm-bc7">
         <name>_ZdlPv</name>
         <value>0x181f4</value>
         <object_component_ref idref="oc-6bb"/>
      </symbol>
      <symbol id="sm-bd5">
         <name>__mspabi_remul</name>
         <value>0x177bc</value>
         <object_component_ref idref="oc-48f"/>
      </symbol>
      <symbol id="sm-bd6">
         <name>__mspabi_divul</name>
         <value>0x177bc</value>
         <object_component_ref idref="oc-48f"/>
      </symbol>
      <symbol id="sm-bf7">
         <name>__mspabi_divd</name>
         <value>0x1488c</value>
         <object_component_ref idref="oc-393"/>
      </symbol>
      <symbol id="sm-c37">
         <name>__dso_handle</name>
         <value>0x5294</value>
      </symbol>
      <symbol id="sm-c38">
         <name>__cxa_atexit</name>
         <value>0x1825a</value>
         <object_component_ref idref="oc-226"/>
      </symbol>
      <symbol id="sm-c39">
         <name>__cxa_finalize</name>
         <value>0x178c2</value>
         <object_component_ref idref="oc-6d0"/>
      </symbol>
      <symbol id="sm-c3a">
         <name>__cxa_ia64_exit</name>
         <value>0x1823c</value>
         <object_component_ref idref="oc-5e6"/>
      </symbol>
      <symbol id="sm-c50">
         <name>C$$EXIT</name>
         <value>0x1825e</value>
         <object_component_ref idref="oc-199"/>
      </symbol>
      <symbol id="sm-c51">
         <name>abort</name>
         <value>0x1825e</value>
         <object_component_ref idref="oc-199"/>
      </symbol>
      <symbol id="sm-c52">
         <name>exit</name>
         <value>0x17f0c</value>
         <object_component_ref idref="oc-c8"/>
      </symbol>
      <symbol id="sm-c60">
         <name>__mspabi_fixdu</name>
         <value>0x18132</value>
         <object_component_ref idref="oc-399"/>
      </symbol>
      <symbol id="sm-c73">
         <name>__mspabi_fixdul</name>
         <value>0x175da</value>
         <object_component_ref idref="oc-564"/>
      </symbol>
      <symbol id="sm-c7f">
         <name>__mspabi_fltud</name>
         <value>0x18242</value>
         <object_component_ref idref="oc-387"/>
      </symbol>
      <symbol id="sm-c94">
         <name>__mspabi_fltuld</name>
         <value>0x174f6</value>
         <object_component_ref idref="oc-542"/>
      </symbol>
      <symbol id="sm-cb5">
         <name>__TI_frcaddd</name>
         <value>0x13b4e</value>
         <object_component_ref idref="oc-56e"/>
      </symbol>
      <symbol id="sm-cd0">
         <name>__TI_frcdivd</name>
         <value>0x11d76</value>
         <object_component_ref idref="oc-557"/>
      </symbol>
      <symbol id="sm-cd3">
         <name>__TI_int43</name>
         <value>0xffd6</value>
         <object_component_ref idref="oc-6b"/>
      </symbol>
      <symbol id="sm-cd6">
         <name>__TI_int44</name>
         <value>0xffd8</value>
         <object_component_ref idref="oc-6c"/>
      </symbol>
      <symbol id="sm-cd9">
         <name>__TI_int45</name>
         <value>0xffda</value>
         <object_component_ref idref="oc-6d"/>
      </symbol>
      <symbol id="sm-cdc">
         <name>__TI_int46</name>
         <value>0xffdc</value>
         <object_component_ref idref="oc-6e"/>
      </symbol>
      <symbol id="sm-cdf">
         <name>__TI_int47</name>
         <value>0xffde</value>
         <object_component_ref idref="oc-6f"/>
      </symbol>
      <symbol id="sm-ce2">
         <name>__TI_int48</name>
         <value>0xffe0</value>
         <object_component_ref idref="oc-70"/>
      </symbol>
      <symbol id="sm-ce5">
         <name>__TI_int50</name>
         <value>0xffe4</value>
         <object_component_ref idref="oc-78"/>
      </symbol>
      <symbol id="sm-ce8">
         <name>__TI_int51</name>
         <value>0xffe6</value>
         <object_component_ref idref="oc-79"/>
      </symbol>
      <symbol id="sm-ceb">
         <name>__TI_int52</name>
         <value>0xffe8</value>
         <object_component_ref idref="oc-7a"/>
      </symbol>
      <symbol id="sm-cee">
         <name>__TI_int53</name>
         <value>0xffea</value>
         <object_component_ref idref="oc-7b"/>
      </symbol>
      <symbol id="sm-cf1">
         <name>__TI_int58</name>
         <value>0xfff4</value>
         <object_component_ref idref="oc-80"/>
      </symbol>
      <symbol id="sm-cf4">
         <name>__TI_int59</name>
         <value>0xfff6</value>
         <object_component_ref idref="oc-81"/>
      </symbol>
      <symbol id="sm-cf7">
         <name>__TI_int61</name>
         <value>0xfffa</value>
         <object_component_ref idref="oc-83"/>
      </symbol>
      <symbol id="sm-cfa">
         <name>__TI_int62</name>
         <value>0xfffc</value>
         <object_component_ref idref="oc-84"/>
      </symbol>
      <symbol id="sm-d02">
         <name>__TI_ISR_TRAP</name>
         <value>0x18236</value>
         <object_component_ref idref="oc-ab"/>
      </symbol>
      <symbol id="sm-d13">
         <name>__mspabi_slll_9</name>
         <value>0x17cd6</value>
         <object_component_ref idref="oc-649"/>
      </symbol>
      <symbol id="sm-d14">
         <name>__mspabi_slll_8</name>
         <value>0x17cda</value>
         <object_component_ref idref="oc-649"/>
      </symbol>
      <symbol id="sm-d15">
         <name>__mspabi_slll_7</name>
         <value>0x17cde</value>
         <object_component_ref idref="oc-649"/>
      </symbol>
      <symbol id="sm-d16">
         <name>__mspabi_slll_6</name>
         <value>0x17ce2</value>
         <object_component_ref idref="oc-649"/>
      </symbol>
      <symbol id="sm-d17">
         <name>__mspabi_slll_5</name>
         <value>0x17ce6</value>
         <object_component_ref idref="oc-649"/>
      </symbol>
      <symbol id="sm-d18">
         <name>__mspabi_slll_4</name>
         <value>0x17cea</value>
         <object_component_ref idref="oc-649"/>
      </symbol>
      <symbol id="sm-d19">
         <name>__mspabi_slll_3</name>
         <value>0x17cee</value>
         <object_component_ref idref="oc-649"/>
      </symbol>
      <symbol id="sm-d1a">
         <name>__mspabi_slll_2</name>
         <value>0x17cf2</value>
         <object_component_ref idref="oc-649"/>
      </symbol>
      <symbol id="sm-d1b">
         <name>__mspabi_slll_1</name>
         <value>0x17cf6</value>
         <object_component_ref idref="oc-649"/>
      </symbol>
      <symbol id="sm-d1c">
         <name>__mspabi_slll</name>
         <value>0x1819c</value>
         <object_component_ref idref="oc-699"/>
      </symbol>
      <symbol id="sm-d1d">
         <name>__mspabi_slll_15</name>
         <value>0x17cbe</value>
         <object_component_ref idref="oc-649"/>
      </symbol>
      <symbol id="sm-d1e">
         <name>__mspabi_slll_14</name>
         <value>0x17cc2</value>
         <object_component_ref idref="oc-649"/>
      </symbol>
      <symbol id="sm-d1f">
         <name>__mspabi_slll_13</name>
         <value>0x17cc6</value>
         <object_component_ref idref="oc-649"/>
      </symbol>
      <symbol id="sm-d20">
         <name>__mspabi_slll_12</name>
         <value>0x17cca</value>
         <object_component_ref idref="oc-649"/>
      </symbol>
      <symbol id="sm-d21">
         <name>__mspabi_slll_11</name>
         <value>0x17cce</value>
         <object_component_ref idref="oc-649"/>
      </symbol>
      <symbol id="sm-d22">
         <name>__mspabi_slll_10</name>
         <value>0x17cd2</value>
         <object_component_ref idref="oc-649"/>
      </symbol>
      <symbol id="sm-d32">
         <name>__mspabi_srll_8</name>
         <value>0x17d18</value>
         <object_component_ref idref="oc-4e1"/>
      </symbol>
      <symbol id="sm-d33">
         <name>__mspabi_srll_9</name>
         <value>0x17d14</value>
         <object_component_ref idref="oc-4e1"/>
      </symbol>
      <symbol id="sm-d34">
         <name>__mspabi_srll_6</name>
         <value>0x17d20</value>
         <object_component_ref idref="oc-4e1"/>
      </symbol>
      <symbol id="sm-d35">
         <name>__mspabi_srll_7</name>
         <value>0x17d1c</value>
         <object_component_ref idref="oc-4e1"/>
      </symbol>
      <symbol id="sm-d36">
         <name>__mspabi_srll_4</name>
         <value>0x17d28</value>
         <object_component_ref idref="oc-4e1"/>
      </symbol>
      <symbol id="sm-d37">
         <name>__mspabi_srll_5</name>
         <value>0x17d24</value>
         <object_component_ref idref="oc-4e1"/>
      </symbol>
      <symbol id="sm-d38">
         <name>__mspabi_srll_2</name>
         <value>0x17d30</value>
         <object_component_ref idref="oc-4e1"/>
      </symbol>
      <symbol id="sm-d39">
         <name>__mspabi_srll_3</name>
         <value>0x17d2c</value>
         <object_component_ref idref="oc-4e1"/>
      </symbol>
      <symbol id="sm-d3a">
         <name>__mspabi_srll_1</name>
         <value>0x17d34</value>
         <object_component_ref idref="oc-4e1"/>
      </symbol>
      <symbol id="sm-d3b">
         <name>__mspabi_srll_15</name>
         <value>0x17cfc</value>
         <object_component_ref idref="oc-4e1"/>
      </symbol>
      <symbol id="sm-d3c">
         <name>__mspabi_srll_14</name>
         <value>0x17d00</value>
         <object_component_ref idref="oc-4e1"/>
      </symbol>
      <symbol id="sm-d3d">
         <name>__mspabi_srll_13</name>
         <value>0x17d04</value>
         <object_component_ref idref="oc-4e1"/>
      </symbol>
      <symbol id="sm-d3e">
         <name>__mspabi_srll_12</name>
         <value>0x17d08</value>
         <object_component_ref idref="oc-4e1"/>
      </symbol>
      <symbol id="sm-d3f">
         <name>__mspabi_srll_11</name>
         <value>0x17d0c</value>
         <object_component_ref idref="oc-4e1"/>
      </symbol>
      <symbol id="sm-d40">
         <name>__mspabi_srll_10</name>
         <value>0x17d10</value>
         <object_component_ref idref="oc-4e1"/>
      </symbol>
      <symbol id="sm-d41">
         <name>__mspabi_srll</name>
         <value>0x181ac</value>
         <object_component_ref idref="oc-690"/>
      </symbol>
      <symbol id="sm-d54">
         <name>memcpy</name>
         <value>0x1810c</value>
         <object_component_ref idref="oc-ed"/>
      </symbol>
      <symbol id="sm-d9f">
         <name>_sys_memory</name>
         <value>0x52b0</value>
         <object_component_ref idref="oc-9c"/>
      </symbol>
      <symbol id="sm-da0">
         <name>free</name>
         <value>0x171d2</value>
         <object_component_ref idref="oc-75b"/>
      </symbol>
      <symbol id="sm-da1">
         <name>malloc</name>
         <value>0x169f2</value>
         <object_component_ref idref="oc-5e0"/>
      </symbol>
      <symbol id="sm-da2">
         <name>minit</name>
         <value>0x17bc2</value>
         <object_component_ref idref="oc-6c6"/>
      </symbol>
      <symbol id="sm-db0">
         <name>memset</name>
         <value>0x180cc</value>
         <object_component_ref idref="oc-2a3"/>
      </symbol>
      <symbol id="sm-dd1">
         <name>__mspabi_mpyd</name>
         <value>0x138cc</value>
         <object_component_ref idref="oc-54d"/>
      </symbol>
      <symbol id="sm-dd9">
         <name>__mspabi_mpyi_f5hw</name>
         <value>0x180e2</value>
         <object_component_ref idref="oc-164"/>
      </symbol>
      <symbol id="sm-de1">
         <name>__mspabi_mpyl_f5hw</name>
         <value>0x17fdc</value>
         <object_component_ref idref="oc-60e"/>
      </symbol>
      <symbol id="sm-df5">
         <name>__TI_renormd</name>
         <value>0x16cc8</value>
         <object_component_ref idref="oc-6a3"/>
      </symbol>
      <symbol id="sm-e51">
         <name>_ZTSSt9type_info</name>
         <value>0x61c6</value>
         <object_component_ref idref="oc-7d1"/>
      </symbol>
      <symbol id="sm-e52">
         <name>_ZN10__cxxabiv117__class_type_infoD1Ev</name>
         <value>0x18262</value>
         <object_component_ref idref="oc-74d"/>
      </symbol>
      <symbol id="sm-e53">
         <name>_ZTSN10__cxxabiv120__si_class_type_infoE</name>
         <value>0x6100</value>
         <object_component_ref idref="oc-7d8"/>
      </symbol>
      <symbol id="sm-e54">
         <name>_ZTSN10__cxxabiv117__class_type_infoE</name>
         <value>0x6126</value>
         <object_component_ref idref="oc-799"/>
      </symbol>
      <symbol id="sm-e55">
         <name>_ZTVN10__cxxabiv117__class_type_infoE</name>
         <value>0x6188</value>
         <object_component_ref idref="oc-6b1"/>
      </symbol>
      <symbol id="sm-e56">
         <name>_ZTISt9type_info</name>
         <value>0x61fc</value>
         <object_component_ref idref="oc-79e"/>
      </symbol>
      <symbol id="sm-e57">
         <name>_ZTIN10__cxxabiv117__class_type_infoE</name>
         <value>0x61d4</value>
         <object_component_ref idref="oc-748"/>
      </symbol>
      <symbol id="sm-e58">
         <name>_ZN10__cxxabiv120__si_class_type_infoD1Ev</name>
         <value>0x18264</value>
         <object_component_ref idref="oc-7c6"/>
      </symbol>
      <symbol id="sm-e59">
         <name>_ZTIN10__cxxabiv120__si_class_type_infoE</name>
         <value>0x61e0</value>
         <object_component_ref idref="oc-7c1"/>
      </symbol>
      <symbol id="sm-e5a">
         <name>_ZN10__cxxabiv117__class_type_infoD0Ev</name>
         <value>0x181d6</value>
         <object_component_ref idref="oc-753"/>
      </symbol>
      <symbol id="sm-e5b">
         <name>_ZTVN10__cxxabiv120__si_class_type_infoE</name>
         <value>0x6198</value>
         <object_component_ref idref="oc-794"/>
      </symbol>
      <symbol id="sm-e5c">
         <name>_ZN10__cxxabiv120__si_class_type_infoD0Ev</name>
         <value>0x181e0</value>
         <object_component_ref idref="oc-7cc"/>
      </symbol>
      <symbol id="sm-e6d">
         <name>_nop</name>
         <value>0x1826c</value>
         <object_component_ref idref="oc-40c"/>
      </symbol>
      <symbol id="sm-e6e">
         <name>_lock</name>
         <value>0x4452</value>
         <object_component_ref idref="oc-190"/>
      </symbol>
      <symbol id="sm-e6f">
         <name>_unlock</name>
         <value>0x4456</value>
         <object_component_ref idref="oc-190"/>
      </symbol>
      <symbol id="sm-e80">
         <name>__mspabi_sral</name>
         <value>0x1818c</value>
         <object_component_ref idref="oc-69e"/>
      </symbol>
      <symbol id="sm-e81">
         <name>__mspabi_sral_15</name>
         <value>0x17c80</value>
         <object_component_ref idref="oc-687"/>
      </symbol>
      <symbol id="sm-e82">
         <name>__mspabi_sral_14</name>
         <value>0x17c84</value>
         <object_component_ref idref="oc-687"/>
      </symbol>
      <symbol id="sm-e83">
         <name>__mspabi_sral_13</name>
         <value>0x17c88</value>
         <object_component_ref idref="oc-687"/>
      </symbol>
      <symbol id="sm-e84">
         <name>__mspabi_sral_12</name>
         <value>0x17c8c</value>
         <object_component_ref idref="oc-687"/>
      </symbol>
      <symbol id="sm-e85">
         <name>__mspabi_sral_11</name>
         <value>0x17c90</value>
         <object_component_ref idref="oc-687"/>
      </symbol>
      <symbol id="sm-e86">
         <name>__mspabi_sral_10</name>
         <value>0x17c94</value>
         <object_component_ref idref="oc-687"/>
      </symbol>
      <symbol id="sm-e87">
         <name>__mspabi_sral_8</name>
         <value>0x17c9c</value>
         <object_component_ref idref="oc-687"/>
      </symbol>
      <symbol id="sm-e88">
         <name>__mspabi_sral_9</name>
         <value>0x17c98</value>
         <object_component_ref idref="oc-687"/>
      </symbol>
      <symbol id="sm-e89">
         <name>__mspabi_sral_6</name>
         <value>0x17ca4</value>
         <object_component_ref idref="oc-687"/>
      </symbol>
      <symbol id="sm-e8a">
         <name>__mspabi_sral_7</name>
         <value>0x17ca0</value>
         <object_component_ref idref="oc-687"/>
      </symbol>
      <symbol id="sm-e8b">
         <name>__mspabi_sral_4</name>
         <value>0x17cac</value>
         <object_component_ref idref="oc-687"/>
      </symbol>
      <symbol id="sm-e8c">
         <name>__mspabi_sral_5</name>
         <value>0x17ca8</value>
         <object_component_ref idref="oc-687"/>
      </symbol>
      <symbol id="sm-e8d">
         <name>__mspabi_sral_2</name>
         <value>0x17cb4</value>
         <object_component_ref idref="oc-687"/>
      </symbol>
      <symbol id="sm-e8e">
         <name>__mspabi_sral_3</name>
         <value>0x17cb0</value>
         <object_component_ref idref="oc-687"/>
      </symbol>
      <symbol id="sm-e8f">
         <name>__mspabi_sral_1</name>
         <value>0x17cb8</value>
         <object_component_ref idref="oc-687"/>
      </symbol>
      <symbol id="sm-ea6">
         <name>_auto_init_hold_wdt</name>
         <value>0x1756c</value>
         <object_component_ref idref="oc-bc"/>
      </symbol>
      <symbol id="sm-eb7">
         <name>__TI_frcmpyd</name>
         <value>0x12b42</value>
         <object_component_ref idref="oc-67d"/>
      </symbol>
      <symbol id="sm-eb8">
         <name>__TI_exit</name>
         <value>0x1</value>
      </symbol>
      <symbol id="sm-eb9">
         <name>__TI_args_main</name>
         <value>0x1</value>
      </symbol>
      <symbol id="sm-ebc">
         <name>_ZN6MSP4303ADCC2Ev</name>
         <value>0x18266</value>
      </symbol>
      <symbol id="sm-ebd">
         <name>_ZN6MSP4303I2CC2ENS_3BUSEPFvPhjE</name>
         <value>0x17c04</value>
      </symbol>
      <symbol id="sm-ebe">
         <name>_ZN6MSP4303I2CD2Ev</name>
         <value>0x18268</value>
      </symbol>
      <symbol id="sm-ebf">
         <name>_ZN6MSP4305TimerC2ENS_5TIMEREPFvvE</name>
         <value>0x1786c</value>
      </symbol>
      <symbol id="sm-ec0">
         <name>_ZN6MSP4304UARTC2ENS_3BUSEmPFvhPhjE</name>
         <value>0x16aac</value>
      </symbol>
      <symbol id="sm-ec1">
         <name>_ZN6MSP4306pulsarC2EPhhb</name>
         <value>0x17f3a</value>
      </symbol>
      <symbol id="sm-ec2">
         <name>_ZN6MSP4306pulsarC2EPhh</name>
         <value>0x1808a</value>
      </symbol>
      <symbol id="sm-ec3">
         <name>_ZN6MSP4306pulsarC2EPhhNS_13InterruptTypeEPFvvE</name>
         <value>0x17a58</value>
      </symbol>
      <symbol id="sm-ec4">
         <name>_ZN6MSP4304renaC2Ev</name>
         <value>0x1826a</value>
      </symbol>
      <symbol id="sm-ec5">
         <name>_ZN10__cxxabiv117__class_type_infoD2Ev</name>
         <value>0x18262</value>
      </symbol>
      <symbol id="sm-ec6">
         <name>_ZN10__cxxabiv120__si_class_type_infoD2Ev</name>
         <value>0x18264</value>
      </symbol>
   </symbol_table>
   <title>Link successful</title>
</link_info>
