<?xml version="1.0"?>
<link_info>
   <banner>MSP430 Linker PC v4.3.3</banner>
   <copyright>Copyright (c) 2003-2014 Texas Instruments Incorporated</copyright>
   <link_time>0x55d4851c</link_time>
   <link_errors>0x0</link_errors>
   <output_file>XRD.out</output_file>
   <entry_point>
      <name>_c_int00</name>
      <address>0x5e90</address>
   </entry_point>
   <input_file_list>
      <input_file id="fl-2">
         <path>.\</path>
         <kind>object</kind>
         <file>AD9243.obj</file>
         <name>AD9243.obj</name>
      </input_file>
      <input_file id="fl-3">
         <path>.\</path>
         <kind>object</kind>
         <file>ADC.obj</file>
         <name>ADC.obj</name>
      </input_file>
      <input_file id="fl-4">
         <path>.\</path>
         <kind>object</kind>
         <file>ByteFunctions.obj</file>
         <name>ByteFunctions.obj</name>
      </input_file>
      <input_file id="fl-5">
         <path>.\</path>
         <kind>object</kind>
         <file>HAL_SDCard.obj</file>
         <name>HAL_SDCard.obj</name>
      </input_file>
      <input_file id="fl-6">
         <path>.\</path>
         <kind>object</kind>
         <file>I2C.obj</file>
         <name>I2C.obj</name>
      </input_file>
      <input_file id="fl-7">
         <path>.\</path>
         <kind>object</kind>
         <file>MemoryHandling.obj</file>
         <name>MemoryHandling.obj</name>
      </input_file>
      <input_file id="fl-8">
         <path>.\</path>
         <kind>object</kind>
         <file>RTC.obj</file>
         <name>RTC.obj</name>
      </input_file>
      <input_file id="fl-9">
         <path>.\</path>
         <kind>object</kind>
         <file>SPI.obj</file>
         <name>SPI.obj</name>
      </input_file>
      <input_file id="fl-a">
         <path>.\</path>
         <kind>object</kind>
         <file>Timer.obj</file>
         <name>Timer.obj</name>
      </input_file>
      <input_file id="fl-b">
         <path>.\</path>
         <kind>object</kind>
         <file>UART.obj</file>
         <name>UART.obj</name>
      </input_file>
      <input_file id="fl-c">
         <path>.\</path>
         <kind>object</kind>
         <file>ff.obj</file>
         <name>ff.obj</name>
      </input_file>
      <input_file id="fl-d">
         <path>.\</path>
         <kind>object</kind>
         <file>main.obj</file>
         <name>main.obj</name>
      </input_file>
      <input_file id="fl-e">
         <path>.\</path>
         <kind>object</kind>
         <file>mmc.obj</file>
         <name>mmc.obj</name>
      </input_file>
      <input_file id="fl-f">
         <path>.\</path>
         <kind>object</kind>
         <file>pre_init.obj</file>
         <name>pre_init.obj</name>
      </input_file>
      <input_file id="fl-10">
         <path>.\</path>
         <kind>object</kind>
         <file>pulsar.obj</file>
         <name>pulsar.obj</name>
      </input_file>
      <input_file id="fl-11">
         <path>.\</path>
         <kind>object</kind>
         <file>rena.obj</file>
         <name>rena.obj</name>
      </input_file>
      <input_file id="fl-40">
         <path>c:\ti\ccsv6\tools\compiler\msp430_4.3.3\lib\</path>
         <kind>archive</kind>
         <file>rts430x_lc_rd_eabi.lib</file>
         <name>addd.obj</name>
      </input_file>
      <input_file id="fl-41">
         <path>c:\ti\ccsv6\tools\compiler\msp430_4.3.3\lib\</path>
         <kind>archive</kind>
         <file>rts430x_lc_rd_eabi.lib</file>
         <name>asr16.obj</name>
      </input_file>
      <input_file id="fl-42">
         <path>c:\ti\ccsv6\tools\compiler\msp430_4.3.3\lib\</path>
         <kind>archive</kind>
         <file>rts430x_lc_rd_eabi.lib</file>
         <name>boot.obj</name>
      </input_file>
      <input_file id="fl-43">
         <path>c:\ti\ccsv6\tools\compiler\msp430_4.3.3\lib\</path>
         <kind>archive</kind>
         <file>rts430x_lc_rd_eabi.lib</file>
         <name>cmpd.obj</name>
      </input_file>
      <input_file id="fl-44">
         <path>c:\ti\ccsv6\tools\compiler\msp430_4.3.3\lib\</path>
         <kind>archive</kind>
         <file>rts430x_lc_rd_eabi.lib</file>
         <name>copy_decompress_none.obj</name>
      </input_file>
      <input_file id="fl-45">
         <path>c:\ti\ccsv6\tools\compiler\msp430_4.3.3\lib\</path>
         <kind>archive</kind>
         <file>rts430x_lc_rd_eabi.lib</file>
         <name>copy_decompress_rle.obj</name>
      </input_file>
      <input_file id="fl-46">
         <path>c:\ti\ccsv6\tools\compiler\msp430_4.3.3\lib\</path>
         <kind>archive</kind>
         <file>rts430x_lc_rd_eabi.lib</file>
         <name>copy_zero_init.obj</name>
      </input_file>
      <input_file id="fl-47">
         <path>c:\ti\ccsv6\tools\compiler\msp430_4.3.3\lib\</path>
         <kind>archive</kind>
         <file>rts430x_lc_rd_eabi.lib</file>
         <name>delete.obj</name>
      </input_file>
      <input_file id="fl-48">
         <path>c:\ti\ccsv6\tools\compiler\msp430_4.3.3\lib\</path>
         <kind>archive</kind>
         <file>rts430x_lc_rd_eabi.lib</file>
         <name>div32u.obj</name>
      </input_file>
      <input_file id="fl-49">
         <path>c:\ti\ccsv6\tools\compiler\msp430_4.3.3\lib\</path>
         <kind>archive</kind>
         <file>rts430x_lc_rd_eabi.lib</file>
         <name>divd.obj</name>
      </input_file>
      <input_file id="fl-4a">
         <path>c:\ti\ccsv6\tools\compiler\msp430_4.3.3\lib\</path>
         <kind>archive</kind>
         <file>rts430x_lc_rd_eabi.lib</file>
         <name>dtor_list.obj</name>
      </input_file>
      <input_file id="fl-4b">
         <path>c:\ti\ccsv6\tools\compiler\msp430_4.3.3\lib\</path>
         <kind>archive</kind>
         <file>rts430x_lc_rd_eabi.lib</file>
         <name>exit.obj</name>
      </input_file>
      <input_file id="fl-4c">
         <path>c:\ti\ccsv6\tools\compiler\msp430_4.3.3\lib\</path>
         <kind>archive</kind>
         <file>rts430x_lc_rd_eabi.lib</file>
         <name>fixdu.obj</name>
      </input_file>
      <input_file id="fl-4d">
         <path>c:\ti\ccsv6\tools\compiler\msp430_4.3.3\lib\</path>
         <kind>archive</kind>
         <file>rts430x_lc_rd_eabi.lib</file>
         <name>fixdul.obj</name>
      </input_file>
      <input_file id="fl-4e">
         <path>c:\ti\ccsv6\tools\compiler\msp430_4.3.3\lib\</path>
         <kind>archive</kind>
         <file>rts430x_lc_rd_eabi.lib</file>
         <name>fltud.obj</name>
      </input_file>
      <input_file id="fl-4f">
         <path>c:\ti\ccsv6\tools\compiler\msp430_4.3.3\lib\</path>
         <kind>archive</kind>
         <file>rts430x_lc_rd_eabi.lib</file>
         <name>fltuld.obj</name>
      </input_file>
      <input_file id="fl-50">
         <path>c:\ti\ccsv6\tools\compiler\msp430_4.3.3\lib\</path>
         <kind>archive</kind>
         <file>rts430x_lc_rd_eabi.lib</file>
         <name>frcaddd.obj</name>
      </input_file>
      <input_file id="fl-51">
         <path>c:\ti\ccsv6\tools\compiler\msp430_4.3.3\lib\</path>
         <kind>archive</kind>
         <file>rts430x_lc_rd_eabi.lib</file>
         <name>frcdivd.obj</name>
      </input_file>
      <input_file id="fl-52">
         <path>c:\ti\ccsv6\tools\compiler\msp430_4.3.3\lib\</path>
         <kind>archive</kind>
         <file>rts430x_lc_rd_eabi.lib</file>
         <name>int43.obj</name>
      </input_file>
      <input_file id="fl-53">
         <path>c:\ti\ccsv6\tools\compiler\msp430_4.3.3\lib\</path>
         <kind>archive</kind>
         <file>rts430x_lc_rd_eabi.lib</file>
         <name>int44.obj</name>
      </input_file>
      <input_file id="fl-54">
         <path>c:\ti\ccsv6\tools\compiler\msp430_4.3.3\lib\</path>
         <kind>archive</kind>
         <file>rts430x_lc_rd_eabi.lib</file>
         <name>int45.obj</name>
      </input_file>
      <input_file id="fl-55">
         <path>c:\ti\ccsv6\tools\compiler\msp430_4.3.3\lib\</path>
         <kind>archive</kind>
         <file>rts430x_lc_rd_eabi.lib</file>
         <name>int46.obj</name>
      </input_file>
      <input_file id="fl-56">
         <path>c:\ti\ccsv6\tools\compiler\msp430_4.3.3\lib\</path>
         <kind>archive</kind>
         <file>rts430x_lc_rd_eabi.lib</file>
         <name>int47.obj</name>
      </input_file>
      <input_file id="fl-57">
         <path>c:\ti\ccsv6\tools\compiler\msp430_4.3.3\lib\</path>
         <kind>archive</kind>
         <file>rts430x_lc_rd_eabi.lib</file>
         <name>int48.obj</name>
      </input_file>
      <input_file id="fl-58">
         <path>c:\ti\ccsv6\tools\compiler\msp430_4.3.3\lib\</path>
         <kind>archive</kind>
         <file>rts430x_lc_rd_eabi.lib</file>
         <name>int50.obj</name>
      </input_file>
      <input_file id="fl-59">
         <path>c:\ti\ccsv6\tools\compiler\msp430_4.3.3\lib\</path>
         <kind>archive</kind>
         <file>rts430x_lc_rd_eabi.lib</file>
         <name>int51.obj</name>
      </input_file>
      <input_file id="fl-5a">
         <path>c:\ti\ccsv6\tools\compiler\msp430_4.3.3\lib\</path>
         <kind>archive</kind>
         <file>rts430x_lc_rd_eabi.lib</file>
         <name>int52.obj</name>
      </input_file>
      <input_file id="fl-5b">
         <path>c:\ti\ccsv6\tools\compiler\msp430_4.3.3\lib\</path>
         <kind>archive</kind>
         <file>rts430x_lc_rd_eabi.lib</file>
         <name>int53.obj</name>
      </input_file>
      <input_file id="fl-5c">
         <path>c:\ti\ccsv6\tools\compiler\msp430_4.3.3\lib\</path>
         <kind>archive</kind>
         <file>rts430x_lc_rd_eabi.lib</file>
         <name>int58.obj</name>
      </input_file>
      <input_file id="fl-5d">
         <path>c:\ti\ccsv6\tools\compiler\msp430_4.3.3\lib\</path>
         <kind>archive</kind>
         <file>rts430x_lc_rd_eabi.lib</file>
         <name>int59.obj</name>
      </input_file>
      <input_file id="fl-5e">
         <path>c:\ti\ccsv6\tools\compiler\msp430_4.3.3\lib\</path>
         <kind>archive</kind>
         <file>rts430x_lc_rd_eabi.lib</file>
         <name>int61.obj</name>
      </input_file>
      <input_file id="fl-5f">
         <path>c:\ti\ccsv6\tools\compiler\msp430_4.3.3\lib\</path>
         <kind>archive</kind>
         <file>rts430x_lc_rd_eabi.lib</file>
         <name>int62.obj</name>
      </input_file>
      <input_file id="fl-60">
         <path>c:\ti\ccsv6\tools\compiler\msp430_4.3.3\lib\</path>
         <kind>archive</kind>
         <file>rts430x_lc_rd_eabi.lib</file>
         <name>isr_trap.obj</name>
      </input_file>
      <input_file id="fl-61">
         <path>c:\ti\ccsv6\tools\compiler\msp430_4.3.3\lib\</path>
         <kind>archive</kind>
         <file>rts430x_lc_rd_eabi.lib</file>
         <name>lsl16.obj</name>
      </input_file>
      <input_file id="fl-62">
         <path>c:\ti\ccsv6\tools\compiler\msp430_4.3.3\lib\</path>
         <kind>archive</kind>
         <file>rts430x_lc_rd_eabi.lib</file>
         <name>lsl32.obj</name>
      </input_file>
      <input_file id="fl-63">
         <path>c:\ti\ccsv6\tools\compiler\msp430_4.3.3\lib\</path>
         <kind>archive</kind>
         <file>rts430x_lc_rd_eabi.lib</file>
         <name>lsr32.obj</name>
      </input_file>
      <input_file id="fl-64">
         <path>c:\ti\ccsv6\tools\compiler\msp430_4.3.3\lib\</path>
         <kind>archive</kind>
         <file>rts430x_lc_rd_eabi.lib</file>
         <name>memcpy.obj</name>
      </input_file>
      <input_file id="fl-65">
         <path>c:\ti\ccsv6\tools\compiler\msp430_4.3.3\lib\</path>
         <kind>archive</kind>
         <file>rts430x_lc_rd_eabi.lib</file>
         <name>memory.obj</name>
      </input_file>
      <input_file id="fl-66">
         <path>c:\ti\ccsv6\tools\compiler\msp430_4.3.3\lib\</path>
         <kind>archive</kind>
         <file>rts430x_lc_rd_eabi.lib</file>
         <name>memset.obj</name>
      </input_file>
      <input_file id="fl-67">
         <path>c:\ti\ccsv6\tools\compiler\msp430_4.3.3\lib\</path>
         <kind>archive</kind>
         <file>rts430x_lc_rd_eabi.lib</file>
         <name>mpu_init.obj</name>
      </input_file>
      <input_file id="fl-68">
         <path>c:\ti\ccsv6\tools\compiler\msp430_4.3.3\lib\</path>
         <kind>archive</kind>
         <file>rts430x_lc_rd_eabi.lib</file>
         <name>mpyd.obj</name>
      </input_file>
      <input_file id="fl-69">
         <path>c:\ti\ccsv6\tools\compiler\msp430_4.3.3\lib\</path>
         <kind>archive</kind>
         <file>rts430x_lc_rd_eabi.lib</file>
         <name>mult16_f5hw.obj</name>
      </input_file>
      <input_file id="fl-6a">
         <path>c:\ti\ccsv6\tools\compiler\msp430_4.3.3\lib\</path>
         <kind>archive</kind>
         <file>rts430x_lc_rd_eabi.lib</file>
         <name>mult32_f5hw.obj</name>
      </input_file>
      <input_file id="fl-6b">
         <path>c:\ti\ccsv6\tools\compiler\msp430_4.3.3\lib\</path>
         <kind>archive</kind>
         <file>rts430x_lc_rd_eabi.lib</file>
         <name>renormd.obj</name>
      </input_file>
      <input_file id="fl-6c">
         <path>c:\ti\ccsv6\tools\compiler\msp430_4.3.3\lib\</path>
         <kind>archive</kind>
         <file>rts430x_lc_rd_eabi.lib</file>
         <name>typeinfo_.obj</name>
      </input_file>
      <input_file id="fl-6d">
         <path>c:\ti\ccsv6\tools\compiler\msp430_4.3.3\lib\</path>
         <kind>archive</kind>
         <file>rts430x_lc_rd_eabi.lib</file>
         <name>_lock.obj</name>
      </input_file>
      <input_file id="fl-6e">
         <path>c:\ti\ccsv6\tools\compiler\msp430_4.3.3\lib\</path>
         <kind>archive</kind>
         <file>rts430x_lc_rd_eabi.lib</file>
         <name>args_main.obj</name>
      </input_file>
      <input_file id="fl-6f">
         <path>c:\ti\ccsv6\tools\compiler\msp430_4.3.3\lib\</path>
         <kind>archive</kind>
         <file>rts430x_lc_rd_eabi.lib</file>
         <name>asr32.obj</name>
      </input_file>
      <input_file id="fl-70">
         <path>c:\ti\ccsv6\tools\compiler\msp430_4.3.3\lib\</path>
         <kind>archive</kind>
         <file>rts430x_lc_rd_eabi.lib</file>
         <name>autoinit.obj</name>
      </input_file>
      <input_file id="fl-71">
         <path>c:\ti\ccsv6\tools\compiler\msp430_4.3.3\lib\</path>
         <kind>archive</kind>
         <file>rts430x_lc_rd_eabi.lib</file>
         <name>frcmpyd.obj</name>
      </input_file>
   </input_file_list>
   <object_component_list>
      <object_component id="oc-9c">
         <name>.sysmem</name>
         <uninitialized>true</uninitialized>
         <run_address>0x45a0</run_address>
         <size>0x6</size>
         <input_file_ref idref="fl-65"/>
      </object_component>
      <object_component id="oc-7c1">
         <name>.sysmem</name>
         <uninitialized>true</uninitialized>
         <run_address>0x45a0</run_address>
         <size>0x0</size>
      </object_component>
      <object_component id="oc-98">
         <name>.stack</name>
         <uninitialized>true</uninitialized>
         <run_address>0x5b60</run_address>
         <size>0x4</size>
         <input_file_ref idref="fl-42"/>
      </object_component>
      <object_component id="oc-7c0">
         <name>.stack</name>
         <uninitialized>true</uninitialized>
         <run_address>0x5b60</run_address>
         <size>0x0</size>
      </object_component>
      <object_component id="oc-170">
         <name>.text:_Z18UARTCommandHandler9UART_Mode</name>
         <load_address>0x10000</load_address>
         <run_address>0x10000</run_address>
         <size>0x806</size>
         <input_file_ref idref="fl-d"/>
      </object_component>
      <object_component id="oc-33a">
         <name>.text:_ZN6MSP4304rena13ConfigureRenaEPNS_13channelconfigEhNS_6pulsarES3_S3_</name>
         <load_address>0x10806</load_address>
         <run_address>0x10806</run_address>
         <size>0x518</size>
         <input_file_ref idref="fl-11"/>
      </object_component>
      <object_component id="oc-442">
         <name>.text:chk_mounted</name>
         <load_address>0x10d1e</load_address>
         <run_address>0x10d1e</run_address>
         <size>0x4dc</size>
         <input_file_ref idref="fl-c"/>
      </object_component>
      <object_component id="oc-4f8">
         <name>.text:__TI_frcdivd</name>
         <load_address>0x111fa</load_address>
         <run_address>0x111fa</run_address>
         <size>0x452</size>
         <input_file_ref idref="fl-51"/>
      </object_component>
      <object_component id="oc-149">
         <name>.text:_Z13GetSystemInfoPhR14Operation_ModeRjS2_RmS3_S3_S3_</name>
         <load_address>0x1164c</load_address>
         <run_address>0x1164c</run_address>
         <size>0x360</size>
         <input_file_ref idref="fl-7"/>
      </object_component>
      <object_component id="oc-2bb">
         <name>.text:_Z16UpdateSystemInfoPh14Operation_Modejjmmmm</name>
         <load_address>0x119ac</load_address>
         <run_address>0x119ac</run_address>
         <size>0x316</size>
         <input_file_ref idref="fl-7"/>
      </object_component>
      <object_component id="oc-38e">
         <name>.text:_ZN6MSP4304rena11CheckConfigEv</name>
         <load_address>0x11cc2</load_address>
         <run_address>0x11cc2</run_address>
         <size>0x304</size>
         <input_file_ref idref="fl-11"/>
      </object_component>
      <object_component id="oc-5eb">
         <name>.text:__TI_frcmpyd</name>
         <load_address>0x11fc6</load_address>
         <run_address>0x11fc6</run_address>
         <size>0x2e4</size>
         <input_file_ref idref="fl-71"/>
      </object_component>
      <object_component id="oc-4f1">
         <name>.text:__mspabi_addd</name>
         <load_address>0x122aa</load_address>
         <run_address>0x122aa</run_address>
         <size>0x2d8</size>
         <input_file_ref idref="fl-40"/>
      </object_component>
      <object_component id="oc-176">
         <name>.text:_Z16RunOperationMode14Operation_Mode</name>
         <load_address>0x12582</load_address>
         <run_address>0x12582</run_address>
         <size>0x2c4</size>
         <input_file_ref idref="fl-d"/>
      </object_component>
      <object_component id="oc-4a0">
         <name>.text:f_write</name>
         <load_address>0x12846</load_address>
         <run_address>0x12846</run_address>
         <size>0x29e</size>
         <input_file_ref idref="fl-c"/>
      </object_component>
      <object_component id="oc-4e8">
         <name>.text:__mspabi_mpyd</name>
         <load_address>0x12ae4</load_address>
         <run_address>0x12ae4</run_address>
         <size>0x282</size>
         <input_file_ref idref="fl-68"/>
      </object_component>
      <object_component id="oc-5f5">
         <name>.text:__TI_frcaddd</name>
         <load_address>0x12d66</load_address>
         <run_address>0x12d66</run_address>
         <size>0x252</size>
         <input_file_ref idref="fl-50"/>
      </object_component>
      <object_component id="oc-4d4">
         <name>.text:f_lseek</name>
         <load_address>0x12fb8</load_address>
         <run_address>0x12fb8</run_address>
         <size>0x250</size>
         <input_file_ref idref="fl-c"/>
      </object_component>
      <object_component id="oc-29f">
         <name>.text:f_open</name>
         <load_address>0x13208</load_address>
         <run_address>0x13208</run_address>
         <size>0x224</size>
         <input_file_ref idref="fl-c"/>
      </object_component>
      <object_component id="oc-361">
         <name>.text:__mspabi_divd</name>
         <load_address>0x1342c</load_address>
         <run_address>0x1342c</run_address>
         <size>0x222</size>
         <input_file_ref idref="fl-49"/>
      </object_component>
      <object_component id="oc-203">
         <name>.text:_Z11OBC_HandlerPhj</name>
         <load_address>0x1364e</load_address>
         <run_address>0x1364e</run_address>
         <size>0x206</size>
         <input_file_ref idref="fl-d"/>
      </object_component>
      <object_component id="oc-1d9">
         <name>.text:_Z12TS_Interruptv</name>
         <load_address>0x13854</load_address>
         <run_address>0x13854</run_address>
         <size>0x200</size>
         <input_file_ref idref="fl-d"/>
      </object_component>
      <object_component id="oc-2a6">
         <name>.text:f_read</name>
         <load_address>0x13a54</load_address>
         <run_address>0x13a54</run_address>
         <size>0x1f2</size>
         <input_file_ref idref="fl-c"/>
      </object_component>
      <object_component id="oc-10e">
         <name>.text:__sti___8_main_cpp_TCLK</name>
         <load_address>0x13c46</load_address>
         <run_address>0x13c46</run_address>
         <size>0x1c2</size>
         <input_file_ref idref="fl-d"/>
      </object_component>
      <object_component id="oc-2e3">
         <name>.text:_ZN6MSP4303ADC24ReadAllValuesToCharArrayEPh</name>
         <load_address>0x13e08</load_address>
         <run_address>0x13e08</run_address>
         <size>0x1c0</size>
         <input_file_ref idref="fl-3"/>
      </object_component>
      <object_component id="oc-36f">
         <name>.text:_Z21AddSpectrumSingleDataPA100_jm</name>
         <load_address>0x13fc8</load_address>
         <run_address>0x13fc8</run_address>
         <size>0x1b0</size>
         <input_file_ref idref="fl-7"/>
      </object_component>
      <object_component id="oc-5a1">
         <name>.text:put_fat</name>
         <load_address>0x14178</load_address>
         <run_address>0x14178</run_address>
         <size>0x18a</size>
         <input_file_ref idref="fl-c"/>
      </object_component>
      <object_component id="oc-593">
         <name>.text:dir_next</name>
         <load_address>0x14302</load_address>
         <run_address>0x14302</run_address>
         <size>0x17e</size>
         <input_file_ref idref="fl-c"/>
      </object_component>
      <object_component id="oc-56f">
         <name>.text:disk_initialize</name>
         <load_address>0x14480</load_address>
         <run_address>0x14480</run_address>
         <size>0x144</size>
         <input_file_ref idref="fl-e"/>
      </object_component>
      <object_component id="oc-47d">
         <name>.text:get_fat</name>
         <load_address>0x145c4</load_address>
         <run_address>0x145c4</run_address>
         <size>0x140</size>
         <input_file_ref idref="fl-c"/>
      </object_component>
      <object_component id="oc-583">
         <name>.text:create_name</name>
         <load_address>0x14704</load_address>
         <run_address>0x14704</run_address>
         <size>0x134</size>
         <input_file_ref idref="fl-c"/>
      </object_component>
      <object_component id="oc-34c">
         <name>.text:_Z11ReadRawDataPhjmm</name>
         <load_address>0x14838</load_address>
         <run_address>0x14838</run_address>
         <size>0x12c</size>
         <input_file_ref idref="fl-7"/>
      </object_component>
      <object_component id="oc-382">
         <name>.text:_Z10AddRawDataPhjm</name>
         <load_address>0x14964</load_address>
         <run_address>0x14964</run_address>
         <size>0x12a</size>
         <input_file_ref idref="fl-7"/>
      </object_component>
      <object_component id="oc-5d6">
         <name>.text:create_chain</name>
         <load_address>0x14a8e</load_address>
         <run_address>0x14a8e</run_address>
         <size>0x120</size>
         <input_file_ref idref="fl-c"/>
      </object_component>
      <object_component id="oc-44e">
         <name>.text:dir_sdi</name>
         <load_address>0x14bae</load_address>
         <run_address>0x14bae</run_address>
         <size>0x100</size>
         <input_file_ref idref="fl-c"/>
      </object_component>
      <object_component id="oc-c2">
         <name>.text:main</name>
         <load_address>0x14cae</load_address>
         <run_address>0x14cae</run_address>
         <size>0xf8</size>
         <input_file_ref idref="fl-d"/>
      </object_component>
      <object_component id="oc-68d">
         <name>.text:disk_ioctl</name>
         <load_address>0x14da6</load_address>
         <run_address>0x14da6</run_address>
         <size>0xf4</size>
         <input_file_ref idref="fl-e"/>
      </object_component>
      <object_component id="oc-3ea">
         <name>.text:_Z20GetRawDataFileLengthm</name>
         <load_address>0x14e9a</load_address>
         <run_address>0x14e9a</run_address>
         <size>0xf2</size>
         <input_file_ref idref="fl-7"/>
      </object_component>
      <object_component id="oc-5cf">
         <name>.text:sync</name>
         <load_address>0x14f8c</load_address>
         <run_address>0x14f8c</run_address>
         <size>0xec</size>
         <input_file_ref idref="fl-c"/>
      </object_component>
      <object_component id="oc-52a">
         <name>.text:__mspabi_cmpd</name>
         <load_address>0x15078</load_address>
         <run_address>0x15078</run_address>
         <size>0xd8</size>
         <input_file_ref idref="fl-43"/>
      </object_component>
      <object_component id="oc-388">
         <name>.text:_Z11ReportEvent13StatusReports</name>
         <load_address>0x15150</load_address>
         <run_address>0x15150</run_address>
         <size>0xce</size>
         <input_file_ref idref="fl-7"/>
      </object_component>
      <object_component id="oc-2ef">
         <name>.text:_ZN6MSP4304UART4SendEPhj</name>
         <load_address>0x1521e</load_address>
         <run_address>0x1521e</run_address>
         <size>0xbe</size>
         <input_file_ref idref="fl-b"/>
      </object_component>
      <object_component id="oc-46b">
         <name>.text:move_window</name>
         <load_address>0x152dc</load_address>
         <run_address>0x152dc</run_address>
         <size>0xbe</size>
         <input_file_ref idref="fl-c"/>
      </object_component>
      <object_component id="oc-5a8">
         <name>.text:disk_write</name>
         <load_address>0x1539a</load_address>
         <run_address>0x1539a</run_address>
         <size>0xbc</size>
         <input_file_ref idref="fl-e"/>
      </object_component>
      <object_component id="oc-2b5">
         <name>.text:_Z17getRTCasByteArrayPh</name>
         <load_address>0x15456</load_address>
         <run_address>0x15456</run_address>
         <size>0xba</size>
         <input_file_ref idref="fl-8"/>
      </object_component>
      <object_component id="oc-54d">
         <name>.text:malloc</name>
         <load_address>0x15510</load_address>
         <run_address>0x15510</run_address>
         <size>0xba</size>
         <input_file_ref idref="fl-65"/>
      </object_component>
      <object_component id="oc-224">
         <name>.text:_ZN6MSP4304UARTC1ENS_3BUSEmPFvhPhjE</name>
         <load_address>0x155ca</load_address>
         <run_address>0x155ca</run_address>
         <size>0xb4</size>
         <input_file_ref idref="fl-b"/>
      </object_component>
      <object_component id="oc-448">
         <name>.text:follow_path</name>
         <load_address>0x1567e</load_address>
         <run_address>0x1567e</run_address>
         <size>0xb4</size>
         <input_file_ref idref="fl-c"/>
      </object_component>
      <object_component id="oc-5bb">
         <name>.text:send_cmd</name>
         <load_address>0x15732</load_address>
         <run_address>0x15732</run_address>
         <size>0xb4</size>
         <input_file_ref idref="fl-e"/>
      </object_component>
      <object_component id="oc-6a5">
         <name>.text:__TI_renormd</name>
         <load_address>0x157e6</load_address>
         <run_address>0x157e6</run_address>
         <size>0xb2</size>
         <input_file_ref idref="fl-6b"/>
      </object_component>
      <object_component id="oc-2e9">
         <name>.text:_Z18AssembleDataPacketPhj</name>
         <load_address>0x15898</load_address>
         <run_address>0x15898</run_address>
         <size>0xa8</size>
         <input_file_ref idref="fl-4"/>
      </object_component>
      <object_component id="oc-27e">
         <name>.text:f_opendir</name>
         <load_address>0x15940</load_address>
         <run_address>0x15940</run_address>
         <size>0xa8</size>
         <input_file_ref idref="fl-c"/>
      </object_component>
      <object_component id="oc-2dc">
         <name>.text:_ZN6MSP4305Timer5StartEj</name>
         <load_address>0x159e8</load_address>
         <run_address>0x159e8</run_address>
         <size>0xa4</size>
         <input_file_ref idref="fl-a"/>
      </object_component>
      <object_component id="oc-496">
         <name>.text:f_sync</name>
         <load_address>0x15a8c</load_address>
         <run_address>0x15a8c</run_address>
         <size>0xa4</size>
         <input_file_ref idref="fl-c"/>
      </object_component>
      <object_component id="oc-465">
         <name>.text:remove_chain</name>
         <load_address>0x15b30</load_address>
         <run_address>0x15b30</run_address>
         <size>0x9c</size>
         <input_file_ref idref="fl-c"/>
      </object_component>
      <object_component id="oc-489">
         <name>.text:disk_read</name>
         <load_address>0x15bcc</load_address>
         <run_address>0x15bcc</run_address>
         <size>0x94</size>
         <input_file_ref idref="fl-e"/>
      </object_component>
      <object_component id="oc-575">
         <name>.text:check_fs</name>
         <load_address>0x15c60</load_address>
         <run_address>0x15c60</run_address>
         <size>0x90</size>
         <input_file_ref idref="fl-c"/>
      </object_component>
      <object_component id="oc-6ca">
         <name>.text:free</name>
         <load_address>0x15cf0</load_address>
         <run_address>0x15cf0</run_address>
         <size>0x8e</size>
         <input_file_ref idref="fl-65"/>
      </object_component>
      <object_component id="oc-1f1">
         <name>.text:_Z20ADCACQTimerInterruptv</name>
         <load_address>0x15d7e</load_address>
         <run_address>0x15d7e</run_address>
         <size>0x8c</size>
         <input_file_ref idref="fl-d"/>
      </object_component>
      <object_component id="oc-3b9">
         <name>.text:_ZN6MSP4304rena9ReloadSINEmjNS_6pulsarES1_Ph</name>
         <load_address>0x15e0a</load_address>
         <run_address>0x15e0a</run_address>
         <size>0x8a</size>
         <input_file_ref idref="fl-11"/>
      </object_component>
      <object_component id="oc-459">
         <name>.text:dir_register</name>
         <load_address>0x15e94</load_address>
         <run_address>0x15e94</run_address>
         <size>0x84</size>
         <input_file_ref idref="fl-c"/>
      </object_component>
      <object_component id="oc-524">
         <name>.text:_ZN6MSP4303ADC17SingleReadVoltageENS_10ADCChannelE</name>
         <load_address>0x15f18</load_address>
         <run_address>0x15f18</run_address>
         <size>0x7e</size>
         <input_file_ref idref="fl-3"/>
      </object_component>
      <object_component id="oc-3b2">
         <name>.text:_ZN6MSP4306pulsar16GenerateSHRClockEmjS0_Ph</name>
         <load_address>0x15f96</load_address>
         <run_address>0x15f96</run_address>
         <size>0x7e</size>
         <input_file_ref idref="fl-10"/>
      </object_component>
      <object_component id="oc-4dd">
         <name>.text:__mspabi_fltuld</name>
         <load_address>0x16014</load_address>
         <run_address>0x16014</run_address>
         <size>0x76</size>
         <input_file_ref idref="fl-4f"/>
      </object_component>
      <object_component id="oc-bc">
         <name>.text:_auto_init_hold_wdt</name>
         <load_address>0x1608a</load_address>
         <run_address>0x1608a</run_address>
         <size>0x6e</size>
         <input_file_ref idref="fl-70"/>
      </object_component>
      <object_component id="oc-505">
         <name>.text:__mspabi_fixdul</name>
         <load_address>0x160f8</load_address>
         <run_address>0x160f8</run_address>
         <size>0x68</size>
         <input_file_ref idref="fl-4d"/>
      </object_component>
      <object_component id="oc-2d4">
         <name>.text:_ZN6MSP4305Timer4StopEv</name>
         <load_address>0x16160</load_address>
         <run_address>0x16160</run_address>
         <size>0x62</size>
         <input_file_ref idref="fl-a"/>
      </object_component>
      <object_component id="oc-101">
         <name>.text:__TI_decompress_rle_core</name>
         <load_address>0x161c2</load_address>
         <run_address>0x161c2</run_address>
         <size>0x62</size>
         <input_file_ref idref="fl-45"/>
      </object_component>
      <object_component id="oc-b6">
         <name>.text:_system_pre_init</name>
         <load_address>0x16224</load_address>
         <run_address>0x16224</run_address>
         <size>0x5c</size>
         <input_file_ref idref="fl-f"/>
      </object_component>
      <object_component id="oc-589">
         <name>.text:dir_find</name>
         <load_address>0x16280</load_address>
         <run_address>0x16280</run_address>
         <size>0x5a</size>
         <input_file_ref idref="fl-c"/>
      </object_component>
      <object_component id="oc-424">
         <name>.text</name>
         <load_address>0x162da</load_address>
         <run_address>0x162da</run_address>
         <size>0x58</size>
         <input_file_ref idref="fl-48"/>
      </object_component>
      <object_component id="oc-66f">
         <name>.text:xmit_datablock</name>
         <load_address>0x16332</load_address>
         <run_address>0x16332</run_address>
         <size>0x58</size>
         <input_file_ref idref="fl-e"/>
      </object_component>
      <object_component id="oc-155">
         <name>.text:_Z18RTCSecondInterruptv</name>
         <load_address>0x1638a</load_address>
         <run_address>0x1638a</run_address>
         <size>0x56</size>
         <input_file_ref idref="fl-d"/>
      </object_component>
      <object_component id="oc-1f7">
         <name>.text:_ZN6MSP4305TimerC1ENS_5TIMEREPFvvE</name>
         <load_address>0x163e0</load_address>
         <run_address>0x163e0</run_address>
         <size>0x56</size>
         <input_file_ref idref="fl-a"/>
      </object_component>
      <object_component id="oc-631">
         <name>.text:__cxa_finalize</name>
         <load_address>0x16436</load_address>
         <run_address>0x16436</run_address>
         <size>0x56</size>
         <input_file_ref idref="fl-4a"/>
      </object_component>
      <object_component id="oc-35b">
         <name>.text:_Z20ConvertToEnergyAnodedh</name>
         <load_address>0x1648c</load_address>
         <run_address>0x1648c</run_address>
         <size>0x52</size>
         <input_file_ref idref="fl-4"/>
      </object_component>
      <object_component id="oc-5c1">
         <name>.text:rcvr_datablock</name>
         <load_address>0x164de</load_address>
         <run_address>0x164de</run_address>
         <size>0x52</size>
         <input_file_ref idref="fl-e"/>
      </object_component>
      <object_component id="oc-134">
         <name>.text:SetVcoreUp</name>
         <load_address>0x16530</load_address>
         <run_address>0x16530</run_address>
         <size>0x4e</size>
         <input_file_ref idref="fl-f"/>
      </object_component>
      <object_component id="oc-41a">
         <name>.text:_Z11__TI_atexitPFYvPvES_S_</name>
         <load_address>0x1657e</load_address>
         <run_address>0x1657e</run_address>
         <size>0x4e</size>
         <input_file_ref idref="fl-4a"/>
      </object_component>
      <object_component id="oc-1df">
         <name>.text:_ZN6MSP4306pulsarC1EPhhNS_13InterruptTypeEPFvvE</name>
         <load_address>0x165cc</load_address>
         <run_address>0x165cc</run_address>
         <size>0x4e</size>
         <input_file_ref idref="fl-10"/>
      </object_component>
      <object_component id="oc-4cc">
         <name>.text:_Z7UlToStrPcmh</name>
         <load_address>0x1661a</load_address>
         <run_address>0x1661a</run_address>
         <size>0x4c</size>
         <input_file_ref idref="fl-4"/>
      </object_component>
      <object_component id="oc-4ae">
         <name>.text:_ZN6MSP4303ADC26SingleReadValueAsCharArrayENS_10ADCChannelE</name>
         <load_address>0x16666</load_address>
         <run_address>0x16666</run_address>
         <size>0x48</size>
         <input_file_ref idref="fl-3"/>
      </object_component>
      <object_component id="oc-63e">
         <name>.text:SDCard_init</name>
         <load_address>0x166ae</load_address>
         <run_address>0x166ae</run_address>
         <size>0x46</size>
         <input_file_ref idref="fl-5"/>
      </object_component>
      <object_component id="oc-3c6">
         <name>.text:_ZN6MSP4303ADC15SingleReadValueENS_10ADCChannelE</name>
         <load_address>0x166f4</load_address>
         <run_address>0x166f4</run_address>
         <size>0x42</size>
         <input_file_ref idref="fl-3"/>
      </object_component>
      <object_component id="oc-627">
         <name>.text:minit</name>
         <load_address>0x16736</load_address>
         <run_address>0x16736</run_address>
         <size>0x42</size>
         <input_file_ref idref="fl-65"/>
      </object_component>
      <object_component id="oc-209">
         <name>.text:_ZN6MSP4303I2CC1ENS_3BUSEPFvPhjE</name>
         <load_address>0x16778</load_address>
         <run_address>0x16778</run_address>
         <size>0x3e</size>
         <input_file_ref idref="fl-6"/>
      </object_component>
      <object_component id="oc-483">
         <name>.text:clust2sect</name>
         <load_address>0x167b6</load_address>
         <run_address>0x167b6</run_address>
         <size>0x3e</size>
         <input_file_ref idref="fl-c"/>
      </object_component>
      <object_component id="oc-5fd">
         <name>.text:l_asr_const</name>
         <load_address>0x167f4</load_address>
         <run_address>0x167f4</run_address>
         <size>0x3e</size>
         <input_file_ref idref="fl-6f"/>
      </object_component>
      <object_component id="oc-5b6">
         <name>.text:l_lsl_const</name>
         <load_address>0x16832</load_address>
         <run_address>0x16832</run_address>
         <size>0x3e</size>
         <input_file_ref idref="fl-62"/>
      </object_component>
      <object_component id="oc-478">
         <name>.text:l_lsr_const</name>
         <load_address>0x16870</load_address>
         <run_address>0x16870</run_address>
         <size>0x3e</size>
         <input_file_ref idref="fl-63"/>
      </object_component>
      <object_component id="oc-21e">
         <name>.text:_Z13CommandVectorhPhj</name>
         <load_address>0x168ae</load_address>
         <run_address>0x168ae</run_address>
         <size>0x3c</size>
         <input_file_ref idref="fl-d"/>
      </object_component>
      <object_component id="oc-6df">
         <name>.text:SDCard_readFrame</name>
         <load_address>0x168ea</load_address>
         <run_address>0x168ea</run_address>
         <size>0x38</size>
         <input_file_ref idref="fl-5"/>
      </object_component>
      <object_component id="oc-6e9">
         <name>.text:wait_ready</name>
         <load_address>0x16922</load_address>
         <run_address>0x16922</run_address>
         <size>0x36</size>
         <input_file_ref idref="fl-e"/>
      </object_component>
      <object_component id="oc-14f">
         <name>.text:_Z7initRTCiiiiiii</name>
         <load_address>0x16958</load_address>
         <run_address>0x16958</run_address>
         <size>0x34</size>
         <input_file_ref idref="fl-8"/>
      </object_component>
      <object_component id="oc-275">
         <name>.text:f_mount</name>
         <load_address>0x1698c</load_address>
         <run_address>0x1698c</run_address>
         <size>0x32</size>
         <input_file_ref idref="fl-c"/>
      </object_component>
      <object_component id="oc-13d">
         <name>.text:_Z8fat_initv</name>
         <load_address>0x169be</load_address>
         <run_address>0x169be</run_address>
         <size>0x30</size>
         <input_file_ref idref="fl-7"/>
      </object_component>
      <object_component id="oc-6f7">
         <name>.text:SDCard_sendFrame</name>
         <load_address>0x169ee</load_address>
         <run_address>0x169ee</run_address>
         <size>0x2e</size>
         <input_file_ref idref="fl-5"/>
      </object_component>
      <object_component id="oc-2ca">
         <name>.text:_Z24CompareCharArrayToStringPhPKcj</name>
         <load_address>0x16a1c</load_address>
         <run_address>0x16a1c</run_address>
         <size>0x2e</size>
         <input_file_ref idref="fl-4"/>
      </object_component>
      <object_component id="oc-c8">
         <name>.text:exit</name>
         <load_address>0x16a4a</load_address>
         <run_address>0x16a4a</run_address>
         <size>0x2e</size>
         <input_file_ref idref="fl-4b"/>
      </object_component>
      <object_component id="oc-1d3">
         <name>.text:_ZN6MSP4306pulsarC1EPhhb</name>
         <load_address>0x16a78</load_address>
         <run_address>0x16a78</run_address>
         <size>0x2c</size>
         <input_file_ref idref="fl-10"/>
      </object_component>
      <object_component id="oc-472">
         <name>.text:validate</name>
         <load_address>0x16aa4</load_address>
         <run_address>0x16aa4</run_address>
         <size>0x2c</size>
         <input_file_ref idref="fl-c"/>
      </object_component>
      <object_component id="oc-2f5">
         <name>.text:_ZN6MSP4306pulsar3getEv</name>
         <load_address>0x16ad0</load_address>
         <run_address>0x16ad0</run_address>
         <size>0x26</size>
         <input_file_ref idref="fl-10"/>
      </object_component>
      <object_component id="oc-8b">
         <name>.text:decompress:ZI:__TI_zero_init</name>
         <load_address>0x16af6</load_address>
         <run_address>0x16af6</run_address>
         <size>0x24</size>
         <input_file_ref idref="fl-46"/>
      </object_component>
      <object_component id="oc-57b">
         <name>.text</name>
         <load_address>0x16b1a</load_address>
         <run_address>0x16b1a</run_address>
         <size>0x22</size>
         <input_file_ref idref="fl-6a"/>
      </object_component>
      <object_component id="oc-569">
         <name>.text:disk_status</name>
         <load_address>0x16b3c</load_address>
         <run_address>0x16b3c</run_address>
         <size>0x20</size>
         <input_file_ref idref="fl-e"/>
      </object_component>
      <object_component id="oc-37b">
         <name>.text:_ZN6MSP4306pulsar3setEb</name>
         <load_address>0x16b5c</load_address>
         <run_address>0x16b5c</run_address>
         <size>0x1e</size>
         <input_file_ref idref="fl-10"/>
      </object_component>
      <object_component id="oc-3c0">
         <name>.text:_Z34DetermineNumberOfTriggeredChannelsPhh</name>
         <load_address>0x16b7a</load_address>
         <run_address>0x16b7a</run_address>
         <size>0x1c</size>
         <input_file_ref idref="fl-4"/>
      </object_component>
      <object_component id="oc-344">
         <name>.text:_Z5delayj</name>
         <load_address>0x16b96</load_address>
         <run_address>0x16b96</run_address>
         <size>0x1a</size>
         <input_file_ref idref="fl-d"/>
      </object_component>
      <object_component id="oc-67e">
         <name>.text:select</name>
         <load_address>0x16bb0</load_address>
         <run_address>0x16bb0</run_address>
         <size>0x18</size>
         <input_file_ref idref="fl-e"/>
      </object_component>
      <object_component id="oc-1e5">
         <name>.text:_ZN6MSP4306pulsarC1EPhh</name>
         <load_address>0x16bc8</load_address>
         <run_address>0x16bc8</run_address>
         <size>0x16</size>
         <input_file_ref idref="fl-10"/>
      </object_component>
      <object_component id="oc-65c">
         <name>.text:chk_chr</name>
         <load_address>0x16bde</load_address>
         <run_address>0x16bde</run_address>
         <size>0x16</size>
         <input_file_ref idref="fl-c"/>
      </object_component>
      <object_component id="oc-2ad">
         <name>.text:f_close</name>
         <load_address>0x16bf4</load_address>
         <run_address>0x16bf4</run_address>
         <size>0x16</size>
         <input_file_ref idref="fl-c"/>
      </object_component>
      <object_component id="oc-298">
         <name>.text:memset</name>
         <load_address>0x16c0a</load_address>
         <run_address>0x16c0a</run_address>
         <size>0x16</size>
         <input_file_ref idref="fl-66"/>
      </object_component>
      <object_component id="oc-30c">
         <name>.text</name>
         <load_address>0x16c20</load_address>
         <run_address>0x16c20</run_address>
         <size>0x16</size>
         <input_file_ref idref="fl-69"/>
      </object_component>
      <object_component id="oc-663">
         <name>.text:mem_cmp</name>
         <load_address>0x16c36</load_address>
         <run_address>0x16c36</run_address>
         <size>0x14</size>
         <input_file_ref idref="fl-c"/>
      </object_component>
      <object_component id="oc-ed">
         <name>.text:memcpy</name>
         <load_address>0x16c4a</load_address>
         <run_address>0x16c4a</run_address>
         <size>0x14</size>
         <input_file_ref idref="fl-64"/>
      </object_component>
      <object_component id="oc-651">
         <name>.text:SDCard_fastMode</name>
         <load_address>0x16c5e</load_address>
         <run_address>0x16c5e</run_address>
         <size>0x12</size>
         <input_file_ref idref="fl-5"/>
      </object_component>
      <object_component id="oc-367">
         <name>.text:__mspabi_fixdu</name>
         <load_address>0x16c70</load_address>
         <run_address>0x16c70</run_address>
         <size>0x12</size>
         <input_file_ref idref="fl-4c"/>
      </object_component>
      <object_component id="oc-85">
         <name>.text:decompress:none:__TI_decompress_none</name>
         <load_address>0x16c82</load_address>
         <run_address>0x16c82</run_address>
         <size>0x12</size>
         <input_file_ref idref="fl-44"/>
      </object_component>
      <object_component id="oc-5c7">
         <name>.text:deselect</name>
         <load_address>0x16c94</load_address>
         <run_address>0x16c94</run_address>
         <size>0x12</size>
         <input_file_ref idref="fl-e"/>
      </object_component>
      <object_component id="oc-48f">
         <name>.text:mem_cpy</name>
         <load_address>0x16ca6</load_address>
         <run_address>0x16ca6</run_address>
         <size>0x12</size>
         <input_file_ref idref="fl-c"/>
      </object_component>
      <object_component id="oc-599">
         <name>.text:mem_set</name>
         <load_address>0x16cb8</load_address>
         <run_address>0x16cb8</run_address>
         <size>0x12</size>
         <input_file_ref idref="fl-c"/>
      </object_component>
      <object_component id="oc-6a0">
         <name>.text:l_asr</name>
         <load_address>0x16cca</load_address>
         <run_address>0x16cca</run_address>
         <size>0x10</size>
         <input_file_ref idref="fl-6f"/>
      </object_component>
      <object_component id="oc-69b">
         <name>.text:l_lsl</name>
         <load_address>0x16cda</load_address>
         <run_address>0x16cda</run_address>
         <size>0x10</size>
         <input_file_ref idref="fl-62"/>
      </object_component>
      <object_component id="oc-606">
         <name>.text:l_lsr</name>
         <load_address>0x16cea</load_address>
         <run_address>0x16cea</run_address>
         <size>0x10</size>
         <input_file_ref idref="fl-63"/>
      </object_component>
      <object_component id="oc-16a">
         <name>.text:_ZN6MSP4306pulsar15EnableInterruptEv</name>
         <load_address>0x16cfa</load_address>
         <run_address>0x16cfa</run_address>
         <size>0xe</size>
         <input_file_ref idref="fl-10"/>
      </object_component>
      <object_component id="oc-15b">
         <name>.text:_Z9enableSecPFvvE</name>
         <load_address>0x16d08</load_address>
         <run_address>0x16d08</run_address>
         <size>0xc</size>
         <input_file_ref idref="fl-8"/>
      </object_component>
      <object_component id="oc-6c2">
         <name>.text:_ZN10__cxxabiv117__class_type_infoD0Ev</name>
         <load_address>0x16d14</load_address>
         <run_address>0x16d14</run_address>
         <size>0xa</size>
         <input_file_ref idref="fl-6c"/>
      </object_component>
      <object_component id="oc-741">
         <name>.text:_ZN10__cxxabiv120__si_class_type_infoD0Ev</name>
         <load_address>0x16d1e</load_address>
         <run_address>0x16d1e</run_address>
         <size>0xa</size>
         <input_file_ref idref="fl-6c"/>
      </object_component>
      <object_component id="oc-548">
         <name>.text:_ZN6MSP4303I2CD0Ev</name>
         <load_address>0x16d28</load_address>
         <run_address>0x16d28</run_address>
         <size>0xa</size>
         <input_file_ref idref="fl-6"/>
      </object_component>
      <object_component id="oc-61c">
         <name>.text:_ZdlPv</name>
         <load_address>0x16d32</load_address>
         <run_address>0x16d32</run_address>
         <size>0xa</size>
         <input_file_ref idref="fl-47"/>
      </object_component>
      <object_component id="oc-45f">
         <name>.text:get_fattime</name>
         <load_address>0x16d3c</load_address>
         <run_address>0x16d3c</run_address>
         <size>0xa</size>
         <input_file_ref idref="fl-e"/>
      </object_component>
      <object_component id="oc-4c5">
         <name>.text</name>
         <load_address>0x16d46</load_address>
         <run_address>0x16d46</run_address>
         <size>0xa</size>
         <input_file_ref idref="fl-41"/>
      </object_component>
      <object_component id="oc-375">
         <name>.text:_Z10disableSecv</name>
         <load_address>0x16d50</load_address>
         <run_address>0x16d50</run_address>
         <size>0x8</size>
         <input_file_ref idref="fl-8"/>
      </object_component>
      <object_component id="oc-161">
         <name>.text:_Z8startRTCv</name>
         <load_address>0x16d58</load_address>
         <run_address>0x16d58</run_address>
         <size>0x8</size>
         <input_file_ref idref="fl-8"/>
      </object_component>
      <object_component id="oc-3e4">
         <name>.text:_ZN6MSP4303I2C4SendEPh</name>
         <load_address>0x16d60</load_address>
         <run_address>0x16d60</run_address>
         <size>0x8</size>
         <input_file_ref idref="fl-6"/>
      </object_component>
      <object_component id="oc-644">
         <name>.text:SDCard_setCSHigh</name>
         <load_address>0x16d68</load_address>
         <run_address>0x16d68</run_address>
         <size>0x6</size>
         <input_file_ref idref="fl-5"/>
      </object_component>
      <object_component id="oc-6f0">
         <name>.text:SDCard_setCSLow</name>
         <load_address>0x16d6e</load_address>
         <run_address>0x16d6e</run_address>
         <size>0x6</size>
         <input_file_ref idref="fl-5"/>
      </object_component>
      <object_component id="oc-ab">
         <name>.text:__TI_ISR_TRAP</name>
         <load_address>0x16d74</load_address>
         <run_address>0x16d74</run_address>
         <size>0x6</size>
         <input_file_ref idref="fl-60"/>
      </object_component>
      <object_component id="oc-553">
         <name>.text:__cxa_ia64_exit</name>
         <load_address>0x16d7a</load_address>
         <run_address>0x16d7a</run_address>
         <size>0x6</size>
         <input_file_ref idref="fl-4a"/>
      </object_component>
      <object_component id="oc-355">
         <name>.text:__mspabi_fltud</name>
         <load_address>0x16d80</load_address>
         <run_address>0x16d80</run_address>
         <size>0x6</size>
         <input_file_ref idref="fl-4e"/>
      </object_component>
      <object_component id="oc-91">
         <name>.text:decompress:rle24:__TI_decompress_rle24</name>
         <load_address>0x16d86</load_address>
         <run_address>0x16d86</run_address>
         <size>0x6</size>
         <input_file_ref idref="fl-45"/>
      </object_component>
      <object_component id="oc-64a">
         <name>.text:rcvr_mmc</name>
         <load_address>0x16d8c</load_address>
         <run_address>0x16d8c</run_address>
         <size>0x6</size>
         <input_file_ref idref="fl-e"/>
      </object_component>
      <object_component id="oc-684">
         <name>.text:xmit_mmc</name>
         <load_address>0x16d92</load_address>
         <run_address>0x16d92</run_address>
         <size>0x6</size>
         <input_file_ref idref="fl-e"/>
      </object_component>
      <object_component id="oc-218">
         <name>.text:__cxa_atexit</name>
         <load_address>0x16d98</load_address>
         <run_address>0x16d98</run_address>
         <size>0x4</size>
         <input_file_ref idref="fl-4a"/>
      </object_component>
      <object_component id="oc-18b">
         <name>.text:abort</name>
         <load_address>0x16d9c</load_address>
         <run_address>0x16d9c</run_address>
         <size>0x4</size>
         <input_file_ref idref="fl-4b"/>
      </object_component>
      <object_component id="oc-6bc">
         <name>.text:_ZN10__cxxabiv117__class_type_infoD1Ev</name>
         <load_address>0x16da0</load_address>
         <run_address>0x16da0</run_address>
         <size>0x2</size>
         <input_file_ref idref="fl-6c"/>
      </object_component>
      <object_component id="oc-73b">
         <name>.text:_ZN10__cxxabiv120__si_class_type_infoD1Ev</name>
         <load_address>0x16da2</load_address>
         <run_address>0x16da2</run_address>
         <size>0x2</size>
         <input_file_ref idref="fl-6c"/>
      </object_component>
      <object_component id="oc-1eb">
         <name>.text:_ZN6MSP4303ADCC1Ev</name>
         <load_address>0x16da4</load_address>
         <run_address>0x16da4</run_address>
         <size>0x2</size>
         <input_file_ref idref="fl-3"/>
      </object_component>
      <object_component id="oc-20f">
         <name>.text:_ZN6MSP4303I2CD1Ev</name>
         <load_address>0x16da6</load_address>
         <run_address>0x16da6</run_address>
         <size>0x2</size>
         <input_file_ref idref="fl-6"/>
      </object_component>
      <object_component id="oc-1fd">
         <name>.text:_ZN6MSP4304renaC1Ev</name>
         <load_address>0x16da8</load_address>
         <run_address>0x16da8</run_address>
         <size>0x2</size>
         <input_file_ref idref="fl-11"/>
      </object_component>
      <object_component id="oc-396">
         <name>.text:_nop</name>
         <load_address>0x16daa</load_address>
         <run_address>0x16daa</run_address>
         <size>0x2</size>
         <input_file_ref idref="fl-6d"/>
      </object_component>
      <object_component id="oc-e1">
         <name>.text:_isr:_ZN6MSP43011USCI_A0_ISREv</name>
         <load_address>0x5c00</load_address>
         <run_address>0x5c00</run_address>
         <size>0x156</size>
         <input_file_ref idref="fl-b"/>
      </object_component>
      <object_component id="oc-db">
         <name>.text:_isr:_ZN6MSP43011USCI_B0_ISREv</name>
         <load_address>0x5d56</load_address>
         <run_address>0x5d56</run_address>
         <size>0x6c</size>
         <input_file_ref idref="fl-6"/>
      </object_component>
      <object_component id="oc-cf">
         <name>.text:_isr:_ZN6MSP43013TIMER0_A0_ISREv</name>
         <load_address>0x5dc2</load_address>
         <run_address>0x5dc2</run_address>
         <size>0x42</size>
         <input_file_ref idref="fl-a"/>
      </object_component>
      <object_component id="oc-b0">
         <name>.text:_isr:_ZN6MSP43013TIMER1_A1_ISREv</name>
         <load_address>0x5e04</load_address>
         <run_address>0x5e04</run_address>
         <size>0x42</size>
         <input_file_ref idref="fl-a"/>
      </object_component>
      <object_component id="oc-9f">
         <name>.text:_isr:_Z7RTC_ISRv</name>
         <load_address>0x5e46</load_address>
         <run_address>0x5e46</run_address>
         <size>0x2a</size>
         <input_file_ref idref="fl-8"/>
      </object_component>
      <object_component id="oc-e7">
         <name>.text:_isr:_ZN6MSP43013TIMER0_B0_ISREv</name>
         <load_address>0x5e70</load_address>
         <run_address>0x5e70</run_address>
         <size>0x20</size>
         <input_file_ref idref="fl-a"/>
      </object_component>
      <object_component id="oc-72">
         <name>.text:_isr:_c_int00_noargs</name>
         <load_address>0x5e90</load_address>
         <run_address>0x5e90</run_address>
         <size>0x1c</size>
         <input_file_ref idref="fl-42"/>
      </object_component>
      <object_component id="oc-a5">
         <name>.text:_isr:_ZN6MSP4306Port_2Ev</name>
         <load_address>0x5eac</load_address>
         <run_address>0x5eac</run_address>
         <size>0x16</size>
         <input_file_ref idref="fl-10"/>
      </object_component>
      <object_component id="oc-d5">
         <name>.text:_isr:_ZN6MSP4309ADC12_ISREv</name>
         <load_address>0x5ec2</load_address>
         <run_address>0x5ec2</run_address>
         <size>0x14</size>
         <input_file_ref idref="fl-3"/>
      </object_component>
      <object_component id="oc-7bf">
         <name>.cinit..data.load</name>
         <load_address>0x61a8</load_address>
         <run_address>0x61a8</run_address>
         <size>0x20</size>
      </object_component>
      <object_component id="oc-7bc">
         <name>__TI_handler_table</name>
         <load_address>0x61c8</load_address>
         <run_address>0x61c8</run_address>
         <size>0xc</size>
      </object_component>
      <object_component id="oc-7be">
         <name>.cinit..bss.load</name>
         <load_address>0x61d4</load_address>
         <run_address>0x61d4</run_address>
         <size>0x6</size>
      </object_component>
      <object_component id="oc-7bd">
         <name>__TI_cinit_table</name>
         <load_address>0x61da</load_address>
         <run_address>0x61da</run_address>
         <size>0x10</size>
      </object_component>
      <object_component id="oc-65a">
         <name>.const:.string:excvt$1</name>
         <load_address>0x5eda</load_address>
         <run_address>0x5eda</run_address>
         <size>0x80</size>
         <input_file_ref idref="fl-c"/>
      </object_component>
      <object_component id="oc-4ee">
         <name>.const:AddingCoefficientsAnode</name>
         <load_address>0x5f5a</load_address>
         <run_address>0x5f5a</run_address>
         <size>0x78</size>
         <input_file_ref idref="fl-4"/>
      </object_component>
      <object_component id="oc-4e5">
         <name>.const:MultiplierCoefficientsAnode</name>
         <load_address>0x5fd2</load_address>
         <run_address>0x5fd2</run_address>
         <size>0x78</size>
         <input_file_ref idref="fl-4"/>
      </object_component>
      <object_component id="oc-2c9">
         <name>.const:.string</name>
         <load_address>0x604a</load_address>
         <run_address>0x604a</run_address>
         <size>0x6e</size>
         <input_file_ref idref="fl-d"/>
      </object_component>
      <object_component id="oc-74d">
         <name>.const:.typeinfo:_ZTSN10__cxxabiv120__si_class_type_infoE</name>
         <load_address>0x60b8</load_address>
         <run_address>0x60b8</run_address>
         <size>0x25</size>
         <input_file_ref idref="fl-6c"/>
      </object_component>
      <object_component id="oc-70c">
         <name>.const:.typeinfo:_ZTSN10__cxxabiv117__class_type_infoE</name>
         <load_address>0x60de</load_address>
         <run_address>0x60de</run_address>
         <size>0x22</size>
         <input_file_ref idref="fl-6c"/>
      </object_component>
      <object_component id="oc-27d">
         <name>.const:.string</name>
         <load_address>0x6100</load_address>
         <run_address>0x6100</run_address>
         <size>0x1c</size>
         <input_file_ref idref="fl-7"/>
      </object_component>
      <object_component id="oc-65b">
         <name>.const:.string</name>
         <load_address>0x611c</load_address>
         <run_address>0x611c</run_address>
         <size>0x10</size>
         <input_file_ref idref="fl-c"/>
      </object_component>
      <object_component id="oc-612">
         <name>.const:_ZTVN10__cxxabiv117__class_type_infoE</name>
         <load_address>0x612c</load_address>
         <run_address>0x612c</run_address>
         <size>0x10</size>
         <input_file_ref idref="fl-6c"/>
      </object_component>
      <object_component id="oc-707">
         <name>.const:_ZTVN10__cxxabiv120__si_class_type_infoE</name>
         <load_address>0x613c</load_address>
         <run_address>0x613c</run_address>
         <size>0x10</size>
         <input_file_ref idref="fl-6c"/>
      </object_component>
      <object_component id="oc-401">
         <name>.const:_ZTVN6MSP4303I2CE</name>
         <load_address>0x614c</load_address>
         <run_address>0x614c</run_address>
         <size>0x10</size>
         <input_file_ref idref="fl-6"/>
      </object_component>
      <object_component id="oc-617">
         <name>.const:.typeinfo:_ZTSN6MSP4303I2CE</name>
         <load_address>0x615c</load_address>
         <run_address>0x615c</run_address>
         <size>0xe</size>
         <input_file_ref idref="fl-6"/>
      </object_component>
      <object_component id="oc-746">
         <name>.const:.typeinfo:_ZTSSt9type_info</name>
         <load_address>0x616a</load_address>
         <run_address>0x616a</run_address>
         <size>0xd</size>
         <input_file_ref idref="fl-6c"/>
      </object_component>
      <object_component id="oc-6b7">
         <name>.const:.typeinfo:_ZTIN10__cxxabiv117__class_type_infoE</name>
         <load_address>0x6178</load_address>
         <run_address>0x6178</run_address>
         <size>0xc</size>
         <input_file_ref idref="fl-6c"/>
      </object_component>
      <object_component id="oc-736">
         <name>.const:.typeinfo:_ZTIN10__cxxabiv120__si_class_type_infoE</name>
         <load_address>0x6184</load_address>
         <run_address>0x6184</run_address>
         <size>0xc</size>
         <input_file_ref idref="fl-6c"/>
      </object_component>
      <object_component id="oc-1ba">
         <name>.const:.string</name>
         <load_address>0x6190</load_address>
         <run_address>0x6190</run_address>
         <size>0x8</size>
         <input_file_ref idref="fl-b"/>
      </object_component>
      <object_component id="oc-543">
         <name>.const:.typeinfo:_ZTIN6MSP4303I2CE</name>
         <load_address>0x6198</load_address>
         <run_address>0x6198</run_address>
         <size>0x8</size>
         <input_file_ref idref="fl-6"/>
      </object_component>
      <object_component id="oc-711">
         <name>.const:.typeinfo:_ZTISt9type_info</name>
         <load_address>0x61a0</load_address>
         <run_address>0x61a0</run_address>
         <size>0x8</size>
         <input_file_ref idref="fl-6c"/>
      </object_component>
      <object_component id="oc-97">
         <name>.init_array</name>
         <load_address>0x5ed6</load_address>
         <run_address>0x5ed6</run_address>
         <size>0x4</size>
         <input_file_ref idref="fl-d"/>
      </object_component>
      <object_component id="oc-69">
         <name>.int41</name>
         <load_address>0xffd2</load_address>
         <run_address>0xffd2</run_address>
         <size>0x2</size>
         <input_file_ref idref="fl-8"/>
      </object_component>
      <object_component id="oc-6a">
         <name>.int42</name>
         <load_address>0xffd4</load_address>
         <run_address>0xffd4</run_address>
         <size>0x2</size>
         <input_file_ref idref="fl-10"/>
      </object_component>
      <object_component id="oc-6b">
         <name>.int43</name>
         <load_address>0xffd6</load_address>
         <run_address>0xffd6</run_address>
         <size>0x2</size>
         <input_file_ref idref="fl-52"/>
      </object_component>
      <object_component id="oc-6c">
         <name>.int44</name>
         <load_address>0xffd8</load_address>
         <run_address>0xffd8</run_address>
         <size>0x2</size>
         <input_file_ref idref="fl-53"/>
      </object_component>
      <object_component id="oc-6d">
         <name>.int45</name>
         <load_address>0xffda</load_address>
         <run_address>0xffda</run_address>
         <size>0x2</size>
         <input_file_ref idref="fl-54"/>
      </object_component>
      <object_component id="oc-6e">
         <name>.int46</name>
         <load_address>0xffdc</load_address>
         <run_address>0xffdc</run_address>
         <size>0x2</size>
         <input_file_ref idref="fl-55"/>
      </object_component>
      <object_component id="oc-6f">
         <name>.int47</name>
         <load_address>0xffde</load_address>
         <run_address>0xffde</run_address>
         <size>0x2</size>
         <input_file_ref idref="fl-56"/>
      </object_component>
      <object_component id="oc-70">
         <name>.int48</name>
         <load_address>0xffe0</load_address>
         <run_address>0xffe0</run_address>
         <size>0x2</size>
         <input_file_ref idref="fl-57"/>
      </object_component>
      <object_component id="oc-71">
         <name>.int49</name>
         <load_address>0xffe2</load_address>
         <run_address>0xffe2</run_address>
         <size>0x2</size>
         <input_file_ref idref="fl-a"/>
      </object_component>
      <object_component id="oc-78">
         <name>.int50</name>
         <load_address>0xffe4</load_address>
         <run_address>0xffe4</run_address>
         <size>0x2</size>
         <input_file_ref idref="fl-58"/>
      </object_component>
      <object_component id="oc-79">
         <name>.int51</name>
         <load_address>0xffe6</load_address>
         <run_address>0xffe6</run_address>
         <size>0x2</size>
         <input_file_ref idref="fl-59"/>
      </object_component>
      <object_component id="oc-7a">
         <name>.int52</name>
         <load_address>0xffe8</load_address>
         <run_address>0xffe8</run_address>
         <size>0x2</size>
         <input_file_ref idref="fl-5a"/>
      </object_component>
      <object_component id="oc-7b">
         <name>.int53</name>
         <load_address>0xffea</load_address>
         <run_address>0xffea</run_address>
         <size>0x2</size>
         <input_file_ref idref="fl-5b"/>
      </object_component>
      <object_component id="oc-7c">
         <name>.int54</name>
         <load_address>0xffec</load_address>
         <run_address>0xffec</run_address>
         <size>0x2</size>
         <input_file_ref idref="fl-a"/>
      </object_component>
      <object_component id="oc-7d">
         <name>.int55</name>
         <load_address>0xffee</load_address>
         <run_address>0xffee</run_address>
         <size>0x2</size>
         <input_file_ref idref="fl-3"/>
      </object_component>
      <object_component id="oc-7e">
         <name>.int56</name>
         <load_address>0xfff0</load_address>
         <run_address>0xfff0</run_address>
         <size>0x2</size>
         <input_file_ref idref="fl-6"/>
      </object_component>
      <object_component id="oc-7f">
         <name>.int57</name>
         <load_address>0xfff2</load_address>
         <run_address>0xfff2</run_address>
         <size>0x2</size>
         <input_file_ref idref="fl-b"/>
      </object_component>
      <object_component id="oc-80">
         <name>.int58</name>
         <load_address>0xfff4</load_address>
         <run_address>0xfff4</run_address>
         <size>0x2</size>
         <input_file_ref idref="fl-5c"/>
      </object_component>
      <object_component id="oc-81">
         <name>.int59</name>
         <load_address>0xfff6</load_address>
         <run_address>0xfff6</run_address>
         <size>0x2</size>
         <input_file_ref idref="fl-5d"/>
      </object_component>
      <object_component id="oc-82">
         <name>.int60</name>
         <load_address>0xfff8</load_address>
         <run_address>0xfff8</run_address>
         <size>0x2</size>
         <input_file_ref idref="fl-a"/>
      </object_component>
      <object_component id="oc-83">
         <name>.int61</name>
         <load_address>0xfffa</load_address>
         <run_address>0xfffa</run_address>
         <size>0x2</size>
         <input_file_ref idref="fl-5e"/>
      </object_component>
      <object_component id="oc-84">
         <name>.int62</name>
         <load_address>0xfffc</load_address>
         <run_address>0xfffc</run_address>
         <size>0x2</size>
         <input_file_ref idref="fl-5f"/>
      </object_component>
      <object_component id="oc-9b">
         <name>.reset</name>
         <load_address>0xfffe</load_address>
         <run_address>0xfffe</run_address>
         <size>0x2</size>
         <input_file_ref idref="fl-42"/>
      </object_component>
      <object_component id="oc-167">
         <name>.bss</name>
         <uninitialized>true</uninitialized>
         <run_address>0x4442</run_address>
         <size>0x92</size>
         <input_file_ref idref="fl-d"/>
      </object_component>
      <object_component id="oc-5e0">
         <name>.common:_ZN6MSP4309CharValueE</name>
         <uninitialized>true</uninitialized>
         <run_address>0x4596</run_address>
         <size>0x2</size>
      </object_component>
      <object_component id="oc-4c0">
         <name>.common:Packet</name>
         <uninitialized>true</uninitialized>
         <run_address>0x3c6a</run_address>
         <size>0x200</size>
      </object_component>
      <object_component id="oc-53c">
         <name>.common:_ZN6MSP4307PTxDataE</name>
         <uninitialized>true</uninitialized>
         <run_address>0x4578</run_address>
         <size>0x4</size>
      </object_component>
      <object_component id="oc-1a4">
         <name>.common:_ZN6MSP4306RxDataE</name>
         <uninitialized>true</uninitialized>
         <run_address>0x426a</run_address>
         <size>0x100</size>
      </object_component>
      <object_component id="oc-406">
         <name>.common:_ZN6MSP43011I2C_RECEIVEE</name>
         <uninitialized>true</uninitialized>
         <run_address>0x4558</run_address>
         <size>0x4</size>
      </object_component>
      <object_component id="oc-274">
         <name>.common:fatfs</name>
         <uninitialized>true</uninitialized>
         <run_address>0x3820</run_address>
         <size>0x22e</size>
      </object_component>
      <object_component id="oc-27c">
         <name>.common:dir</name>
         <uninitialized>true</uninitialized>
         <run_address>0x451c</run_address>
         <size>0x1c</size>
      </object_component>
      <object_component id="oc-285">
         <name>.common:errCode</name>
         <uninitialized>true</uninitialized>
         <run_address>0x4598</run_address>
         <size>0x2</size>
      </object_component>
      <object_component id="oc-541">
         <name>.common:file</name>
         <uninitialized>true</uninitialized>
         <run_address>0x44f8</run_address>
         <size>0x24</size>
      </object_component>
      <object_component id="oc-11f">
         <name>.common:rtcAlarm_Callback</name>
         <uninitialized>true</uninitialized>
         <run_address>0x4588</run_address>
         <size>0x4</size>
      </object_component>
      <object_component id="oc-2c2">
         <name>.common:Sec_Callback</name>
         <uninitialized>true</uninitialized>
         <run_address>0x454c</run_address>
         <size>0x4</size>
      </object_component>
      <object_component id="oc-3dd">
         <name>.common:_ZN6MSP43016TimerA0InterruptE</name>
         <uninitialized>true</uninitialized>
         <run_address>0x4560</run_address>
         <size>0x4</size>
      </object_component>
      <object_component id="oc-3dc">
         <name>.common:_ZN6MSP43016TimerA1InterruptE</name>
         <uninitialized>true</uninitialized>
         <run_address>0x4564</run_address>
         <size>0x4</size>
      </object_component>
      <object_component id="oc-3db">
         <name>.common:_ZN6MSP43016TimerB0InterruptE</name>
         <uninitialized>true</uninitialized>
         <run_address>0x4568</run_address>
         <size>0x4</size>
      </object_component>
      <object_component id="oc-3da">
         <name>.common:_ZN6MSP43018TimerA0_1InterruptE</name>
         <uninitialized>true</uninitialized>
         <run_address>0x456c</run_address>
         <size>0x4</size>
      </object_component>
      <object_component id="oc-3d9">
         <name>.common:_ZN6MSP43018TimerA1_1InterruptE</name>
         <uninitialized>true</uninitialized>
         <run_address>0x4570</run_address>
         <size>0x4</size>
      </object_component>
      <object_component id="oc-423">
         <name>.common:_ZN6MSP43013CommandVectorE</name>
         <uninitialized>true</uninitialized>
         <run_address>0x455c</run_address>
         <size>0x4</size>
      </object_component>
      <object_component id="oc-1b9">
         <name>.common:_ZN6MSP43012HeaderBufferE</name>
         <uninitialized>true</uninitialized>
         <run_address>0x4538</run_address>
         <size>0x8</size>
      </object_component>
      <object_component id="oc-1b0">
         <name>.common:_ZN6MSP43010DataBufferE</name>
         <uninitialized>true</uninitialized>
         <run_address>0x406a</run_address>
         <size>0x200</size>
      </object_component>
      <object_component id="oc-568">
         <name>.common:FatFs</name>
         <uninitialized>true</uninitialized>
         <run_address>0x4540</run_address>
         <size>0x4</size>
      </object_component>
      <object_component id="oc-581">
         <name>.common:Fsid</name>
         <uninitialized>true</uninitialized>
         <run_address>0x4594</run_address>
         <size>0x2</size>
      </object_component>
      <object_component id="oc-394">
         <name>.common:ChannelConfigs</name>
         <uninitialized>true</uninitialized>
         <run_address>0x436a</run_address>
         <size>0xd8</size>
      </object_component>
      <object_component id="oc-421">
         <name>.common:ReceivedData</name>
         <uninitialized>true</uninitialized>
         <run_address>0x3e6a</run_address>
         <size>0x200</size>
      </object_component>
      <object_component id="oc-3ce">
         <name>.common:TriggeredChannels</name>
         <uninitialized>true</uninitialized>
         <run_address>0x44d4</run_address>
         <size>0x24</size>
      </object_component>
      <object_component id="oc-3cf">
         <name>.common:HitBuffer</name>
         <uninitialized>true</uninitialized>
         <run_address>0x3a4e</run_address>
         <size>0x21c</size>
      </object_component>
      <object_component id="oc-36e">
         <name>.common:SpectrumData</name>
         <uninitialized>true</uninitialized>
         <run_address>0x1c00</run_address>
         <size>0x1c20</size>
      </object_component>
      <object_component id="oc-3fb">
         <name>.common:RawDataFileNumberChar</name>
         <uninitialized>true</uninitialized>
         <run_address>0x4544</run_address>
         <size>0x4</size>
      </object_component>
      <object_component id="oc-3f8">
         <name>.common:SpectrumDataFileNumberChar</name>
         <uninitialized>true</uninitialized>
         <run_address>0x4550</run_address>
         <size>0x4</size>
      </object_component>
      <object_component id="oc-3f5">
         <name>.common:RawDataLengthNumberChar</name>
         <uninitialized>true</uninitialized>
         <run_address>0x4548</run_address>
         <size>0x4</size>
      </object_component>
      <object_component id="oc-3f2">
         <name>.common:SpectrumDataLengthNumberChar</name>
         <uninitialized>true</uninitialized>
         <run_address>0x4554</run_address>
         <size>0x4</size>
      </object_component>
      <object_component id="oc-66e">
         <name>.common:CardType</name>
         <uninitialized>true</uninitialized>
         <run_address>0x459c</run_address>
         <size>0x1</size>
      </object_component>
      <object_component id="oc-3d1">
         <name>.common:_ZN6MSP43020interruptVectorPORT2E</name>
         <uninitialized>true</uninitialized>
         <run_address>0x4574</run_address>
         <size>0x4</size>
      </object_component>
      <object_component id="oc-18a">
         <name>.common:__TI_cleanup_ptr</name>
         <uninitialized>true</uninitialized>
         <run_address>0x457c</run_address>
         <size>0x4</size>
      </object_component>
      <object_component id="oc-559">
         <name>.common:__TI_dtors_ptr</name>
         <uninitialized>true</uninitialized>
         <run_address>0x4580</run_address>
         <size>0x4</size>
      </object_component>
      <object_component id="oc-215">
         <name>.common:__dso_handle</name>
         <uninitialized>true</uninitialized>
         <run_address>0x4584</run_address>
         <size>0x4</size>
      </object_component>
      <object_component id="oc-72b">
         <name>.common:sys_free</name>
         <uninitialized>true</uninitialized>
         <run_address>0x4590</run_address>
         <size>0x4</size>
      </object_component>
      <object_component id="oc-6d8">
         <name>.common:sys_base</name>
         <uninitialized>true</uninitialized>
         <run_address>0x458c</run_address>
         <size>0x4</size>
      </object_component>
      <object_component id="oc-6d7">
         <name>.common:memsize</name>
         <uninitialized>true</uninitialized>
         <run_address>0x459a</run_address>
         <size>0x2</size>
      </object_component>
      <object_component id="oc-12b">
         <name>.data</name>
         <load_address>0x4674</load_address>
         <run_address>0x4674</run_address>
         <size>0x16</size>
         <input_file_ref idref="fl-a"/>
      </object_component>
      <object_component id="oc-143">
         <name>.data</name>
         <load_address>0x4640</load_address>
         <run_address>0x4640</run_address>
         <size>0x34</size>
         <input_file_ref idref="fl-d"/>
      </object_component>
      <object_component id="oc-146">
         <name>.data:RTC_AsCharArray</name>
         <load_address>0x468a</load_address>
         <run_address>0x468a</run_address>
         <size>0xe</size>
         <input_file_ref idref="fl-d"/>
      </object_component>
      <object_component id="oc-182">
         <name>.data</name>
         <load_address>0x46a2</load_address>
         <run_address>0x46a2</run_address>
         <size>0x8</size>
         <input_file_ref idref="fl-6d"/>
      </object_component>
      <object_component id="oc-196">
         <name>.data</name>
         <load_address>0x46aa</load_address>
         <run_address>0x46aa</run_address>
         <size>0x4</size>
         <input_file_ref idref="fl-3"/>
      </object_component>
      <object_component id="oc-19a">
         <name>.data</name>
         <load_address>0x46b2</load_address>
         <run_address>0x46b2</run_address>
         <size>0x2</size>
         <input_file_ref idref="fl-6"/>
      </object_component>
      <object_component id="oc-1a6">
         <name>.data</name>
         <load_address>0x4698</load_address>
         <run_address>0x4698</run_address>
         <size>0x9</size>
         <input_file_ref idref="fl-b"/>
      </object_component>
      <object_component id="oc-55a">
         <name>.data</name>
         <load_address>0x46ae</load_address>
         <run_address>0x46ae</run_address>
         <size>0x4</size>
         <input_file_ref idref="fl-4a"/>
      </object_component>
      <object_component id="oc-624">
         <name>.data</name>
         <load_address>0x46b6</load_address>
         <run_address>0x46b6</run_address>
         <size>0x2</size>
[...]
      </symbol>
      <symbol id="sm-aa6">
         <name>_stack</name>
         <value>0x5b60</value>
         <object_component_ref idref="oc-98"/>
      </symbol>
      <symbol id="sm-aa7">
         <name>_c_int00_noargs</name>
         <value>0x5e90</value>
         <object_component_ref idref="oc-72"/>
      </symbol>
      <symbol id="sm-aa8">
         <name>_reset_vector</name>
         <value>0xfffe</value>
         <object_component_ref idref="oc-9b"/>
      </symbol>
      <symbol id="sm-ac5">
         <name>__mspabi_cmpd</name>
         <value>0x15078</value>
         <object_component_ref idref="oc-52a"/>
      </symbol>
      <symbol id="sm-adb">
         <name>__TI_decompress_none</name>
         <value>0x16c82</value>
         <object_component_ref idref="oc-85"/>
      </symbol>
      <symbol id="sm-afd">
         <name>__TI_decompress_rle24</name>
         <value>0x16d86</value>
         <object_component_ref idref="oc-91"/>
      </symbol>
      <symbol id="sm-b10">
         <name>__TI_zero_init</name>
         <value>0x16af6</value>
         <object_component_ref idref="oc-8b"/>
      </symbol>
      <symbol id="sm-b1d">
         <name>_ZdlPv</name>
         <value>0x16d32</value>
         <object_component_ref idref="oc-61c"/>
      </symbol>
      <symbol id="sm-b2b">
         <name>__mspabi_remul</name>
         <value>0x162da</value>
         <object_component_ref idref="oc-424"/>
      </symbol>
      <symbol id="sm-b2c">
         <name>__mspabi_divul</name>
         <value>0x162da</value>
         <object_component_ref idref="oc-424"/>
      </symbol>
      <symbol id="sm-b4d">
         <name>__mspabi_divd</name>
         <value>0x1342c</value>
         <object_component_ref idref="oc-361"/>
      </symbol>
      <symbol id="sm-b8d">
         <name>__dso_handle</name>
         <value>0x4584</value>
      </symbol>
      <symbol id="sm-b8e">
         <name>__cxa_atexit</name>
         <value>0x16d98</value>
         <object_component_ref idref="oc-218"/>
      </symbol>
      <symbol id="sm-b8f">
         <name>__cxa_finalize</name>
         <value>0x16436</value>
         <object_component_ref idref="oc-631"/>
      </symbol>
      <symbol id="sm-b90">
         <name>__cxa_ia64_exit</name>
         <value>0x16d7a</value>
         <object_component_ref idref="oc-553"/>
      </symbol>
      <symbol id="sm-ba6">
         <name>C$$EXIT</name>
         <value>0x16d9c</value>
         <object_component_ref idref="oc-18b"/>
      </symbol>
      <symbol id="sm-ba7">
         <name>abort</name>
         <value>0x16d9c</value>
         <object_component_ref idref="oc-18b"/>
      </symbol>
      <symbol id="sm-ba8">
         <name>exit</name>
         <value>0x16a4a</value>
         <object_component_ref idref="oc-c8"/>
      </symbol>
      <symbol id="sm-bb6">
         <name>__mspabi_fixdu</name>
         <value>0x16c70</value>
         <object_component_ref idref="oc-367"/>
      </symbol>
      <symbol id="sm-bc9">
         <name>__mspabi_fixdul</name>
         <value>0x160f8</value>
         <object_component_ref idref="oc-505"/>
      </symbol>
      <symbol id="sm-bd5">
         <name>__mspabi_fltud</name>
         <value>0x16d80</value>
         <object_component_ref idref="oc-355"/>
      </symbol>
      <symbol id="sm-bea">
         <name>__mspabi_fltuld</name>
         <value>0x16014</value>
         <object_component_ref idref="oc-4dd"/>
      </symbol>
      <symbol id="sm-c0b">
         <name>__TI_frcaddd</name>
         <value>0x12d66</value>
         <object_component_ref idref="oc-5f5"/>
      </symbol>
      <symbol id="sm-c26">
         <name>__TI_frcdivd</name>
         <value>0x111fa</value>
         <object_component_ref idref="oc-4f8"/>
      </symbol>
      <symbol id="sm-c29">
         <name>__TI_int43</name>
         <value>0xffd6</value>
         <object_component_ref idref="oc-6b"/>
      </symbol>
      <symbol id="sm-c2c">
         <name>__TI_int44</name>
         <value>0xffd8</value>
         <object_component_ref idref="oc-6c"/>
      </symbol>
      <symbol id="sm-c2f">
         <name>__TI_int45</name>
         <value>0xffda</value>
         <object_component_ref idref="oc-6d"/>
      </symbol>
      <symbol id="sm-c32">
         <name>__TI_int46</name>
         <value>0xffdc</value>
         <object_component_ref idref="oc-6e"/>
      </symbol>
      <symbol id="sm-c35">
         <name>__TI_int47</name>
         <value>0xffde</value>
         <object_component_ref idref="oc-6f"/>
      </symbol>
      <symbol id="sm-c38">
         <name>__TI_int48</name>
         <value>0xffe0</value>
         <object_component_ref idref="oc-70"/>
      </symbol>
      <symbol id="sm-c3b">
         <name>__TI_int50</name>
         <value>0xffe4</value>
         <object_component_ref idref="oc-78"/>
      </symbol>
      <symbol id="sm-c3e">
         <name>__TI_int51</name>
         <value>0xffe6</value>
         <object_component_ref idref="oc-79"/>
      </symbol>
      <symbol id="sm-c41">
         <name>__TI_int52</name>
         <value>0xffe8</value>
         <object_component_ref idref="oc-7a"/>
      </symbol>
      <symbol id="sm-c44">
         <name>__TI_int53</name>
         <value>0xffea</value>
         <object_component_ref idref="oc-7b"/>
      </symbol>
      <symbol id="sm-c47">
         <name>__TI_int58</name>
         <value>0xfff4</value>
         <object_component_ref idref="oc-80"/>
      </symbol>
      <symbol id="sm-c4a">
         <name>__TI_int59</name>
         <value>0xfff6</value>
         <object_component_ref idref="oc-81"/>
      </symbol>
      <symbol id="sm-c4d">
         <name>__TI_int61</name>
         <value>0xfffa</value>
         <object_component_ref idref="oc-83"/>
      </symbol>
      <symbol id="sm-c50">
         <name>__TI_int62</name>
         <value>0xfffc</value>
         <object_component_ref idref="oc-84"/>
      </symbol>
      <symbol id="sm-c58">
         <name>__TI_ISR_TRAP</name>
         <value>0x16d74</value>
         <object_component_ref idref="oc-ab"/>
      </symbol>
      <symbol id="sm-c69">
         <name>__mspabi_slll_9</name>
         <value>0x1684a</value>
         <object_component_ref idref="oc-5b6"/>
      </symbol>
      <symbol id="sm-c6a">
         <name>__mspabi_slll_8</name>
         <value>0x1684e</value>
         <object_component_ref idref="oc-5b6"/>
      </symbol>
      <symbol id="sm-c6b">
         <name>__mspabi_slll_7</name>
         <value>0x16852</value>
         <object_component_ref idref="oc-5b6"/>
      </symbol>
      <symbol id="sm-c6c">
         <name>__mspabi_slll_6</name>
         <value>0x16856</value>
         <object_component_ref idref="oc-5b6"/>
      </symbol>
      <symbol id="sm-c6d">
         <name>__mspabi_slll_5</name>
         <value>0x1685a</value>
         <object_component_ref idref="oc-5b6"/>
      </symbol>
      <symbol id="sm-c6e">
         <name>__mspabi_slll_4</name>
         <value>0x1685e</value>
         <object_component_ref idref="oc-5b6"/>
      </symbol>
      <symbol id="sm-c6f">
         <name>__mspabi_slll_3</name>
         <value>0x16862</value>
         <object_component_ref idref="oc-5b6"/>
      </symbol>
      <symbol id="sm-c70">
         <name>__mspabi_slll_2</name>
         <value>0x16866</value>
         <object_component_ref idref="oc-5b6"/>
      </symbol>
      <symbol id="sm-c71">
         <name>__mspabi_slll_1</name>
         <value>0x1686a</value>
         <object_component_ref idref="oc-5b6"/>
      </symbol>
      <symbol id="sm-c72">
         <name>__mspabi_slll</name>
         <value>0x16cda</value>
         <object_component_ref idref="oc-69b"/>
      </symbol>
      <symbol id="sm-c73">
         <name>__mspabi_slll_15</name>
         <value>0x16832</value>
         <object_component_ref idref="oc-5b6"/>
      </symbol>
      <symbol id="sm-c74">
         <name>__mspabi_slll_14</name>
         <value>0x16836</value>
         <object_component_ref idref="oc-5b6"/>
      </symbol>
      <symbol id="sm-c75">
         <name>__mspabi_slll_13</name>
         <value>0x1683a</value>
         <object_component_ref idref="oc-5b6"/>
      </symbol>
      <symbol id="sm-c76">
         <name>__mspabi_slll_12</name>
         <value>0x1683e</value>
         <object_component_ref idref="oc-5b6"/>
      </symbol>
      <symbol id="sm-c77">
         <name>__mspabi_slll_11</name>
         <value>0x16842</value>
         <object_component_ref idref="oc-5b6"/>
      </symbol>
      <symbol id="sm-c78">
         <name>__mspabi_slll_10</name>
         <value>0x16846</value>
         <object_component_ref idref="oc-5b6"/>
      </symbol>
      <symbol id="sm-c88">
         <name>__mspabi_srll_8</name>
         <value>0x1688c</value>
         <object_component_ref idref="oc-478"/>
      </symbol>
      <symbol id="sm-c89">
         <name>__mspabi_srll_9</name>
         <value>0x16888</value>
         <object_component_ref idref="oc-478"/>
      </symbol>
      <symbol id="sm-c8a">
         <name>__mspabi_srll_6</name>
         <value>0x16894</value>
         <object_component_ref idref="oc-478"/>
      </symbol>
      <symbol id="sm-c8b">
         <name>__mspabi_srll_7</name>
         <value>0x16890</value>
         <object_component_ref idref="oc-478"/>
      </symbol>
      <symbol id="sm-c8c">
         <name>__mspabi_srll_4</name>
         <value>0x1689c</value>
         <object_component_ref idref="oc-478"/>
      </symbol>
      <symbol id="sm-c8d">
         <name>__mspabi_srll_5</name>
         <value>0x16898</value>
         <object_component_ref idref="oc-478"/>
      </symbol>
      <symbol id="sm-c8e">
         <name>__mspabi_srll_2</name>
         <value>0x168a4</value>
         <object_component_ref idref="oc-478"/>
      </symbol>
      <symbol id="sm-c8f">
         <name>__mspabi_srll_3</name>
         <value>0x168a0</value>
         <object_component_ref idref="oc-478"/>
      </symbol>
      <symbol id="sm-c90">
         <name>__mspabi_srll_1</name>
         <value>0x168a8</value>
         <object_component_ref idref="oc-478"/>
      </symbol>
      <symbol id="sm-c91">
         <name>__mspabi_srll_15</name>
         <value>0x16870</value>
         <object_component_ref idref="oc-478"/>
      </symbol>
      <symbol id="sm-c92">
         <name>__mspabi_srll_14</name>
         <value>0x16874</value>
         <object_component_ref idref="oc-478"/>
      </symbol>
      <symbol id="sm-c93">
         <name>__mspabi_srll_13</name>
         <value>0x16878</value>
         <object_component_ref idref="oc-478"/>
      </symbol>
      <symbol id="sm-c94">
         <name>__mspabi_srll_12</name>
         <value>0x1687c</value>
         <object_component_ref idref="oc-478"/>
      </symbol>
      <symbol id="sm-c95">
         <name>__mspabi_srll_11</name>
         <value>0x16880</value>
         <object_component_ref idref="oc-478"/>
      </symbol>
      <symbol id="sm-c96">
         <name>__mspabi_srll_10</name>
         <value>0x16884</value>
         <object_component_ref idref="oc-478"/>
      </symbol>
      <symbol id="sm-c97">
         <name>__mspabi_srll</name>
         <value>0x16cea</value>
         <object_component_ref idref="oc-606"/>
      </symbol>
      <symbol id="sm-caa">
         <name>memcpy</name>
         <value>0x16c4a</value>
         <object_component_ref idref="oc-ed"/>
      </symbol>
      <symbol id="sm-cf5">
         <name>_sys_memory</name>
         <value>0x45a0</value>
         <object_component_ref idref="oc-9c"/>
      </symbol>
      <symbol id="sm-cf6">
         <name>free</name>
         <value>0x15cf0</value>
         <object_component_ref idref="oc-6ca"/>
      </symbol>
      <symbol id="sm-cf7">
         <name>malloc</name>
         <value>0x15510</value>
         <object_component_ref idref="oc-54d"/>
      </symbol>
      <symbol id="sm-cf8">
         <name>minit</name>
         <value>0x16736</value>
         <object_component_ref idref="oc-627"/>
      </symbol>
      <symbol id="sm-d06">
         <name>memset</name>
         <value>0x16c0a</value>
         <object_component_ref idref="oc-298"/>
      </symbol>
      <symbol id="sm-d27">
         <name>__mspabi_mpyd</name>
         <value>0x12ae4</value>
         <object_component_ref idref="oc-4e8"/>
      </symbol>
      <symbol id="sm-d2f">
         <name>__mspabi_mpyi_f5hw</name>
         <value>0x16c20</value>
         <object_component_ref idref="oc-30c"/>
      </symbol>
      <symbol id="sm-d37">
         <name>__mspabi_mpyl_f5hw</name>
         <value>0x16b1a</value>
         <object_component_ref idref="oc-57b"/>
      </symbol>
      <symbol id="sm-d4b">
         <name>__TI_renormd</name>
         <value>0x157e6</value>
         <object_component_ref idref="oc-6a5"/>
      </symbol>
      <symbol id="sm-da7">
         <name>_ZTSSt9type_info</name>
         <value>0x616a</value>
         <object_component_ref idref="oc-746"/>
      </symbol>
      <symbol id="sm-da8">
         <name>_ZN10__cxxabiv117__class_type_infoD1Ev</name>
         <value>0x16da0</value>
         <object_component_ref idref="oc-6bc"/>
      </symbol>
      <symbol id="sm-da9">
         <name>_ZTSN10__cxxabiv120__si_class_type_infoE</name>
         <value>0x60b8</value>
         <object_component_ref idref="oc-74d"/>
      </symbol>
      <symbol id="sm-daa">
         <name>_ZTSN10__cxxabiv117__class_type_infoE</name>
         <value>0x60de</value>
         <object_component_ref idref="oc-70c"/>
      </symbol>
      <symbol id="sm-dab">
         <name>_ZTVN10__cxxabiv117__class_type_infoE</name>
         <value>0x612c</value>
         <object_component_ref idref="oc-612"/>
      </symbol>
      <symbol id="sm-dac">
         <name>_ZTISt9type_info</name>
         <value>0x61a0</value>
         <object_component_ref idref="oc-711"/>
      </symbol>
      <symbol id="sm-dad">
         <name>_ZTIN10__cxxabiv117__class_type_infoE</name>
         <value>0x6178</value>
         <object_component_ref idref="oc-6b7"/>
      </symbol>
      <symbol id="sm-dae">
         <name>_ZN10__cxxabiv120__si_class_type_infoD1Ev</name>
         <value>0x16da2</value>
         <object_component_ref idref="oc-73b"/>
      </symbol>
      <symbol id="sm-daf">
         <name>_ZTIN10__cxxabiv120__si_class_type_infoE</name>
         <value>0x6184</value>
         <object_component_ref idref="oc-736"/>
      </symbol>
      <symbol id="sm-db0">
         <name>_ZN10__cxxabiv117__class_type_infoD0Ev</name>
         <value>0x16d14</value>
         <object_component_ref idref="oc-6c2"/>
      </symbol>
      <symbol id="sm-db1">
         <name>_ZTVN10__cxxabiv120__si_class_type_infoE</name>
         <value>0x613c</value>
         <object_component_ref idref="oc-707"/>
      </symbol>
      <symbol id="sm-db2">
         <name>_ZN10__cxxabiv120__si_class_type_infoD0Ev</name>
         <value>0x16d1e</value>
         <object_component_ref idref="oc-741"/>
      </symbol>
      <symbol id="sm-dc3">
         <name>_nop</name>
         <value>0x16daa</value>
         <object_component_ref idref="oc-396"/>
      </symbol>
      <symbol id="sm-dc4">
         <name>_lock</name>
         <value>0x46a2</value>
         <object_component_ref idref="oc-182"/>
      </symbol>
      <symbol id="sm-dc5">
         <name>_unlock</name>
         <value>0x46a6</value>
         <object_component_ref idref="oc-182"/>
      </symbol>
      <symbol id="sm-dd6">
         <name>__mspabi_sral</name>
         <value>0x16cca</value>
         <object_component_ref idref="oc-6a0"/>
      </symbol>
      <symbol id="sm-dd7">
         <name>__mspabi_sral_15</name>
         <value>0x167f4</value>
         <object_component_ref idref="oc-5fd"/>
      </symbol>
      <symbol id="sm-dd8">
         <name>__mspabi_sral_14</name>
         <value>0x167f8</value>
         <object_component_ref idref="oc-5fd"/>
      </symbol>
      <symbol id="sm-dd9">
         <name>__mspabi_sral_13</name>
         <value>0x167fc</value>
         <object_component_ref idref="oc-5fd"/>
      </symbol>
      <symbol id="sm-dda">
         <name>__mspabi_sral_12</name>
         <value>0x16800</value>
         <object_component_ref idref="oc-5fd"/>
      </symbol>
      <symbol id="sm-ddb">
         <name>__mspabi_sral_11</name>
         <value>0x16804</value>
         <object_component_ref idref="oc-5fd"/>
      </symbol>
      <symbol id="sm-ddc">
         <name>__mspabi_sral_10</name>
         <value>0x16808</value>
         <object_component_ref idref="oc-5fd"/>
      </symbol>
      <symbol id="sm-ddd">
         <name>__mspabi_sral_8</name>
         <value>0x16810</value>
         <object_component_ref idref="oc-5fd"/>
      </symbol>
      <symbol id="sm-dde">
         <name>__mspabi_sral_9</name>
         <value>0x1680c</value>
         <object_component_ref idref="oc-5fd"/>
      </symbol>
      <symbol id="sm-ddf">
         <name>__mspabi_sral_6</name>
         <value>0x16818</value>
         <object_component_ref idref="oc-5fd"/>
      </symbol>
      <symbol id="sm-de0">
         <name>__mspabi_sral_7</name>
         <value>0x16814</value>
         <object_component_ref idref="oc-5fd"/>
      </symbol>
      <symbol id="sm-de1">
         <name>__mspabi_sral_4</name>
         <value>0x16820</value>
         <object_component_ref idref="oc-5fd"/>
      </symbol>
      <symbol id="sm-de2">
         <name>__mspabi_sral_5</name>
         <value>0x1681c</value>
         <object_component_ref idref="oc-5fd"/>
      </symbol>
      <symbol id="sm-de3">
         <name>__mspabi_sral_2</name>
         <value>0x16828</value>
         <object_component_ref idref="oc-5fd"/>
      </symbol>
      <symbol id="sm-de4">
         <name>__mspabi_sral_3</name>
         <value>0x16824</value>
         <object_component_ref idref="oc-5fd"/>
      </symbol>
      <symbol id="sm-de5">
         <name>__mspabi_sral_1</name>
         <value>0x1682c</value>
         <object_component_ref idref="oc-5fd"/>
      </symbol>
      <symbol id="sm-dfc">
         <name>_auto_init_hold_wdt</name>
         <value>0x1608a</value>
         <object_component_ref idref="oc-bc"/>
      </symbol>
      <symbol id="sm-e0d">
         <name>__TI_frcmpyd</name>
         <value>0x11fc6</value>
         <object_component_ref idref="oc-5eb"/>
      </symbol>
      <symbol id="sm-e0e">
         <name>__TI_exit</name>
         <value>0x1</value>
      </symbol>
      <symbol id="sm-e0f">
         <name>__TI_args_main</name>
         <value>0x1</value>
      </symbol>
      <symbol id="sm-e12">
         <name>_ZN6MSP4303ADCC2Ev</name>
         <value>0x16da4</value>
      </symbol>
      <symbol id="sm-e13">
         <name>_ZN6MSP4303I2CC2ENS_3BUSEPFvPhjE</name>
         <value>0x16778</value>
      </symbol>
      <symbol id="sm-e14">
         <name>_ZN6MSP4303I2CD2Ev</name>
         <value>0x16da6</value>
      </symbol>
      <symbol id="sm-e15">
         <name>_ZN6MSP4305TimerC2ENS_5TIMEREPFvvE</name>
         <value>0x163e0</value>
      </symbol>
      <symbol id="sm-e16">
         <name>_ZN6MSP4304UARTC2ENS_3BUSEmPFvhPhjE</name>
         <value>0x155ca</value>
      </symbol>
      <symbol id="sm-e17">
         <name>_ZN6MSP4306pulsarC2EPhhb</name>
         <value>0x16a78</value>
      </symbol>
      <symbol id="sm-e18">
         <name>_ZN6MSP4306pulsarC2EPhh</name>
         <value>0x16bc8</value>
      </symbol>
      <symbol id="sm-e19">
         <name>_ZN6MSP4306pulsarC2EPhhNS_13InterruptTypeEPFvvE</name>
         <value>0x165cc</value>
      </symbol>
      <symbol id="sm-e1a">
         <name>_ZN6MSP4304renaC2Ev</name>
         <value>0x16da8</value>
      </symbol>
      <symbol id="sm-e1b">
         <name>_ZN10__cxxabiv117__class_type_infoD2Ev</name>
         <value>0x16da0</value>
      </symbol>
      <symbol id="sm-e1c">
         <name>_ZN10__cxxabiv120__si_class_type_infoD2Ev</name>
         <value>0x16da2</value>
      </symbol>
   </symbol_table>
   <title>Link successful</title>
</link_info>
