<?xml version="1.0"?>
<link_info>
   <banner>MSP430 Linker PC v4.3.3</banner>
   <copyright>Copyright (c) 2003-2014 Texas Instruments Incorporated</copyright>
   <link_time>0x558d5887</link_time>
   <link_errors>0x0</link_errors>
   <output_file>XRD.out</output_file>
   <entry_point>
      <name>_c_int00</name>
      <address>0x5e24</address>
   </entry_point>
   <input_file_list>
      <input_file id="fl-2">
         <path>.\</path>
         <kind>object</kind>
         <file>AD9243.obj</file>
         <name>AD9243.obj</name>
      </input_file>
      <input_file id="fl-3">
         <path>.\</path>
         <kind>object</kind>
         <file>ADC.obj</file>
         <name>ADC.obj</name>
      </input_file>
      <input_file id="fl-4">
         <path>.\</path>
         <kind>object</kind>
         <file>ByteFunctions.obj</file>
         <name>ByteFunctions.obj</name>
      </input_file>
      <input_file id="fl-5">
         <path>.\</path>
         <kind>object</kind>
         <file>HAL_SDCard.obj</file>
         <name>HAL_SDCard.obj</name>
      </input_file>
      <input_file id="fl-6">
         <path>.\</path>
         <kind>object</kind>
         <file>MemoryHandling.obj</file>
         <name>MemoryHandling.obj</name>
      </input_file>
      <input_file id="fl-7">
         <path>.\</path>
         <kind>object</kind>
         <file>RTC.obj</file>
         <name>RTC.obj</name>
      </input_file>
      <input_file id="fl-8">
         <path>.\</path>
         <kind>object</kind>
         <file>SPI.obj</file>
         <name>SPI.obj</name>
      </input_file>
      <input_file id="fl-9">
         <path>.\</path>
         <kind>object</kind>
         <file>Timer.obj</file>
         <name>Timer.obj</name>
      </input_file>
      <input_file id="fl-a">
         <path>.\</path>
         <kind>object</kind>
         <file>UART.obj</file>
         <name>UART.obj</name>
      </input_file>
      <input_file id="fl-b">
         <path>.\</path>
         <kind>object</kind>
         <file>ff.obj</file>
         <name>ff.obj</name>
      </input_file>
      <input_file id="fl-c">
         <path>.\</path>
         <kind>object</kind>
         <file>main.obj</file>
         <name>main.obj</name>
      </input_file>
      <input_file id="fl-d">
         <path>.\</path>
         <kind>object</kind>
         <file>mmc.obj</file>
         <name>mmc.obj</name>
      </input_file>
      <input_file id="fl-e">
         <path>.\</path>
         <kind>object</kind>
         <file>pre_init.obj</file>
         <name>pre_init.obj</name>
      </input_file>
      <input_file id="fl-f">
         <path>.\</path>
         <kind>object</kind>
         <file>pulsar.obj</file>
         <name>pulsar.obj</name>
      </input_file>
      <input_file id="fl-10">
         <path>.\</path>
         <kind>object</kind>
         <file>rena.obj</file>
         <name>rena.obj</name>
      </input_file>
      <input_file id="fl-3f">
         <path>c:\ti\ccsv6\tools\compiler\msp430_4.3.3\lib\</path>
         <kind>archive</kind>
         <file>rts430x_lc_rd_eabi.lib</file>
         <name>addd.obj</name>
      </input_file>
      <input_file id="fl-40">
         <path>c:\ti\ccsv6\tools\compiler\msp430_4.3.3\lib\</path>
         <kind>archive</kind>
         <file>rts430x_lc_rd_eabi.lib</file>
         <name>asr16.obj</name>
      </input_file>
      <input_file id="fl-41">
         <path>c:\ti\ccsv6\tools\compiler\msp430_4.3.3\lib\</path>
         <kind>archive</kind>
         <file>rts430x_lc_rd_eabi.lib</file>
         <name>boot.obj</name>
      </input_file>
      <input_file id="fl-42">
         <path>c:\ti\ccsv6\tools\compiler\msp430_4.3.3\lib\</path>
         <kind>archive</kind>
         <file>rts430x_lc_rd_eabi.lib</file>
         <name>cmpd.obj</name>
      </input_file>
      <input_file id="fl-43">
         <path>c:\ti\ccsv6\tools\compiler\msp430_4.3.3\lib\</path>
         <kind>archive</kind>
         <file>rts430x_lc_rd_eabi.lib</file>
         <name>copy_decompress_none.obj</name>
      </input_file>
      <input_file id="fl-44">
         <path>c:\ti\ccsv6\tools\compiler\msp430_4.3.3\lib\</path>
         <kind>archive</kind>
         <file>rts430x_lc_rd_eabi.lib</file>
         <name>copy_decompress_rle.obj</name>
      </input_file>
      <input_file id="fl-45">
         <path>c:\ti\ccsv6\tools\compiler\msp430_4.3.3\lib\</path>
         <kind>archive</kind>
         <file>rts430x_lc_rd_eabi.lib</file>
         <name>copy_zero_init.obj</name>
      </input_file>
      <input_file id="fl-46">
         <path>c:\ti\ccsv6\tools\compiler\msp430_4.3.3\lib\</path>
         <kind>archive</kind>
         <file>rts430x_lc_rd_eabi.lib</file>
         <name>div32u.obj</name>
      </input_file>
      <input_file id="fl-47">
         <path>c:\ti\ccsv6\tools\compiler\msp430_4.3.3\lib\</path>
         <kind>archive</kind>
         <file>rts430x_lc_rd_eabi.lib</file>
         <name>divd.obj</name>
      </input_file>
      <input_file id="fl-48">
         <path>c:\ti\ccsv6\tools\compiler\msp430_4.3.3\lib\</path>
         <kind>archive</kind>
         <file>rts430x_lc_rd_eabi.lib</file>
         <name>exit.obj</name>
      </input_file>
      <input_file id="fl-49">
         <path>c:\ti\ccsv6\tools\compiler\msp430_4.3.3\lib\</path>
         <kind>archive</kind>
         <file>rts430x_lc_rd_eabi.lib</file>
         <name>fltud.obj</name>
      </input_file>
      <input_file id="fl-4a">
         <path>c:\ti\ccsv6\tools\compiler\msp430_4.3.3\lib\</path>
         <kind>archive</kind>
         <file>rts430x_lc_rd_eabi.lib</file>
         <name>fltuld.obj</name>
      </input_file>
      <input_file id="fl-4b">
         <path>c:\ti\ccsv6\tools\compiler\msp430_4.3.3\lib\</path>
         <kind>archive</kind>
         <file>rts430x_lc_rd_eabi.lib</file>
         <name>frcaddd.obj</name>
      </input_file>
      <input_file id="fl-4c">
         <path>c:\ti\ccsv6\tools\compiler\msp430_4.3.3\lib\</path>
         <kind>archive</kind>
         <file>rts430x_lc_rd_eabi.lib</file>
         <name>frcdivd.obj</name>
      </input_file>
      <input_file id="fl-4d">
         <path>c:\ti\ccsv6\tools\compiler\msp430_4.3.3\lib\</path>
         <kind>archive</kind>
         <file>rts430x_lc_rd_eabi.lib</file>
         <name>int43.obj</name>
      </input_file>
      <input_file id="fl-4e">
         <path>c:\ti\ccsv6\tools\compiler\msp430_4.3.3\lib\</path>
         <kind>archive</kind>
         <file>rts430x_lc_rd_eabi.lib</file>
         <name>int44.obj</name>
      </input_file>
      <input_file id="fl-4f">
         <path>c:\ti\ccsv6\tools\compiler\msp430_4.3.3\lib\</path>
         <kind>archive</kind>
         <file>rts430x_lc_rd_eabi.lib</file>
         <name>int45.obj</name>
      </input_file>
      <input_file id="fl-50">
         <path>c:\ti\ccsv6\tools\compiler\msp430_4.3.3\lib\</path>
         <kind>archive</kind>
         <file>rts430x_lc_rd_eabi.lib</file>
         <name>int46.obj</name>
      </input_file>
      <input_file id="fl-51">
         <path>c:\ti\ccsv6\tools\compiler\msp430_4.3.3\lib\</path>
         <kind>archive</kind>
         <file>rts430x_lc_rd_eabi.lib</file>
         <name>int47.obj</name>
      </input_file>
      <input_file id="fl-52">
         <path>c:\ti\ccsv6\tools\compiler\msp430_4.3.3\lib\</path>
         <kind>archive</kind>
         <file>rts430x_lc_rd_eabi.lib</file>
         <name>int48.obj</name>
      </input_file>
      <input_file id="fl-53">
         <path>c:\ti\ccsv6\tools\compiler\msp430_4.3.3\lib\</path>
         <kind>archive</kind>
         <file>rts430x_lc_rd_eabi.lib</file>
         <name>int50.obj</name>
      </input_file>
      <input_file id="fl-54">
         <path>c:\ti\ccsv6\tools\compiler\msp430_4.3.3\lib\</path>
         <kind>archive</kind>
         <file>rts430x_lc_rd_eabi.lib</file>
         <name>int51.obj</name>
      </input_file>
      <input_file id="fl-55">
         <path>c:\ti\ccsv6\tools\compiler\msp430_4.3.3\lib\</path>
         <kind>archive</kind>
         <file>rts430x_lc_rd_eabi.lib</file>
         <name>int52.obj</name>
      </input_file>
      <input_file id="fl-56">
         <path>c:\ti\ccsv6\tools\compiler\msp430_4.3.3\lib\</path>
         <kind>archive</kind>
         <file>rts430x_lc_rd_eabi.lib</file>
         <name>int53.obj</name>
      </input_file>
      <input_file id="fl-57">
         <path>c:\ti\ccsv6\tools\compiler\msp430_4.3.3\lib\</path>
         <kind>archive</kind>
         <file>rts430x_lc_rd_eabi.lib</file>
         <name>int56.obj</name>
      </input_file>
      <input_file id="fl-58">
         <path>c:\ti\ccsv6\tools\compiler\msp430_4.3.3\lib\</path>
         <kind>archive</kind>
         <file>rts430x_lc_rd_eabi.lib</file>
         <name>int58.obj</name>
      </input_file>
      <input_file id="fl-59">
         <path>c:\ti\ccsv6\tools\compiler\msp430_4.3.3\lib\</path>
         <kind>archive</kind>
         <file>rts430x_lc_rd_eabi.lib</file>
         <name>int59.obj</name>
      </input_file>
      <input_file id="fl-5a">
         <path>c:\ti\ccsv6\tools\compiler\msp430_4.3.3\lib\</path>
         <kind>archive</kind>
         <file>rts430x_lc_rd_eabi.lib</file>
         <name>int61.obj</name>
      </input_file>
      <input_file id="fl-5b">
         <path>c:\ti\ccsv6\tools\compiler\msp430_4.3.3\lib\</path>
         <kind>archive</kind>
         <file>rts430x_lc_rd_eabi.lib</file>
         <name>int62.obj</name>
      </input_file>
      <input_file id="fl-5c">
         <path>c:\ti\ccsv6\tools\compiler\msp430_4.3.3\lib\</path>
         <kind>archive</kind>
         <file>rts430x_lc_rd_eabi.lib</file>
         <name>isr_trap.obj</name>
      </input_file>
      <input_file id="fl-5d">
         <path>c:\ti\ccsv6\tools\compiler\msp430_4.3.3\lib\</path>
         <kind>archive</kind>
         <file>rts430x_lc_rd_eabi.lib</file>
         <name>lsl16.obj</name>
      </input_file>
      <input_file id="fl-5e">
         <path>c:\ti\ccsv6\tools\compiler\msp430_4.3.3\lib\</path>
         <kind>archive</kind>
         <file>rts430x_lc_rd_eabi.lib</file>
         <name>lsl32.obj</name>
      </input_file>
      <input_file id="fl-5f">
         <path>c:\ti\ccsv6\tools\compiler\msp430_4.3.3\lib\</path>
         <kind>archive</kind>
         <file>rts430x_lc_rd_eabi.lib</file>
         <name>lsr32.obj</name>
      </input_file>
      <input_file id="fl-60">
         <path>c:\ti\ccsv6\tools\compiler\msp430_4.3.3\lib\</path>
         <kind>archive</kind>
         <file>rts430x_lc_rd_eabi.lib</file>
         <name>memcpy.obj</name>
      </input_file>
      <input_file id="fl-61">
         <path>c:\ti\ccsv6\tools\compiler\msp430_4.3.3\lib\</path>
         <kind>archive</kind>
         <file>rts430x_lc_rd_eabi.lib</file>
         <name>memset.obj</name>
      </input_file>
      <input_file id="fl-62">
         <path>c:\ti\ccsv6\tools\compiler\msp430_4.3.3\lib\</path>
         <kind>archive</kind>
         <file>rts430x_lc_rd_eabi.lib</file>
         <name>mpu_init.obj</name>
      </input_file>
      <input_file id="fl-63">
         <path>c:\ti\ccsv6\tools\compiler\msp430_4.3.3\lib\</path>
         <kind>archive</kind>
         <file>rts430x_lc_rd_eabi.lib</file>
         <name>mpyd.obj</name>
      </input_file>
      <input_file id="fl-64">
         <path>c:\ti\ccsv6\tools\compiler\msp430_4.3.3\lib\</path>
         <kind>archive</kind>
         <file>rts430x_lc_rd_eabi.lib</file>
         <name>mult16_f5hw.obj</name>
      </input_file>
      <input_file id="fl-65">
         <path>c:\ti\ccsv6\tools\compiler\msp430_4.3.3\lib\</path>
         <kind>archive</kind>
         <file>rts430x_lc_rd_eabi.lib</file>
         <name>mult32_f5hw.obj</name>
      </input_file>
      <input_file id="fl-66">
         <path>c:\ti\ccsv6\tools\compiler\msp430_4.3.3\lib\</path>
         <kind>archive</kind>
         <file>rts430x_lc_rd_eabi.lib</file>
         <name>renormd.obj</name>
      </input_file>
      <input_file id="fl-67">
         <path>c:\ti\ccsv6\tools\compiler\msp430_4.3.3\lib\</path>
         <kind>archive</kind>
         <file>rts430x_lc_rd_eabi.lib</file>
         <name>_lock.obj</name>
      </input_file>
      <input_file id="fl-68">
         <path>c:\ti\ccsv6\tools\compiler\msp430_4.3.3\lib\</path>
         <kind>archive</kind>
         <file>rts430x_lc_rd_eabi.lib</file>
         <name>args_main.obj</name>
      </input_file>
      <input_file id="fl-69">
         <path>c:\ti\ccsv6\tools\compiler\msp430_4.3.3\lib\</path>
         <kind>archive</kind>
         <file>rts430x_lc_rd_eabi.lib</file>
         <name>asr32.obj</name>
      </input_file>
      <input_file id="fl-6a">
         <path>c:\ti\ccsv6\tools\compiler\msp430_4.3.3\lib\</path>
         <kind>archive</kind>
         <file>rts430x_lc_rd_eabi.lib</file>
         <name>autoinit.obj</name>
      </input_file>
      <input_file id="fl-6b">
         <path>c:\ti\ccsv6\tools\compiler\msp430_4.3.3\lib\</path>
         <kind>archive</kind>
         <file>rts430x_lc_rd_eabi.lib</file>
         <name>frcmpyd.obj</name>
      </input_file>
   </input_file_list>
   <object_component_list>
      <object_component id="oc-98">
         <name>.stack</name>
         <uninitialized>true</uninitialized>
         <run_address>0x5b60</run_address>
         <size>0x4</size>
         <input_file_ref idref="fl-41"/>
      </object_component>
      <object_component id="oc-604">
         <name>.stack</name>
         <uninitialized>true</uninitialized>
         <run_address>0x5b60</run_address>
         <size>0x0</size>
      </object_component>
      <object_component id="oc-163">
         <name>.text:_Z18UARTCommandHandler9UART_Mode</name>
         <load_address>0x10000</load_address>
         <run_address>0x10000</run_address>
         <size>0x806</size>
         <input_file_ref idref="fl-c"/>
      </object_component>
      <object_component id="oc-2f1">
         <name>.text:_ZN6MSP4304rena13ConfigureRenaEPNS_13channelconfigEhNS_6pulsarES3_S3_</name>
         <load_address>0x10806</load_address>
         <run_address>0x10806</run_address>
         <size>0x518</size>
         <input_file_ref idref="fl-10"/>
      </object_component>
      <object_component id="oc-38d">
         <name>.text:chk_mounted</name>
         <load_address>0x10d1e</load_address>
         <run_address>0x10d1e</run_address>
         <size>0x4dc</size>
         <input_file_ref idref="fl-b"/>
      </object_component>
      <object_component id="oc-546">
         <name>.text:__TI_frcdivd</name>
         <load_address>0x111fa</load_address>
         <run_address>0x111fa</run_address>
         <size>0x452</size>
         <input_file_ref idref="fl-4c"/>
      </object_component>
      <object_component id="oc-13c">
         <name>.text:_Z13GetSystemInfoPhR14Operation_ModeRjS2_RmS3_S3_S3_</name>
         <load_address>0x1164c</load_address>
         <run_address>0x1164c</run_address>
         <size>0x360</size>
         <input_file_ref idref="fl-6"/>
      </object_component>
      <object_component id="oc-272">
         <name>.text:_Z16UpdateSystemInfoPh14Operation_Modejjmmmm</name>
         <load_address>0x119ac</load_address>
         <run_address>0x119ac</run_address>
         <size>0x316</size>
         <input_file_ref idref="fl-6"/>
      </object_component>
      <object_component id="oc-31c">
         <name>.text:_ZN6MSP4304rena11CheckConfigEv</name>
         <load_address>0x11cc2</load_address>
         <run_address>0x11cc2</run_address>
         <size>0x304</size>
         <input_file_ref idref="fl-10"/>
      </object_component>
      <object_component id="oc-53e">
         <name>.text:__TI_frcmpyd</name>
         <load_address>0x11fc6</load_address>
         <run_address>0x11fc6</run_address>
         <size>0x2e4</size>
         <input_file_ref idref="fl-6b"/>
      </object_component>
      <object_component id="oc-3e9">
         <name>.text:f_write</name>
         <load_address>0x122aa</load_address>
         <run_address>0x122aa</run_address>
         <size>0x29e</size>
         <input_file_ref idref="fl-b"/>
      </object_component>
      <object_component id="oc-4c7">
         <name>.text:__mspabi_mpyd</name>
         <load_address>0x12548</load_address>
         <run_address>0x12548</run_address>
         <size>0x282</size>
         <input_file_ref idref="fl-63"/>
      </object_component>
      <object_component id="oc-32e">
         <name>.text:f_lseek</name>
         <load_address>0x127ca</load_address>
         <run_address>0x127ca</run_address>
         <size>0x250</size>
         <input_file_ref idref="fl-b"/>
      </object_component>
      <object_component id="oc-256">
         <name>.text:f_open</name>
         <load_address>0x12a1a</load_address>
         <run_address>0x12a1a</run_address>
         <size>0x224</size>
         <input_file_ref idref="fl-b"/>
      </object_component>
      <object_component id="oc-4cd">
         <name>.text:__mspabi_divd</name>
         <load_address>0x12c3e</load_address>
         <run_address>0x12c3e</run_address>
         <size>0x222</size>
         <input_file_ref idref="fl-47"/>
      </object_component>
      <object_component id="oc-1ba">
         <name>.text:_Z12TS_Interruptv</name>
         <load_address>0x12e60</load_address>
         <run_address>0x12e60</run_address>
         <size>0x200</size>
         <input_file_ref idref="fl-c"/>
      </object_component>
      <object_component id="oc-25d">
         <name>.text:f_read</name>
         <load_address>0x13060</load_address>
         <run_address>0x13060</run_address>
         <size>0x1f2</size>
         <input_file_ref idref="fl-b"/>
      </object_component>
      <object_component id="oc-169">
         <name>.text:_Z16RunOperationMode14Operation_Mode</name>
         <load_address>0x13252</load_address>
         <run_address>0x13252</run_address>
         <size>0x1f0</size>
         <input_file_ref idref="fl-c"/>
      </object_component>
      <object_component id="oc-29a">
         <name>.text:_ZN6MSP4303ADC24ReadAllValuesToCharArrayEPh</name>
         <load_address>0x13442</load_address>
         <run_address>0x13442</run_address>
         <size>0x1c0</size>
         <input_file_ref idref="fl-3"/>
      </object_component>
      <object_component id="oc-105">
         <name>.text:__sti___8_main_cpp_TCLK</name>
         <load_address>0x13602</load_address>
         <run_address>0x13602</run_address>
         <size>0x194</size>
         <input_file_ref idref="fl-c"/>
      </object_component>
      <object_component id="oc-48a">
         <name>.text:put_fat</name>
         <load_address>0x13796</load_address>
         <run_address>0x13796</run_address>
         <size>0x18a</size>
         <input_file_ref idref="fl-b"/>
      </object_component>
      <object_component id="oc-47c">
         <name>.text:dir_next</name>
         <load_address>0x13920</load_address>
         <run_address>0x13920</run_address>
         <size>0x17e</size>
         <input_file_ref idref="fl-b"/>
      </object_component>
      <object_component id="oc-458">
         <name>.text:disk_initialize</name>
         <load_address>0x13a9e</load_address>
         <run_address>0x13a9e</run_address>
         <size>0x144</size>
         <input_file_ref idref="fl-d"/>
      </object_component>
      <object_component id="oc-3c6">
         <name>.text:get_fat</name>
         <load_address>0x13be2</load_address>
         <run_address>0x13be2</run_address>
         <size>0x140</size>
         <input_file_ref idref="fl-b"/>
      </object_component>
      <object_component id="oc-46c">
         <name>.text:create_name</name>
         <load_address>0x13d22</load_address>
         <run_address>0x13d22</run_address>
         <size>0x134</size>
         <input_file_ref idref="fl-b"/>
      </object_component>
      <object_component id="oc-173">
         <name>.text:_Z11ReadRawDataPhjmm</name>
         <load_address>0x13e56</load_address>
         <run_address>0x13e56</run_address>
         <size>0x12c</size>
         <input_file_ref idref="fl-6"/>
      </object_component>
      <object_component id="oc-310">
         <name>.text:_Z10AddRawDataPhjm</name>
         <load_address>0x13f82</load_address>
         <run_address>0x13f82</run_address>
         <size>0x12a</size>
         <input_file_ref idref="fl-6"/>
      </object_component>
      <object_component id="oc-438">
         <name>.text:create_chain</name>
         <load_address>0x140ac</load_address>
         <run_address>0x140ac</run_address>
         <size>0x120</size>
         <input_file_ref idref="fl-b"/>
      </object_component>
      <object_component id="oc-bf">
         <name>.text:main</name>
         <load_address>0x141cc</load_address>
         <run_address>0x141cc</run_address>
         <size>0x10e</size>
         <input_file_ref idref="fl-c"/>
      </object_component>
      <object_component id="oc-399">
         <name>.text:dir_sdi</name>
         <load_address>0x142da</load_address>
         <run_address>0x142da</run_address>
         <size>0x100</size>
         <input_file_ref idref="fl-b"/>
      </object_component>
      <object_component id="oc-52f">
         <name>.text:disk_ioctl</name>
         <load_address>0x143da</load_address>
         <run_address>0x143da</run_address>
         <size>0xf4</size>
         <input_file_ref idref="fl-d"/>
      </object_component>
      <object_component id="oc-4b3">
         <name>.text:sync</name>
         <load_address>0x144ce</load_address>
         <run_address>0x144ce</run_address>
         <size>0xec</size>
         <input_file_ref idref="fl-b"/>
      </object_component>
      <object_component id="oc-42b">
         <name>.text:__mspabi_cmpd</name>
         <load_address>0x145ba</load_address>
         <run_address>0x145ba</run_address>
         <size>0xd8</size>
         <input_file_ref idref="fl-42"/>
      </object_component>
      <object_component id="oc-316">
         <name>.text:_Z11ReportEvent13StatusReports</name>
         <load_address>0x14692</load_address>
         <run_address>0x14692</run_address>
         <size>0xce</size>
         <input_file_ref idref="fl-6"/>
      </object_component>
      <object_component id="oc-2a6">
         <name>.text:_ZN6MSP4304UART4SendEPhj</name>
         <load_address>0x14760</load_address>
         <run_address>0x14760</run_address>
         <size>0xbe</size>
         <input_file_ref idref="fl-a"/>
      </object_component>
      <object_component id="oc-3b4">
         <name>.text:move_window</name>
         <load_address>0x1481e</load_address>
         <run_address>0x1481e</run_address>
         <size>0xbe</size>
         <input_file_ref idref="fl-b"/>
      </object_component>
      <object_component id="oc-491">
         <name>.text:disk_write</name>
         <load_address>0x148dc</load_address>
         <run_address>0x148dc</run_address>
         <size>0xbc</size>
         <input_file_ref idref="fl-d"/>
      </object_component>
      <object_component id="oc-26c">
         <name>.text:_Z17getRTCasByteArrayPh</name>
         <load_address>0x14998</load_address>
         <run_address>0x14998</run_address>
         <size>0xba</size>
         <input_file_ref idref="fl-7"/>
      </object_component>
      <object_component id="oc-1ea">
         <name>.text:_ZN6MSP4304UARTC1ENS_3BUSEmPFvhPhjE</name>
         <load_address>0x14a52</load_address>
         <run_address>0x14a52</run_address>
         <size>0xb4</size>
         <input_file_ref idref="fl-a"/>
      </object_component>
      <object_component id="oc-393">
         <name>.text:follow_path</name>
         <load_address>0x14b06</load_address>
         <run_address>0x14b06</run_address>
         <size>0xb4</size>
         <input_file_ref idref="fl-b"/>
      </object_component>
      <object_component id="oc-49f">
         <name>.text:send_cmd</name>
         <load_address>0x14bba</load_address>
         <run_address>0x14bba</run_address>
         <size>0xb4</size>
         <input_file_ref idref="fl-d"/>
      </object_component>
      <object_component id="oc-2a0">
         <name>.text:_Z18AssembleDataPacketPhj</name>
         <load_address>0x14c6e</load_address>
         <run_address>0x14c6e</run_address>
         <size>0xa8</size>
         <input_file_ref idref="fl-4"/>
      </object_component>
      <object_component id="oc-238">
         <name>.text:f_opendir</name>
         <load_address>0x14d16</load_address>
         <run_address>0x14d16</run_address>
         <size>0xa8</size>
         <input_file_ref idref="fl-b"/>
      </object_component>
      <object_component id="oc-293">
         <name>.text:_ZN6MSP4305Timer5StartEj</name>
         <load_address>0x14dbe</load_address>
         <run_address>0x14dbe</run_address>
         <size>0xa4</size>
         <input_file_ref idref="fl-9"/>
      </object_component>
      <object_component id="oc-3df">
         <name>.text:f_sync</name>
         <load_address>0x14e62</load_address>
         <run_address>0x14e62</run_address>
         <size>0xa4</size>
         <input_file_ref idref="fl-b"/>
      </object_component>
      <object_component id="oc-3ae">
         <name>.text:remove_chain</name>
         <load_address>0x14f06</load_address>
         <run_address>0x14f06</run_address>
         <size>0x9c</size>
         <input_file_ref idref="fl-b"/>
      </object_component>
      <object_component id="oc-3d2">
         <name>.text:disk_read</name>
         <load_address>0x14fa2</load_address>
         <run_address>0x14fa2</run_address>
         <size>0x94</size>
         <input_file_ref idref="fl-d"/>
      </object_component>
      <object_component id="oc-45e">
         <name>.text:check_fs</name>
         <load_address>0x15036</load_address>
         <run_address>0x15036</run_address>
         <size>0x90</size>
         <input_file_ref idref="fl-b"/>
      </object_component>
      <object_component id="oc-1d2">
         <name>.text:_Z20ADCACQTimerInterruptv</name>
         <load_address>0x150c6</load_address>
         <run_address>0x150c6</run_address>
         <size>0x8c</size>
         <input_file_ref idref="fl-c"/>
      </object_component>
      <object_component id="oc-348">
         <name>.text:_ZN6MSP4304rena9ReloadSINEmjNS_6pulsarES1_Ph</name>
         <load_address>0x15152</load_address>
         <run_address>0x15152</run_address>
         <size>0x8a</size>
         <input_file_ref idref="fl-10"/>
      </object_component>
      <object_component id="oc-3a2">
         <name>.text:dir_register</name>
         <load_address>0x151dc</load_address>
         <run_address>0x151dc</run_address>
         <size>0x84</size>
         <input_file_ref idref="fl-b"/>
      </object_component>
      <object_component id="oc-425">
         <name>.text:_ZN6MSP4303ADC17SingleReadVoltageENS_10ADCChannelE</name>
         <load_address>0x15260</load_address>
         <run_address>0x15260</run_address>
         <size>0x7e</size>
         <input_file_ref idref="fl-3"/>
      </object_component>
      <object_component id="oc-341">
         <name>.text:_ZN6MSP4306pulsar16GenerateSHRClockEmjS0_Ph</name>
         <load_address>0x152de</load_address>
         <run_address>0x152de</run_address>
         <size>0x7e</size>
         <input_file_ref idref="fl-f"/>
      </object_component>
      <object_component id="oc-536">
         <name>.text:__mspabi_fltuld</name>
         <load_address>0x1535c</load_address>
         <run_address>0x1535c</run_address>
         <size>0x76</size>
         <input_file_ref idref="fl-4a"/>
      </object_component>
      <object_component id="oc-b9">
         <name>.text:_auto_init_hold_wdt</name>
         <load_address>0x153d2</load_address>
         <run_address>0x153d2</run_address>
         <size>0x6e</size>
         <input_file_ref idref="fl-6a"/>
      </object_component>
      <object_component id="oc-28b">
         <name>.text:_ZN6MSP4305Timer4StopEv</name>
         <load_address>0x15440</load_address>
         <run_address>0x15440</run_address>
         <size>0x62</size>
         <input_file_ref idref="fl-9"/>
      </object_component>
      <object_component id="oc-f8">
         <name>.text:__TI_decompress_rle_core</name>
         <load_address>0x154a2</load_address>
         <run_address>0x154a2</run_address>
         <size>0x62</size>
         <input_file_ref idref="fl-44"/>
      </object_component>
      <object_component id="oc-b3">
         <name>.text:_system_pre_init</name>
         <load_address>0x15504</load_address>
         <run_address>0x15504</run_address>
         <size>0x5c</size>
         <input_file_ref idref="fl-e"/>
      </object_component>
      <object_component id="oc-472">
         <name>.text:dir_find</name>
         <load_address>0x15560</load_address>
         <run_address>0x15560</run_address>
         <size>0x5a</size>
         <input_file_ref idref="fl-b"/>
      </object_component>
      <object_component id="oc-374">
         <name>.text</name>
         <load_address>0x155ba</load_address>
         <run_address>0x155ba</run_address>
         <size>0x58</size>
         <input_file_ref idref="fl-46"/>
      </object_component>
      <object_component id="oc-512">
         <name>.text:xmit_datablock</name>
         <load_address>0x15612</load_address>
         <run_address>0x15612</run_address>
         <size>0x58</size>
         <input_file_ref idref="fl-d"/>
      </object_component>
      <object_component id="oc-148">
         <name>.text:_Z18RTCSecondInterruptv</name>
         <load_address>0x1566a</load_address>
         <run_address>0x1566a</run_address>
         <size>0x56</size>
         <input_file_ref idref="fl-c"/>
      </object_component>
      <object_component id="oc-1d8">
         <name>.text:_ZN6MSP4305TimerC1ENS_5TIMEREPFvvE</name>
         <load_address>0x156c0</load_address>
         <run_address>0x156c0</run_address>
         <size>0x56</size>
         <input_file_ref idref="fl-9"/>
      </object_component>
      <object_component id="oc-4a5">
         <name>.text:rcvr_datablock</name>
         <load_address>0x15716</load_address>
         <run_address>0x15716</run_address>
         <size>0x52</size>
         <input_file_ref idref="fl-d"/>
      </object_component>
      <object_component id="oc-127">
         <name>.text:SetVcoreUp</name>
         <load_address>0x15768</load_address>
         <run_address>0x15768</run_address>
         <size>0x4e</size>
         <input_file_ref idref="fl-e"/>
      </object_component>
      <object_component id="oc-1c0">
         <name>.text:_ZN6MSP4306pulsarC1EPhhNS_13InterruptTypeEPFvvE</name>
         <load_address>0x157b6</load_address>
         <run_address>0x157b6</run_address>
         <size>0x4e</size>
         <input_file_ref idref="fl-f"/>
      </object_component>
      <object_component id="oc-326">
         <name>.text:_Z7UlToStrPcmh</name>
         <load_address>0x15804</load_address>
         <run_address>0x15804</run_address>
         <size>0x4c</size>
         <input_file_ref idref="fl-4"/>
      </object_component>
      <object_component id="oc-3f7">
         <name>.text:_ZN6MSP4303ADC26SingleReadValueAsCharArrayENS_10ADCChannelE</name>
         <load_address>0x15850</load_address>
         <run_address>0x15850</run_address>
         <size>0x48</size>
         <input_file_ref idref="fl-3"/>
      </object_component>
      <object_component id="oc-4e1">
         <name>.text:SDCard_init</name>
         <load_address>0x15898</load_address>
         <run_address>0x15898</run_address>
         <size>0x46</size>
         <input_file_ref idref="fl-5"/>
      </object_component>
      <object_component id="oc-355">
         <name>.text:_ZN6MSP4303ADC15SingleReadValueENS_10ADCChannelE</name>
         <load_address>0x158de</load_address>
         <run_address>0x158de</run_address>
         <size>0x42</size>
         <input_file_ref idref="fl-3"/>
      </object_component>
      <object_component id="oc-3cc">
         <name>.text:clust2sect</name>
         <load_address>0x15920</load_address>
         <run_address>0x15920</run_address>
         <size>0x3e</size>
         <input_file_ref idref="fl-b"/>
      </object_component>
      <object_component id="oc-57d">
         <name>.text:l_asr_const</name>
         <load_address>0x1595e</load_address>
         <run_address>0x1595e</run_address>
         <size>0x3e</size>
         <input_file_ref idref="fl-69"/>
      </object_component>
      <object_component id="oc-433">
         <name>.text:l_lsl_const</name>
         <load_address>0x1599c</load_address>
         <run_address>0x1599c</run_address>
         <size>0x3e</size>
         <input_file_ref idref="fl-5e"/>
      </object_component>
      <object_component id="oc-3c1">
         <name>.text:l_lsr_const</name>
         <load_address>0x159da</load_address>
         <run_address>0x159da</run_address>
         <size>0x3e</size>
         <input_file_ref idref="fl-5f"/>
      </object_component>
      <object_component id="oc-1e4">
         <name>.text:_Z13CommandVectorhPhj</name>
         <load_address>0x15a18</load_address>
         <run_address>0x15a18</run_address>
         <size>0x3c</size>
         <input_file_ref idref="fl-c"/>
      </object_component>
      <object_component id="oc-554">
         <name>.text:SDCard_readFrame</name>
         <load_address>0x15a54</load_address>
         <run_address>0x15a54</run_address>
         <size>0x38</size>
         <input_file_ref idref="fl-5"/>
      </object_component>
      <object_component id="oc-55e">
         <name>.text:wait_ready</name>
         <load_address>0x15a8c</load_address>
         <run_address>0x15a8c</run_address>
         <size>0x36</size>
         <input_file_ref idref="fl-d"/>
      </object_component>
      <object_component id="oc-142">
         <name>.text:_Z7initRTCiiiiiii</name>
         <load_address>0x15ac2</load_address>
         <run_address>0x15ac2</run_address>
         <size>0x34</size>
         <input_file_ref idref="fl-7"/>
      </object_component>
      <object_component id="oc-22f">
         <name>.text:f_mount</name>
         <load_address>0x15af6</load_address>
         <run_address>0x15af6</run_address>
         <size>0x32</size>
         <input_file_ref idref="fl-b"/>
      </object_component>
      <object_component id="oc-130">
         <name>.text:_Z8fat_initv</name>
         <load_address>0x15b28</load_address>
         <run_address>0x15b28</run_address>
         <size>0x30</size>
         <input_file_ref idref="fl-6"/>
      </object_component>
      <object_component id="oc-56c">
         <name>.text:SDCard_sendFrame</name>
         <load_address>0x15b58</load_address>
         <run_address>0x15b58</run_address>
         <size>0x2e</size>
         <input_file_ref idref="fl-5"/>
      </object_component>
      <object_component id="oc-281">
         <name>.text:_Z24CompareCharArrayToStringPhPKcj</name>
         <load_address>0x15b86</load_address>
         <run_address>0x15b86</run_address>
         <size>0x2e</size>
         <input_file_ref idref="fl-4"/>
      </object_component>
      <object_component id="oc-1b4">
         <name>.text:_ZN6MSP4306pulsarC1EPhhb</name>
         <load_address>0x15bb4</load_address>
         <run_address>0x15bb4</run_address>
         <size>0x2c</size>
         <input_file_ref idref="fl-f"/>
      </object_component>
      <object_component id="oc-3bb">
         <name>.text:validate</name>
         <load_address>0x15be0</load_address>
         <run_address>0x15be0</run_address>
         <size>0x2c</size>
         <input_file_ref idref="fl-b"/>
      </object_component>
      <object_component id="oc-2ac">
         <name>.text:_ZN6MSP4306pulsar3getEv</name>
         <load_address>0x15c0c</load_address>
         <run_address>0x15c0c</run_address>
         <size>0x26</size>
         <input_file_ref idref="fl-f"/>
      </object_component>
      <object_component id="oc-8b">
         <name>.text:decompress:ZI:__TI_zero_init</name>
         <load_address>0x15c32</load_address>
         <run_address>0x15c32</run_address>
         <size>0x24</size>
         <input_file_ref idref="fl-45"/>
      </object_component>
      <object_component id="oc-464">
         <name>.text</name>
         <load_address>0x15c56</load_address>
         <run_address>0x15c56</run_address>
         <size>0x22</size>
         <input_file_ref idref="fl-65"/>
      </object_component>
      <object_component id="oc-452">
         <name>.text:disk_status</name>
         <load_address>0x15c78</load_address>
         <run_address>0x15c78</run_address>
         <size>0x20</size>
         <input_file_ref idref="fl-d"/>
      </object_component>
      <object_component id="oc-309">
         <name>.text:_ZN6MSP4306pulsar3setEb</name>
         <load_address>0x15c98</load_address>
         <run_address>0x15c98</run_address>
         <size>0x1e</size>
         <input_file_ref idref="fl-f"/>
      </object_component>
      <object_component id="oc-34f">
         <name>.text:_Z34DetermineNumberOfTriggeredChannelsPhh</name>
         <load_address>0x15cb6</load_address>
         <run_address>0x15cb6</run_address>
         <size>0x1c</size>
         <input_file_ref idref="fl-4"/>
      </object_component>
      <object_component id="oc-2fb">
         <name>.text:_Z5delayj</name>
         <load_address>0x15cd2</load_address>
         <run_address>0x15cd2</run_address>
         <size>0x1a</size>
         <input_file_ref idref="fl-c"/>
      </object_component>
      <object_component id="oc-520">
         <name>.text:select</name>
         <load_address>0x15cec</load_address>
         <run_address>0x15cec</run_address>
         <size>0x18</size>
         <input_file_ref idref="fl-d"/>
      </object_component>
      <object_component id="oc-1c6">
         <name>.text:_ZN6MSP4306pulsarC1EPhh</name>
         <load_address>0x15d04</load_address>
         <run_address>0x15d04</run_address>
         <size>0x16</size>
         <input_file_ref idref="fl-f"/>
      </object_component>
      <object_component id="oc-4ff">
         <name>.text:chk_chr</name>
         <load_address>0x15d1a</load_address>
         <run_address>0x15d1a</run_address>
         <size>0x16</size>
         <input_file_ref idref="fl-b"/>
      </object_component>
      <object_component id="oc-264">
         <name>.text:f_close</name>
         <load_address>0x15d30</load_address>
         <run_address>0x15d30</run_address>
         <size>0x16</size>
         <input_file_ref idref="fl-b"/>
      </object_component>
      <object_component id="oc-24f">
         <name>.text:memset</name>
         <load_address>0x15d46</load_address>
         <run_address>0x15d46</run_address>
         <size>0x16</size>
         <input_file_ref idref="fl-61"/>
      </object_component>
      <object_component id="oc-2c3">
         <name>.text</name>
         <load_address>0x15d5c</load_address>
         <run_address>0x15d5c</run_address>
         <size>0x16</size>
         <input_file_ref idref="fl-64"/>
      </object_component>
      <object_component id="oc-506">
         <name>.text:mem_cmp</name>
         <load_address>0x15d72</load_address>
         <run_address>0x15d72</run_address>
         <size>0x14</size>
         <input_file_ref idref="fl-b"/>
      </object_component>
      <object_component id="oc-e4">
         <name>.text:memcpy</name>
         <load_address>0x15d86</load_address>
         <run_address>0x15d86</run_address>
         <size>0x14</size>
         <input_file_ref idref="fl-60"/>
      </object_component>
      <object_component id="oc-4f4">
         <name>.text:SDCard_fastMode</name>
         <load_address>0x15d9a</load_address>
         <run_address>0x15d9a</run_address>
         <size>0x12</size>
         <input_file_ref idref="fl-5"/>
      </object_component>
      <object_component id="oc-85">
         <name>.text:decompress:none:__TI_decompress_none</name>
         <load_address>0x15dac</load_address>
         <run_address>0x15dac</run_address>
         <size>0x12</size>
         <input_file_ref idref="fl-43"/>
      </object_component>
      <object_component id="oc-4ab">
         <name>.text:deselect</name>
         <load_address>0x15dbe</load_address>
         <run_address>0x15dbe</run_address>
         <size>0x12</size>
         <input_file_ref idref="fl-d"/>
      </object_component>
      <object_component id="oc-3d8">
         <name>.text:mem_cpy</name>
         <load_address>0x15dd0</load_address>
         <run_address>0x15dd0</run_address>
         <size>0x12</size>
         <input_file_ref idref="fl-b"/>
      </object_component>
      <object_component id="oc-482">
         <name>.text:mem_set</name>
         <load_address>0x15de2</load_address>
         <run_address>0x15de2</run_address>
         <size>0x12</size>
         <input_file_ref idref="fl-b"/>
      </object_component>
      <object_component id="oc-573">
         <name>.text:l_lsl</name>
         <load_address>0x15df4</load_address>
         <run_address>0x15df4</run_address>
         <size>0x10</size>
         <input_file_ref idref="fl-5e"/>
      </object_component>
      <object_component id="oc-15d">
         <name>.text:_ZN6MSP4306pulsar15EnableInterruptEv</name>
         <load_address>0x15e04</load_address>
         <run_address>0x15e04</run_address>
         <size>0xe</size>
         <input_file_ref idref="fl-f"/>
      </object_component>
      <object_component id="oc-14e">
         <name>.text:_Z9enableSecPFvvE</name>
         <load_address>0x15e12</load_address>
         <run_address>0x15e12</run_address>
         <size>0xc</size>
         <input_file_ref idref="fl-7"/>
      </object_component>
      <object_component id="oc-3a8">
         <name>.text:get_fattime</name>
         <load_address>0x15e1e</load_address>
         <run_address>0x15e1e</run_address>
         <size>0xa</size>
         <input_file_ref idref="fl-d"/>
      </object_component>
      <object_component id="oc-40e">
         <name>.text</name>
         <load_address>0x15e28</load_address>
         <run_address>0x15e28</run_address>
         <size>0xa</size>
         <input_file_ref idref="fl-40"/>
      </object_component>
      <object_component id="oc-303">
         <name>.text:_Z10disableSecv</name>
         <load_address>0x15e32</load_address>
         <run_address>0x15e32</run_address>
         <size>0x8</size>
         <input_file_ref idref="fl-7"/>
      </object_component>
      <object_component id="oc-154">
         <name>.text:_Z8startRTCv</name>
         <load_address>0x15e3a</load_address>
         <run_address>0x15e3a</run_address>
         <size>0x8</size>
         <input_file_ref idref="fl-7"/>
      </object_component>
      <object_component id="oc-4e7">
         <name>.text:SDCard_setCSHigh</name>
         <load_address>0x15e42</load_address>
         <run_address>0x15e42</run_address>
         <size>0x6</size>
         <input_file_ref idref="fl-5"/>
      </object_component>
      <object_component id="oc-565">
         <name>.text:SDCard_setCSLow</name>
         <load_address>0x15e48</load_address>
         <run_address>0x15e48</run_address>
         <size>0x6</size>
         <input_file_ref idref="fl-5"/>
      </object_component>
      <object_component id="oc-a8">
         <name>.text:__TI_ISR_TRAP</name>
         <load_address>0x15e4e</load_address>
         <run_address>0x15e4e</run_address>
         <size>0x6</size>
         <input_file_ref idref="fl-5c"/>
      </object_component>
      <object_component id="oc-4c1">
         <name>.text:__mspabi_fltud</name>
         <load_address>0x15e54</load_address>
         <run_address>0x15e54</run_address>
         <size>0x6</size>
         <input_file_ref idref="fl-49"/>
      </object_component>
      <object_component id="oc-91">
         <name>.text:decompress:rle24:__TI_decompress_rle24</name>
         <load_address>0x15e5a</load_address>
         <run_address>0x15e5a</run_address>
         <size>0x6</size>
         <input_file_ref idref="fl-44"/>
      </object_component>
      <object_component id="oc-4ed">
         <name>.text:rcvr_mmc</name>
         <load_address>0x15e60</load_address>
         <run_address>0x15e60</run_address>
         <size>0x6</size>
         <input_file_ref idref="fl-d"/>
      </object_component>
      <object_component id="oc-526">
         <name>.text:xmit_mmc</name>
         <load_address>0x15e66</load_address>
         <run_address>0x15e66</run_address>
         <size>0x6</size>
         <input_file_ref idref="fl-d"/>
      </object_component>
      <object_component id="oc-c5">
         <name>.text:abort</name>
         <load_address>0x15e6c</load_address>
         <run_address>0x15e6c</run_address>
         <size>0x4</size>
         <input_file_ref idref="fl-48"/>
      </object_component>
      <object_component id="oc-1cc">
         <name>.text:_ZN6MSP4303ADCC1Ev</name>
         <load_address>0x15e70</load_address>
         <run_address>0x15e70</run_address>
         <size>0x2</size>
         <input_file_ref idref="fl-3"/>
      </object_component>
      <object_component id="oc-1de">
         <name>.text:_ZN6MSP4304renaC1Ev</name>
         <load_address>0x15e72</load_address>
         <run_address>0x15e72</run_address>
         <size>0x2</size>
         <input_file_ref idref="fl-10"/>
      </object_component>
      <object_component id="oc-d8">
         <name>.text:_isr:_ZN6MSP43011USCI_A0_ISREv</name>
         <load_address>0x5c00</load_address>
         <run_address>0x5c00</run_address>
         <size>0x156</size>
         <input_file_ref idref="fl-a"/>
      </object_component>
      <object_component id="oc-cc">
         <name>.text:_isr:_ZN6MSP43013TIMER0_A0_ISREv</name>
         <load_address>0x5d56</load_address>
         <run_address>0x5d56</run_address>
         <size>0x42</size>
         <input_file_ref idref="fl-9"/>
      </object_component>
      <object_component id="oc-ad">
         <name>.text:_isr:_ZN6MSP43013TIMER1_A1_ISREv</name>
         <load_address>0x5d98</load_address>
         <run_address>0x5d98</run_address>
         <size>0x42</size>
         <input_file_ref idref="fl-9"/>
      </object_component>
      <object_component id="oc-9c">
         <name>.text:_isr:_Z7RTC_ISRv</name>
         <load_address>0x5dda</load_address>
         <run_address>0x5dda</run_address>
         <size>0x2a</size>
         <input_file_ref idref="fl-7"/>
      </object_component>
      <object_component id="oc-de">
         <name>.text:_isr:_ZN6MSP43013TIMER0_B0_ISREv</name>
         <load_address>0x5e04</load_address>
         <run_address>0x5e04</run_address>
         <size>0x20</size>
         <input_file_ref idref="fl-9"/>
      </object_component>
      <object_component id="oc-72">
         <name>.text:_isr:_c_int00_noexit</name>
         <load_address>0x5e24</load_address>
         <run_address>0x5e24</run_address>
         <size>0x1a</size>
         <input_file_ref idref="fl-41"/>
      </object_component>
      <object_component id="oc-a2">
         <name>.text:_isr:_ZN6MSP4306Port_2Ev</name>
         <load_address>0x5e3e</load_address>
         <run_address>0x5e3e</run_address>
         <size>0x16</size>
         <input_file_ref idref="fl-f"/>
      </object_component>
      <object_component id="oc-d2">
         <name>.text:_isr:_ZN6MSP4309ADC12_ISREv</name>
         <load_address>0x5e54</load_address>
         <run_address>0x5e54</run_address>
         <size>0x14</size>
         <input_file_ref idref="fl-3"/>
      </object_component>
      <object_component id="oc-603">
         <name>.cinit..data.load</name>
         <load_address>0x5f8e</load_address>
         <run_address>0x5f8e</run_address>
         <size>0x15</size>
      </object_component>
      <object_component id="oc-600">
         <name>__TI_handler_table</name>
         <load_address>0x5fa4</load_address>
         <run_address>0x5fa4</run_address>
         <size>0xc</size>
      </object_component>
      <object_component id="oc-602">
         <name>.cinit..bss.load</name>
         <load_address>0x5fb0</load_address>
         <run_address>0x5fb0</run_address>
         <size>0x6</size>
      </object_component>
      <object_component id="oc-601">
         <name>__TI_cinit_table</name>
         <load_address>0x5fb6</load_address>
         <run_address>0x5fb6</run_address>
         <size>0x10</size>
      </object_component>
      <object_component id="oc-4fd">
         <name>.const:.string:excvt$1</name>
         <load_address>0x5e6c</load_address>
         <run_address>0x5e6c</run_address>
         <size>0x80</size>
         <input_file_ref idref="fl-b"/>
      </object_component>
      <object_component id="oc-280">
         <name>.const:.string</name>
         <load_address>0x5eec</load_address>
         <run_address>0x5eec</run_address>
         <size>0x6e</size>
         <input_file_ref idref="fl-c"/>
      </object_component>
      <object_component id="oc-237">
         <name>.const:.string</name>
         <load_address>0x5f5a</load_address>
         <run_address>0x5f5a</run_address>
         <size>0x1c</size>
         <input_file_ref idref="fl-6"/>
      </object_component>
      <object_component id="oc-4fe">
         <name>.const:.string</name>
         <load_address>0x5f76</load_address>
         <run_address>0x5f76</run_address>
         <size>0x10</size>
         <input_file_ref idref="fl-b"/>
      </object_component>
      <object_component id="oc-19b">
         <name>.const:.string</name>
         <load_address>0x5f86</load_address>
         <run_address>0x5f86</run_address>
         <size>0x8</size>
         <input_file_ref idref="fl-a"/>
      </object_component>
      <object_component id="oc-97">
         <name>.init_array</name>
         <load_address>0x5e68</load_address>
         <run_address>0x5e68</run_address>
         <size>0x4</size>
         <input_file_ref idref="fl-c"/>
      </object_component>
      <object_component id="oc-69">
         <name>.int41</name>
         <load_address>0xffd2</load_address>
         <run_address>0xffd2</run_address>
         <size>0x2</size>
         <input_file_ref idref="fl-7"/>
      </object_component>
      <object_component id="oc-6a">
         <name>.int42</name>
         <load_address>0xffd4</load_address>
         <run_address>0xffd4</run_address>
         <size>0x2</size>
         <input_file_ref idref="fl-f"/>
      </object_component>
      <object_component id="oc-6b">
         <name>.int43</name>
         <load_address>0xffd6</load_address>
         <run_address>0xffd6</run_address>
         <size>0x2</size>
         <input_file_ref idref="fl-4d"/>
      </object_component>
      <object_component id="oc-6c">
         <name>.int44</name>
         <load_address>0xffd8</load_address>
         <run_address>0xffd8</run_address>
         <size>0x2</size>
         <input_file_ref idref="fl-4e"/>
      </object_component>
      <object_component id="oc-6d">
         <name>.int45</name>
         <load_address>0xffda</load_address>
         <run_address>0xffda</run_address>
         <size>0x2</size>
         <input_file_ref idref="fl-4f"/>
      </object_component>
      <object_component id="oc-6e">
         <name>.int46</name>
         <load_address>0xffdc</load_address>
         <run_address>0xffdc</run_address>
         <size>0x2</size>
         <input_file_ref idref="fl-50"/>
      </object_component>
      <object_component id="oc-6f">
         <name>.int47</name>
         <load_address>0xffde</load_address>
         <run_address>0xffde</run_address>
         <size>0x2</size>
         <input_file_ref idref="fl-51"/>
      </object_component>
      <object_component id="oc-70">
         <name>.int48</name>
         <load_address>0xffe0</load_address>
         <run_address>0xffe0</run_address>
         <size>0x2</size>
         <input_file_ref idref="fl-52"/>
      </object_component>
      <object_component id="oc-71">
         <name>.int49</name>
         <load_address>0xffe2</load_address>
         <run_address>0xffe2</run_address>
         <size>0x2</size>
         <input_file_ref idref="fl-9"/>
      </object_component>
      <object_component id="oc-78">
         <name>.int50</name>
         <load_address>0xffe4</load_address>
         <run_address>0xffe4</run_address>
         <size>0x2</size>
         <input_file_ref idref="fl-53"/>
      </object_component>
      <object_component id="oc-79">
         <name>.int51</name>
         <load_address>0xffe6</load_address>
         <run_address>0xffe6</run_address>
         <size>0x2</size>
         <input_file_ref idref="fl-54"/>
      </object_component>
      <object_component id="oc-7a">
         <name>.int52</name>
         <load_address>0xffe8</load_address>
         <run_address>0xffe8</run_address>
         <size>0x2</size>
         <input_file_ref idref="fl-55"/>
      </object_component>
      <object_component id="oc-7b">
         <name>.int53</name>
         <load_address>0xffea</load_address>
         <run_address>0xffea</run_address>
         <size>0x2</size>
         <input_file_ref idref="fl-56"/>
      </object_component>
      <object_component id="oc-7c">
         <name>.int54</name>
         <load_address>0xffec</load_address>
         <run_address>0xffec</run_address>
         <size>0x2</size>
         <input_file_ref idref="fl-9"/>
      </object_component>
      <object_component id="oc-7d">
         <name>.int55</name>
         <load_address>0xffee</load_address>
         <run_address>0xffee</run_address>
         <size>0x2</size>
         <input_file_ref idref="fl-3"/>
      </object_component>
      <object_component id="oc-7e">
         <name>.int56</name>
         <load_address>0xfff0</load_address>
         <run_address>0xfff0</run_address>
         <size>0x2</size>
         <input_file_ref idref="fl-57"/>
      </object_component>
      <object_component id="oc-7f">
         <name>.int57</name>
         <load_address>0xfff2</load_address>
         <run_address>0xfff2</run_address>
         <size>0x2</size>
         <input_file_ref idref="fl-a"/>
      </object_component>
      <object_component id="oc-80">
         <name>.int58</name>
         <load_address>0xfff4</load_address>
         <run_address>0xfff4</run_address>
         <size>0x2</size>
         <input_file_ref idref="fl-58"/>
      </object_component>
      <object_component id="oc-81">
         <name>.int59</name>
         <load_address>0xfff6</load_address>
         <run_address>0xfff6</run_address>
         <size>0x2</size>
         <input_file_ref idref="fl-59"/>
      </object_component>
      <object_component id="oc-82">
         <name>.int60</name>
         <load_address>0xfff8</load_address>
         <run_address>0xfff8</run_address>
         <size>0x2</size>
         <input_file_ref idref="fl-9"/>
      </object_component>
      <object_component id="oc-83">
         <name>.int61</name>
         <load_address>0xfffa</load_address>
         <run_address>0xfffa</run_address>
         <size>0x2</size>
         <input_file_ref idref="fl-5a"/>
      </object_component>
      <object_component id="oc-84">
         <name>.int62</name>
         <load_address>0xfffc</load_address>
         <run_address>0xfffc</run_address>
         <size>0x2</size>
         <input_file_ref idref="fl-5b"/>
      </object_component>
      <object_component id="oc-9b">
         <name>.reset</name>
         <load_address>0xfffe</load_address>
         <run_address>0xfffe</run_address>
         <size>0x2</size>
         <input_file_ref idref="fl-41"/>
      </object_component>
      <object_component id="oc-15a">
         <name>.bss</name>
         <uninitialized>true</uninitialized>
         <run_address>0x2722</run_address>
         <size>0x86</size>
         <input_file_ref idref="fl-c"/>
      </object_component>
      <object_component id="oc-4be">
         <name>.common:_ZN6MSP4309CharValueE</name>
         <uninitialized>true</uninitialized>
         <run_address>0x283e</run_address>
         <size>0x2</size>
      </object_component>
      <object_component id="oc-409">
         <name>.common:Packet</name>
         <uninitialized>true</uninitialized>
         <run_address>0x204a</run_address>
         <size>0x200</size>
      </object_component>
      <object_component id="oc-22e">
         <name>.common:fatfs</name>
         <uninitialized>true</uninitialized>
         <run_address>0x1c00</run_address>
         <size>0x22e</size>
      </object_component>
      <object_component id="oc-236">
         <name>.common:dir</name>
         <uninitialized>true</uninitialized>
         <run_address>0x27f0</run_address>
         <size>0x1c</size>
      </object_component>
      <object_component id="oc-23f">
         <name>.common:errCode</name>
         <uninitialized>true</uninitialized>
         <run_address>0x2840</run_address>
         <size>0x2</size>
      </object_component>
      <object_component id="oc-423">
         <name>.common:file</name>
         <uninitialized>true</uninitialized>
         <run_address>0x27cc</run_address>
         <size>0x24</size>
      </object_component>
      <object_component id="oc-112">
         <name>.common:rtcAlarm_Callback</name>
         <uninitialized>true</uninitialized>
         <run_address>0x2838</run_address>
         <size>0x4</size>
      </object_component>
      <object_component id="oc-279">
         <name>.common:Sec_Callback</name>
         <uninitialized>true</uninitialized>
         <run_address>0x2818</run_address>
         <size>0x4</size>
      </object_component>
      <object_component id="oc-36c">
         <name>.common:_ZN6MSP43016TimerA0InterruptE</name>
         <uninitialized>true</uninitialized>
         <run_address>0x2820</run_address>
         <size>0x4</size>
      </object_component>
      <object_component id="oc-36b">
         <name>.common:_ZN6MSP43016TimerA1InterruptE</name>
         <uninitialized>true</uninitialized>
         <run_address>0x2824</run_address>
         <size>0x4</size>
      </object_component>
      <object_component id="oc-36a">
         <name>.common:_ZN6MSP43016TimerB0InterruptE</name>
         <uninitialized>true</uninitialized>
         <run_address>0x2828</run_address>
         <size>0x4</size>
      </object_component>
      <object_component id="oc-369">
         <name>.common:_ZN6MSP43018TimerA0_1InterruptE</name>
         <uninitialized>true</uninitialized>
         <run_address>0x282c</run_address>
         <size>0x4</size>
      </object_component>
      <object_component id="oc-368">
         <name>.common:_ZN6MSP43018TimerA1_1InterruptE</name>
         <uninitialized>true</uninitialized>
         <run_address>0x2830</run_address>
         <size>0x4</size>
      </object_component>
      <object_component id="oc-373">
         <name>.common:_ZN6MSP43013CommandVectorE</name>
         <uninitialized>true</uninitialized>
         <run_address>0x281c</run_address>
         <size>0x4</size>
      </object_component>
      <object_component id="oc-19a">
         <name>.common:_ZN6MSP43012HeaderBufferE</name>
         <uninitialized>true</uninitialized>
         <run_address>0x280c</run_address>
         <size>0x8</size>
      </object_component>
      <object_component id="oc-191">
         <name>.common:_ZN6MSP43010DataBufferE</name>
         <uninitialized>true</uninitialized>
         <run_address>0x244a</run_address>
         <size>0x200</size>
      </object_component>
      <object_component id="oc-451">
         <name>.common:FatFs</name>
         <uninitialized>true</uninitialized>
         <run_address>0x2814</run_address>
         <size>0x4</size>
      </object_component>
      <object_component id="oc-46a">
         <name>.common:Fsid</name>
         <uninitialized>true</uninitialized>
         <run_address>0x283c</run_address>
         <size>0x2</size>
      </object_component>
      <object_component id="oc-322">
         <name>.common:ChannelConfigs</name>
         <uninitialized>true</uninitialized>
         <run_address>0x264a</run_address>
         <size>0xd8</size>
      </object_component>
      <object_component id="oc-371">
         <name>.common:ReceivedData</name>
         <uninitialized>true</uninitialized>
         <run_address>0x224a</run_address>
         <size>0x200</size>
      </object_component>
      <object_component id="oc-35d">
         <name>.common:TriggeredChannels</name>
         <uninitialized>true</uninitialized>
         <run_address>0x27a8</run_address>
         <size>0x24</size>
      </object_component>
      <object_component id="oc-35e">
         <name>.common:HitBuffer</name>
         <uninitialized>true</uninitialized>
         <run_address>0x1e2e</run_address>
         <size>0x21c</size>
      </object_component>
      <object_component id="oc-511">
         <name>.common:CardType</name>
         <uninitialized>true</uninitialized>
         <run_address>0x2842</run_address>
         <size>0x1</size>
      </object_component>
      <object_component id="oc-360">
         <name>.common:_ZN6MSP43020interruptVectorPORT2E</name>
         <uninitialized>true</uninitialized>
         <run_address>0x2834</run_address>
         <size>0x4</size>
      </object_component>
      <object_component id="oc-11e">
         <name>.data</name>
         <load_address>0x286c</load_address>
         <run_address>0x286c</run_address>
         <size>0x16</size>
         <input_file_ref idref="fl-9"/>
      </object_component>
      <object_component id="oc-136">
         <name>.data</name>
         <load_address>0x2844</load_address>
         <run_address>0x2844</run_address>
         <size>0x28</size>
         <input_file_ref idref="fl-c"/>
      </object_component>
      <object_component id="oc-139">
         <name>.data:RTC_AsCharArray</name>
         <load_address>0x2882</load_address>
         <run_address>0x2882</run_address>
         <size>0xe</size>
         <input_file_ref idref="fl-c"/>
      </object_component>
      <object_component id="oc-183">
         <name>.data</name>
         <load_address>0x289a</load_address>
         <run_address>0x289a</run_address>
         <size>0x4</size>
         <input_file_ref idref="fl-3"/>
      </object_component>
      <object_component id="oc-187">
         <name>.data</name>
         <load_address>0x2890</load_address>
         <run_address>0x2890</run_address>
         <size>0x9</size>
         <input_file_ref idref="fl-a"/>
      </object_component>
      <object_component id="oc-4dd">
         <name>.data</name>
         <load_address>0x289e</load_address>
         <run_address>0x289e</run_address>
         <size>0x2</size>
         <input_file_ref idref="fl-d"/>
      </object_component>
      <object_component id="oc-73">
         <name>.debug_info</name>
         <load_address>0x0</load_address>
         <run_address>0x0</run_address>
         <size>0x125</size>
         <input_file_ref idref="fl-41"/>
      </object_component>
      <object_component id="oc-86">
         <name>.debug_info</name>
         <load_address>0x125</load_address>
         <run_address>0x125</run_address>
         <size>0x194</size>
         <input_file_ref idref="fl-43"/>
      </object_component>
      <object_component id="oc-8c">
         <name>.debug_info</name>
         <load_address>0x2b9</load_address>
         <run_address>0x2b9</run_address>
         <size>0x16f</size>
         <input_file_ref idref="fl-45"/>
      </object_component>
      <object_component id="oc-92">
         <name>.debug_info</name>
         <load_address>0x428</load_address>
         <run_address>0x428</run_address>
         <size>0x18e</size>
         <input_file_ref idref="fl-44"/>
      </object_component>
      <object_component id="oc-99">
         <name>.debug_info</name>
         <load_address>0x5b6</load_address>
         <run_address>0x5b6</run_address>
         <size>0xaa</size>
         <input_file_ref idref="fl-41"/>
      </object_component>
      <object_component id="oc-9d">
         <name>.debug_info</name>
         <load_address>0x660</load_address>
         <run_address>0x660</run_address>
         <size>0x111</size>
         <input_file_ref idref="fl-7"/>
      </object_component>
      <object_component id="oc-a3">
         <name>.debug_info</name>
         <load_address>0x771</load_address>
         <run_address>0x771</run_address>
         <size>0x11a</size>
         <input_file_ref idref="fl-f"/>
      </object_component>
      <object_component id="oc-ab">
         <name>.debug_info</name>
         <load_address>0x88b</load_address>
         <run_address>0x88b</run_address>
         <size>0xc2</size>
         <input_file_ref idref="fl-5c"/>
      </object_component>
      <object_component id="oc-ae">
         <name>.debug_info</name>
         <load_address>0x94d</load_address>
         <run_address>0x94d</run_address>
         <size>0x12d</size>
         <input_file_ref idref="fl-9"/>
      </object_component>
      <object_component id="oc-b4">
         <name>.debug_info</name>
         <load_address>0xa7a</load_address>
         <run_address>0xa7a</run_address>
         <size>0x13f</size>
         <input_file_ref idref="fl-e"/>
      </object_component>
      <object_component id="oc-ba">
         <name>.debug_info</name>
         <load_address>0xbb9</load_address>
         <run_address>0xbb9</run_address>
         <size>0x1a0</size>
         <input_file_ref idref="fl-6a"/>
      </object_component>
      <object_component id="oc-c0">
         <name>.debug_info</name>
         <load_address>0xd59</load_address>
         <run_address>0xd59</run_address>
         <size>0x23a</size>
         <input_file_ref idref="fl-c"/>
      </object_component>
      <object_component id="oc-c6">
         <name>.debug_info</name>
         <load_address>0xf93</load_address>
         <run_address>0xf93</run_address>
         <size>0xcc</size>
         <input_file_ref idref="fl-48"/>
      </object_component>
      <object_component id="oc-cd">
         <name>.debug_info</name>
         <load_address>0x105f</load_address>
         <run_address>0x105f</run_address>
         <size>0x12d</size>
         <input_file_ref idref="fl-9"/>
      </object_component>
      <object_component id="oc-d3">
         <name>.debug_info</name>
         <load_address>0x118c</load_address>
         <run_address>0x118c</run_address>
         <size>0x110</size>
         <input_file_ref idref="fl-3"/>
      </object_component>
      <object_component id="oc-d9">
         <name>.debug_info</name>
         <load_address>0x129c</load_address>
         <run_address>0x129c</run_address>
         <size>0x12d</size>
         <input_file_ref idref="fl-a"/>
      </object_component>
      <object_component id="oc-df">
         <name>.debug_info</name>
         <load_address>0x13c9</load_address>
         <run_address>0x13c9</run_address>
         <size>0x126</size>
         <input_file_ref idref="fl-9"/>
      </object_component>
      <object_component id="oc-e6">
         <name>.debug_info</name>
         <load_address>0x14ef</load_address>
         <run_address>0x14ef</run_address>
         <size>0x157</size>
         <input_file_ref idref="fl-60"/>
      </object_component>
      <object_component id="oc-eb">
         <name>.debug_info</name>
         <load_address>0x1646</load_address>
         <run_address>0x1646</run_address>
         <size>0x46</size>
         <input_file_ref idref="fl-43"/>
      </object_component>
      <object_component id="oc-f0">
         <name>.debug_info</name>
         <load_address>0x168c</load_address>
         <run_address>0x168c</run_address>
         <size>0x17b</size>
         <input_file_ref idref="fl-43"/>
      </object_component>
      <object_component id="oc-f2">
         <name>.debug_info</name>
         <load_address>0x1807</load_address>
         <run_address>0x1807</run_address>
         <size>0x46</size>
         <input_file_ref idref="fl-45"/>
      </object_component>
      <object_component id="oc-f7">
         <name>.debug_info</name>
         <load_address>0x184d</load_address>
         <run_address>0x184d</run_address>
         <size>0x129</size>
         <input_file_ref idref="fl-45"/>
      </object_component>
      <object_component id="oc-f9">
         <name>.debug_info</name>
         <load_address>0x1976</load_address>
         <run_address>0x1976</run_address>
         <size>0x1ef</size>
         <input_file_ref idref="fl-44"/>
      </object_component>
      <object_component id="oc-ff">
         <name>.debug_info</name>
         <load_address>0x1b65</load_address>
         <run_address>0x1b65</run_address>
         <size>0x138</size>
         <input_file_ref idref="fl-44"/>
      </object_component>
      <object_component id="oc-100">
         <name>.debug_info</name>
         <load_address>0x1c9d</load_address>
         <run_address>0x1c9d</run_address>
         <size>0x39</size>
         <input_file_ref idref="fl-44"/>
      </object_component>
      <object_component id="oc-106">
         <name>.debug_info</name>
         <load_address>0x1cd6</load_address>
         <run_address>0x1cd6</run_address>
         <size>0x407</size>
         <input_file_ref idref="fl-c"/>
      </object_component>
      <object_component id="oc-10d">
         <name>.debug_info</name>
         <load_address>0x20dd</load_address>
         <run_address>0x20dd</run_address>
         <size>0x84</size>
         <input_file_ref idref="fl-3"/>
      </object_component>
      <object_component id="oc-113">
         <name>.debug_info</name>
         <load_address>0x2161</load_address>
         <run_address>0x2161</run_address>
         <size>0x3e1</size>
         <input_file_ref idref="fl-7"/>
      </object_component>
      <object_component id="oc-119">
         <name>.debug_info</name>
         <load_address>0x2542</load_address>
         <run_address>0x2542</run_address>
         <size>0x63a</size>
         <input_file_ref idref="fl-f"/>
      </object_component>
      <object_component id="oc-11f">
         <name>.debug_info</name>
         <load_address>0x2b7c</load_address>
         <run_address>0x2b7c</run_address>
         <size>0x388</size>
         <input_file_ref idref="fl-9"/>
      </object_component>
      <object_component id="oc-122">
         <name>.debug_info</name>
         <load_address>0x2f04</load_address>
         <run_address>0x2f04</run_address>
         <size>0x450</size>
         <input_file_ref idref="fl-9"/>
      </object_component>
      <object_component id="oc-128">
         <name>.debug_info</name>
         <load_address>0x3354</load_address>
         <run_address>0x3354</run_address>
         <size>0x133</size>
         <input_file_ref idref="fl-e"/>
      </object_component>
      <object_component id="oc-12f">
         <name>.debug_info</name>
         <load_address>0x3487</load_address>
         <run_address>0x3487</run_address>
         <size>0x2d8</size>
         <input_file_ref idref="fl-6a"/>
      </object_component>
      <object_component id="oc-131">
         <name>.debug_info</name>
         <load_address>0x375f</load_address>
         <run_address>0x375f</run_address>
         <size>0x143</size>
         <input_file_ref idref="fl-6"/>
      </object_component>
      <object_component id="oc-137">
         <name>.debug_info</name>
         <load_address>0x38a2</load_address>
         <run_address>0x38a2</run_address>
         <size>0x318</size>
         <input_file_ref idref="fl-c"/>
      </object_component>
      <object_component id="oc-13a">
         <name>.debug_info</name>
         <load_address>0x3bba</load_address>
         <run_address>0x3bba</run_address>
         <size>0xe3</size>
         <input_file_ref idref="fl-c"/>
      </object_component>
      <object_component id="oc-13d">
         <name>.debug_info</name>
         <load_address>0x3c9d</load_address>
         <run_address>0x3c9d</run_address>
         <size>0x480</size>
         <input_file_ref idref="fl-6"/>
      </object_component>
      <object_component id="oc-143">
         <name>.debug_info</name>
         <load_address>0x411d</load_address>
         <run_address>0x411d</run_address>
         <size>0x1ed</size>
         <input_file_ref idref="fl-7"/>
      </object_component>
      <object_component id="oc-149">
         <name>.debug_info</name>
         <load_address>0x430a</load_address>
         <run_address>0x430a</run_address>
         <size>0x170</size>
         <input_file_ref idref="fl-c"/>
      </object_component>
      <object_component id="oc-14f">
         <name>.debug_info</name>
         <load_address>0x447a</load_address>
         <run_address>0x447a</run_address>
         <size>0x148</size>
         <input_file_ref idref="fl-7"/>
      </object_component>
      <object_component id="oc-155">
         <name>.debug_info</name>
         <load_address>0x45c2</load_address>
         <run_address>0x45c2</run_address>
         <size>0x104</size>
         <input_file_ref idref="fl-7"/>
      </object_component>
      <object_component id="oc-15b">
         <name>.debug_info</name>
         <load_address>0x46c6</load_address>
         <run_address>0x46c6</run_address>
         <size>0x32e</size>
         <input_file_ref idref="fl-c"/>
      </object_component>
      <object_component id="oc-15e">
         <name>.debug_info</name>
         <load_address>0x49f4</load_address>
         <run_address>0x49f4</run_address>
         <size>0x151</size>
         <input_file_ref idref="fl-f"/>
      </object_component>
      <object_component id="oc-164">
         <name>.debug_info</name>
         <load_address>0x4b45</load_address>
         <run_address>0x4b45</run_address>
         <size>0xa30</size>
         <input_file_ref idref="fl-c"/>
      </object_component>
      <object_component id="oc-16a">
         <name>.debug_info</name>
         <load_address>0x5575</load_address>
         <run_address>0x5575</run_address>
         <size>0x531</size>
         <input_file_ref idref="fl-c"/>
      </object_component>
      <object_component id="oc-170">
         <name>.debug_info</name>
         <load_address>0x5aa6</load_address>
         <run_address>0x5aa6</run_address>
         <size>0x1256</size>
         <input_file_ref idref="fl-c"/>
      </object_component>
      <object_component id="oc-174">
         <name>.debug_info</name>
         <load_address>0x6cfc</load_address>
         <run_address>0x6cfc</run_address>
         <size>0x2c5</size>
         <input_file_ref idref="fl-6"/>
      </object_component>
      <object_component id="oc-17a">
         <name>.debug_info</name>
         <load_address>0x6fc1</load_address>
         <run_address>0x6fc1</run_address>
         <size>0x8b</size>
         <input_file_ref idref="fl-2"/>
      </object_component>
      <object_component id="oc-184">
         <name>.debug_info</name>
         <load_address>0x704c</load_address>
         <run_address>0x704c</run_address>
         <size>0x14f</size>
         <input_file_ref idref="fl-3"/>
      </object_component>
      <object_component id="oc-188">
         <name>.debug_info</name>
         <load_address>0x719b</load_address>
         <run_address>0x719b</run_address>
         <size>0x21c</size>
         <input_file_ref idref="fl-a"/>
      </object_component>
      <object_component id="oc-18b">
         <name>.debug_info</name>
         <load_address>0x73b7</load_address>
         <run_address>0x73b7</run_address>
         <size>0xa0d</size>
         <input_file_ref idref="fl-a"/>
      </object_component>
      <object_component id="oc-1a2">
         <name>.debug_info</name>
         <load_address>0x7dc4</load_address>
         <run_address>0x7dc4</run_address>
         <size>0x13b</size>
         <input_file_ref idref="fl-60"/>
      </object_component>
      <object_component id="oc-1a3">
         <name>.debug_info</name>
         <load_address>0x7eff</load_address>
         <run_address>0x7eff</run_address>
         <size>0x2c</size>
         <input_file_ref idref="fl-60"/>
      </object_component>
      <object_component id="oc-1aa">
         <name>.debug_info</name>
         <load_address>0x7f2b</load_address>
         <run_address>0x7f2b</run_address>
         <size>0x2c</size>
         <input_file_ref idref="fl-43"/>
      </object_component>
      <object_component id="oc-1b5">
         <name>.debug_info</name>
         <load_address>0x7f57</load_address>
         <run_address>0x7f57</run_address>
         <size>0x19e</size>
         <input_file_ref idref="fl-f"/>
      </object_component>
      <object_component id="oc-1bb">
         <name>.debug_info</name>
         <load_address>0x80f5</load_address>
         <run_address>0x80f5</run_address>
         <size>0x491</size>
         <input_file_ref idref="fl-c"/>
      </object_component>
      <object_component id="oc-1c1">
         <name>.debug_info</name>
         <load_address>0x8586</load_address>
         <run_address>0x8586</run_address>
         <size>0x204</size>
         <input_file_ref idref="fl-f"/>
      </object_component>
      <object_component id="oc-1c7">
         <name>.debug_info</name>
         <load_address>0x878a</load_address>
         <run_address>0x878a</run_address>
         <size>0x17b</size>
         <input_file_ref idref="fl-f"/>
      </object_component>
      <object_component id="oc-1cd">
         <name>.debug_info</name>
         <load_address>0x8905</load_address>
         <run_address>0x8905</run_address>
         <size>0x119</size>
         <input_file_ref idref="fl-3"/>
      </object_component>
      <object_component id="oc-1d3">
         <name>.debug_info</name>
         <load_address>0x8a1e</load_address>
         <run_address>0x8a1e</run_address>
         <size>0x1f5</size>
         <input_file_ref idref="fl-c"/>
      </object_component>
      <object_component id="oc-1d9">
         <name>.debug_info</name>
         <load_address>0x8c13</load_address>
         <run_address>0x8c13</run_address>
         <size>0x1d2</size>
         <input_file_ref idref="fl-9"/>
      </object_component>
      <object_component id="oc-1df">
         <name>.debug_info</name>
         <load_address>0x8de5</load_address>
         <run_address>0x8de5</run_address>
         <size>0x11e</size>
         <input_file_ref idref="fl-10"/>
      </object_component>
      <object_component id="oc-1e5">
         <name>.debug_info</name>
         <load_address>0x8f03</load_address>
         <run_address>0x8f03</run_address>
         <size>0x195</size>
         <input_file_ref idref="fl-c"/>
      </object_component>
      <object_component id="oc-1eb">
         <name>.debug_info</name>
         <load_address>0x9098</load_address>
         <run_address>0x9098</run_address>
         <size>0x21d</size>
         <input_file_ref idref="fl-a"/>
      </object_component>
      <object_component id="oc-1f5">
         <name>.debug_info</name>
         <load_address>0x92b5</load_address>
         <run_address>0x92b5</run_address>
         <size>0xf7</size>
         <input_file_ref idref="fl-2"/>
      </object_component>
      <object_component id="oc-1fa">
         <name>.debug_info</name>
         <load_address>0x93ac</load_address>
         <run_address>0x93ac</run_address>
         <size>0x171</size>
         <input_file_ref idref="fl-2"/>
      </object_component>
      <object_component id="oc-1ff">
         <name>.debug_info</name>
         <load_address>0x951d</load_address>
         <run_address>0x951d</run_address>
         <size>0x50b</size>
         <input_file_ref idref="fl-2"/>
      </object_component>
      <object_component id="oc-204">
         <name>.debug_info</name>
         <load_address>0x9a28</load_address>
         <run_address>0x9a28</run_address>
         <size>0xe4</size>
         <input_file_ref idref="fl-2"/>
      </object_component>
      <object_component id="oc-209">
         <name>.debug_info</name>
         <load_address>0x9b0c</load_address>
[...]
      </symbol>
      <symbol id="sm-835">
         <name>ENABLE_HV</name>
         <value>0x276a</value>
         <object_component_ref idref="oc-15a"/>
      </symbol>
      <symbol id="sm-836">
         <name>RawDataNumber</name>
         <value>0x285a</value>
         <object_component_ref idref="oc-136"/>
      </symbol>
      <symbol id="sm-837">
         <name>OVRFLOW</name>
         <value>0x2794</value>
         <object_component_ref idref="oc-15a"/>
      </symbol>
      <symbol id="sm-838">
         <name>TCLK</name>
         <value>0x2722</value>
         <object_component_ref idref="oc-15a"/>
      </symbol>
      <symbol id="sm-839">
         <name>RTC_AsCharArray</name>
         <value>0x2882</value>
         <object_component_ref idref="oc-139"/>
      </symbol>
      <symbol id="sm-83a">
         <name>_Z18UARTCommandHandler9UART_Mode</name>
         <value>0x10000</value>
         <object_component_ref idref="oc-163"/>
      </symbol>
      <symbol id="sm-83b">
         <name>CLS</name>
         <value>0x2752</value>
         <object_component_ref idref="oc-15a"/>
      </symbol>
      <symbol id="sm-83c">
         <name>CLF</name>
         <value>0x2758</value>
         <object_component_ref idref="oc-15a"/>
      </symbol>
      <symbol id="sm-8f9">
         <name>get_fattime</name>
         <value>0x15e1e</value>
         <object_component_ref idref="oc-3a8"/>
      </symbol>
      <symbol id="sm-8fa">
         <name>disk_status</name>
         <value>0x15c78</value>
         <object_component_ref idref="oc-452"/>
      </symbol>
      <symbol id="sm-8fb">
         <name>INS</name>
         <value>0x289e</value>
         <object_component_ref idref="oc-4dd"/>
      </symbol>
      <symbol id="sm-8fc">
         <name>disk_read</name>
         <value>0x14fa2</value>
         <object_component_ref idref="oc-3d2"/>
      </symbol>
      <symbol id="sm-8fd">
         <name>disk_initialize</name>
         <value>0x13a9e</value>
         <object_component_ref idref="oc-458"/>
      </symbol>
      <symbol id="sm-8fe">
         <name>disk_ioctl</name>
         <value>0x143da</value>
         <object_component_ref idref="oc-52f"/>
      </symbol>
      <symbol id="sm-8ff">
         <name>disk_write</name>
         <value>0x148dc</value>
         <object_component_ref idref="oc-491"/>
      </symbol>
      <symbol id="sm-913">
         <name>SetVcoreUp</name>
         <value>0x15768</value>
         <object_component_ref idref="oc-127"/>
      </symbol>
      <symbol id="sm-914">
         <name>_system_pre_init</name>
         <value>0x15504</value>
         <object_component_ref idref="oc-b3"/>
      </symbol>
      <symbol id="sm-964">
         <name>_ZN6MSP43020interruptVectorPORT2E</name>
         <value>0x2834</value>
      </symbol>
      <symbol id="sm-965">
         <name>__TI_int42</name>
         <value>0xffd4</value>
         <object_component_ref idref="oc-6a"/>
      </symbol>
      <symbol id="sm-966">
         <name>_ZN6MSP4306Port_2Ev</name>
         <value>0x5e3e</value>
         <object_component_ref idref="oc-a2"/>
      </symbol>
      <symbol id="sm-967">
         <name>_ZN6MSP4306pulsarC1EPhhNS_13InterruptTypeEPFvvE</name>
         <value>0x157b6</value>
         <object_component_ref idref="oc-1c0"/>
      </symbol>
      <symbol id="sm-968">
         <name>_ZN6MSP4306pulsar16GenerateSHRClockEmjS0_Ph</name>
         <value>0x152de</value>
         <object_component_ref idref="oc-341"/>
      </symbol>
      <symbol id="sm-969">
         <name>_ZN6MSP4306pulsar3getEv</name>
         <value>0x15c0c</value>
         <object_component_ref idref="oc-2ac"/>
      </symbol>
      <symbol id="sm-96a">
         <name>_ZN6MSP4306pulsar15EnableInterruptEv</name>
         <value>0x15e04</value>
         <object_component_ref idref="oc-15d"/>
      </symbol>
      <symbol id="sm-96b">
         <name>_ZN6MSP4306pulsar3setEb</name>
         <value>0x15c98</value>
         <object_component_ref idref="oc-309"/>
      </symbol>
      <symbol id="sm-96c">
         <name>_ZN6MSP4306pulsarC1EPhhb</name>
         <value>0x15bb4</value>
         <object_component_ref idref="oc-1b4"/>
      </symbol>
      <symbol id="sm-96d">
         <name>_ZN6MSP4306pulsarC1EPhh</name>
         <value>0x15d04</value>
         <object_component_ref idref="oc-1c6"/>
      </symbol>
      <symbol id="sm-9a8">
         <name>_ZN6MSP4304rena9ReloadSINEmjNS_6pulsarES1_Ph</name>
         <value>0x15152</value>
         <object_component_ref idref="oc-348"/>
      </symbol>
      <symbol id="sm-9a9">
         <name>_ZN6MSP4304rena13ConfigureRenaEPNS_13channelconfigEhNS_6pulsarES3_S3_</name>
         <value>0x10806</value>
         <object_component_ref idref="oc-2f1"/>
      </symbol>
      <symbol id="sm-9aa">
         <name>_ZN6MSP4304renaC1Ev</name>
         <value>0x15e72</value>
         <object_component_ref idref="oc-1de"/>
      </symbol>
      <symbol id="sm-9ab">
         <name>_ZN6MSP4304rena11CheckConfigEv</name>
         <value>0x11cc2</value>
         <object_component_ref idref="oc-31c"/>
      </symbol>
      <symbol id="sm-9ba">
         <name>__mspabi_srai</name>
         <value>0x15e28</value>
         <object_component_ref idref="oc-40e"/>
      </symbol>
      <symbol id="sm-9ca">
         <name>_c_int00_noexit</name>
         <value>0x5e24</value>
         <object_component_ref idref="oc-72"/>
      </symbol>
      <symbol id="sm-9cb">
         <name>_c_int00</name>
         <value>0x5e24</value>
         <object_component_ref idref="oc-72"/>
      </symbol>
      <symbol id="sm-9cc">
         <name>_stack</name>
         <value>0x5b60</value>
         <object_component_ref idref="oc-98"/>
      </symbol>
      <symbol id="sm-9cd">
         <name>_reset_vector</name>
         <value>0xfffe</value>
         <object_component_ref idref="oc-9b"/>
      </symbol>
      <symbol id="sm-9ea">
         <name>__mspabi_cmpd</name>
         <value>0x145ba</value>
         <object_component_ref idref="oc-42b"/>
      </symbol>
      <symbol id="sm-a00">
         <name>__TI_decompress_none</name>
         <value>0x15dac</value>
         <object_component_ref idref="oc-85"/>
      </symbol>
      <symbol id="sm-a22">
         <name>__TI_decompress_rle24</name>
         <value>0x15e5a</value>
         <object_component_ref idref="oc-91"/>
      </symbol>
      <symbol id="sm-a35">
         <name>__TI_zero_init</name>
         <value>0x15c32</value>
         <object_component_ref idref="oc-8b"/>
      </symbol>
      <symbol id="sm-a43">
         <name>__mspabi_remul</name>
         <value>0x155ba</value>
         <object_component_ref idref="oc-374"/>
      </symbol>
      <symbol id="sm-a44">
         <name>__mspabi_divul</name>
         <value>0x155ba</value>
         <object_component_ref idref="oc-374"/>
      </symbol>
      <symbol id="sm-a65">
         <name>__mspabi_divd</name>
         <value>0x12c3e</value>
         <object_component_ref idref="oc-4cd"/>
      </symbol>
      <symbol id="sm-a6f">
         <name>C$$EXIT</name>
         <value>0x15e6c</value>
         <object_component_ref idref="oc-c5"/>
      </symbol>
      <symbol id="sm-a70">
         <name>abort</name>
         <value>0x15e6c</value>
         <object_component_ref idref="oc-c5"/>
      </symbol>
      <symbol id="sm-a7c">
         <name>__mspabi_fltud</name>
         <value>0x15e54</value>
         <object_component_ref idref="oc-4c1"/>
      </symbol>
      <symbol id="sm-a91">
         <name>__mspabi_fltuld</name>
         <value>0x1535c</value>
         <object_component_ref idref="oc-536"/>
      </symbol>
      <symbol id="sm-aad">
         <name>__TI_frcdivd</name>
         <value>0x111fa</value>
         <object_component_ref idref="oc-546"/>
      </symbol>
      <symbol id="sm-ab0">
         <name>__TI_int43</name>
         <value>0xffd6</value>
         <object_component_ref idref="oc-6b"/>
      </symbol>
      <symbol id="sm-ab3">
         <name>__TI_int44</name>
         <value>0xffd8</value>
         <object_component_ref idref="oc-6c"/>
      </symbol>
      <symbol id="sm-ab6">
         <name>__TI_int45</name>
         <value>0xffda</value>
         <object_component_ref idref="oc-6d"/>
      </symbol>
      <symbol id="sm-ab9">
         <name>__TI_int46</name>
         <value>0xffdc</value>
         <object_component_ref idref="oc-6e"/>
      </symbol>
      <symbol id="sm-abc">
         <name>__TI_int47</name>
         <value>0xffde</value>
         <object_component_ref idref="oc-6f"/>
      </symbol>
      <symbol id="sm-abf">
         <name>__TI_int48</name>
         <value>0xffe0</value>
         <object_component_ref idref="oc-70"/>
      </symbol>
      <symbol id="sm-ac2">
         <name>__TI_int50</name>
         <value>0xffe4</value>
         <object_component_ref idref="oc-78"/>
      </symbol>
      <symbol id="sm-ac5">
         <name>__TI_int51</name>
         <value>0xffe6</value>
         <object_component_ref idref="oc-79"/>
      </symbol>
      <symbol id="sm-ac8">
         <name>__TI_int52</name>
         <value>0xffe8</value>
         <object_component_ref idref="oc-7a"/>
      </symbol>
      <symbol id="sm-acb">
         <name>__TI_int53</name>
         <value>0xffea</value>
         <object_component_ref idref="oc-7b"/>
      </symbol>
      <symbol id="sm-ace">
         <name>__TI_int56</name>
         <value>0xfff0</value>
         <object_component_ref idref="oc-7e"/>
      </symbol>
      <symbol id="sm-ad1">
         <name>__TI_int58</name>
         <value>0xfff4</value>
         <object_component_ref idref="oc-80"/>
      </symbol>
      <symbol id="sm-ad4">
         <name>__TI_int59</name>
         <value>0xfff6</value>
         <object_component_ref idref="oc-81"/>
      </symbol>
      <symbol id="sm-ad7">
         <name>__TI_int61</name>
         <value>0xfffa</value>
         <object_component_ref idref="oc-83"/>
      </symbol>
      <symbol id="sm-ada">
         <name>__TI_int62</name>
         <value>0xfffc</value>
         <object_component_ref idref="oc-84"/>
      </symbol>
      <symbol id="sm-ae2">
         <name>__TI_ISR_TRAP</name>
         <value>0x15e4e</value>
         <object_component_ref idref="oc-a8"/>
      </symbol>
      <symbol id="sm-af3">
         <name>__mspabi_slll_9</name>
         <value>0x159b4</value>
         <object_component_ref idref="oc-433"/>
      </symbol>
      <symbol id="sm-af4">
         <name>__mspabi_slll_8</name>
         <value>0x159b8</value>
         <object_component_ref idref="oc-433"/>
      </symbol>
      <symbol id="sm-af5">
         <name>__mspabi_slll_7</name>
         <value>0x159bc</value>
         <object_component_ref idref="oc-433"/>
      </symbol>
      <symbol id="sm-af6">
         <name>__mspabi_slll_6</name>
         <value>0x159c0</value>
         <object_component_ref idref="oc-433"/>
      </symbol>
      <symbol id="sm-af7">
         <name>__mspabi_slll_5</name>
         <value>0x159c4</value>
         <object_component_ref idref="oc-433"/>
      </symbol>
      <symbol id="sm-af8">
         <name>__mspabi_slll_4</name>
         <value>0x159c8</value>
         <object_component_ref idref="oc-433"/>
      </symbol>
      <symbol id="sm-af9">
         <name>__mspabi_slll_3</name>
         <value>0x159cc</value>
         <object_component_ref idref="oc-433"/>
      </symbol>
      <symbol id="sm-afa">
         <name>__mspabi_slll_2</name>
         <value>0x159d0</value>
         <object_component_ref idref="oc-433"/>
      </symbol>
      <symbol id="sm-afb">
         <name>__mspabi_slll_1</name>
         <value>0x159d4</value>
         <object_component_ref idref="oc-433"/>
      </symbol>
      <symbol id="sm-afc">
         <name>__mspabi_slll</name>
         <value>0x15df4</value>
         <object_component_ref idref="oc-573"/>
      </symbol>
      <symbol id="sm-afd">
         <name>__mspabi_slll_15</name>
         <value>0x1599c</value>
         <object_component_ref idref="oc-433"/>
      </symbol>
      <symbol id="sm-afe">
         <name>__mspabi_slll_14</name>
         <value>0x159a0</value>
         <object_component_ref idref="oc-433"/>
      </symbol>
      <symbol id="sm-aff">
         <name>__mspabi_slll_13</name>
         <value>0x159a4</value>
         <object_component_ref idref="oc-433"/>
      </symbol>
      <symbol id="sm-b00">
         <name>__mspabi_slll_12</name>
         <value>0x159a8</value>
         <object_component_ref idref="oc-433"/>
      </symbol>
      <symbol id="sm-b01">
         <name>__mspabi_slll_11</name>
         <value>0x159ac</value>
         <object_component_ref idref="oc-433"/>
      </symbol>
      <symbol id="sm-b02">
         <name>__mspabi_slll_10</name>
         <value>0x159b0</value>
         <object_component_ref idref="oc-433"/>
      </symbol>
      <symbol id="sm-b0a">
         <name>__mspabi_srll_8</name>
         <value>0x159f6</value>
         <object_component_ref idref="oc-3c1"/>
      </symbol>
      <symbol id="sm-b0b">
         <name>__mspabi_srll_9</name>
         <value>0x159f2</value>
         <object_component_ref idref="oc-3c1"/>
      </symbol>
      <symbol id="sm-b0c">
         <name>__mspabi_srll_6</name>
         <value>0x159fe</value>
         <object_component_ref idref="oc-3c1"/>
      </symbol>
      <symbol id="sm-b0d">
         <name>__mspabi_srll_7</name>
         <value>0x159fa</value>
         <object_component_ref idref="oc-3c1"/>
      </symbol>
      <symbol id="sm-b0e">
         <name>__mspabi_srll_4</name>
         <value>0x15a06</value>
         <object_component_ref idref="oc-3c1"/>
      </symbol>
      <symbol id="sm-b0f">
         <name>__mspabi_srll_5</name>
         <value>0x15a02</value>
         <object_component_ref idref="oc-3c1"/>
      </symbol>
      <symbol id="sm-b10">
         <name>__mspabi_srll_2</name>
         <value>0x15a0e</value>
         <object_component_ref idref="oc-3c1"/>
      </symbol>
      <symbol id="sm-b11">
         <name>__mspabi_srll_3</name>
         <value>0x15a0a</value>
         <object_component_ref idref="oc-3c1"/>
      </symbol>
      <symbol id="sm-b12">
         <name>__mspabi_srll_1</name>
         <value>0x15a12</value>
         <object_component_ref idref="oc-3c1"/>
      </symbol>
      <symbol id="sm-b13">
         <name>__mspabi_srll_15</name>
         <value>0x159da</value>
         <object_component_ref idref="oc-3c1"/>
      </symbol>
      <symbol id="sm-b14">
         <name>__mspabi_srll_14</name>
         <value>0x159de</value>
         <object_component_ref idref="oc-3c1"/>
      </symbol>
      <symbol id="sm-b15">
         <name>__mspabi_srll_13</name>
         <value>0x159e2</value>
         <object_component_ref idref="oc-3c1"/>
      </symbol>
      <symbol id="sm-b16">
         <name>__mspabi_srll_12</name>
         <value>0x159e6</value>
         <object_component_ref idref="oc-3c1"/>
      </symbol>
      <symbol id="sm-b17">
         <name>__mspabi_srll_11</name>
         <value>0x159ea</value>
         <object_component_ref idref="oc-3c1"/>
      </symbol>
      <symbol id="sm-b18">
         <name>__mspabi_srll_10</name>
         <value>0x159ee</value>
         <object_component_ref idref="oc-3c1"/>
      </symbol>
      <symbol id="sm-b2b">
         <name>memcpy</name>
         <value>0x15d86</value>
         <object_component_ref idref="oc-e4"/>
      </symbol>
      <symbol id="sm-b39">
         <name>memset</name>
         <value>0x15d46</value>
         <object_component_ref idref="oc-24f"/>
      </symbol>
      <symbol id="sm-b5a">
         <name>__mspabi_mpyd</name>
         <value>0x12548</value>
         <object_component_ref idref="oc-4c7"/>
      </symbol>
      <symbol id="sm-b62">
         <name>__mspabi_mpyi_f5hw</name>
         <value>0x15d5c</value>
         <object_component_ref idref="oc-2c3"/>
      </symbol>
      <symbol id="sm-b6a">
         <name>__mspabi_mpyl_f5hw</name>
         <value>0x15c56</value>
         <object_component_ref idref="oc-464"/>
      </symbol>
      <symbol id="sm-b75">
         <name>__mspabi_sral_15</name>
         <value>0x1595e</value>
         <object_component_ref idref="oc-57d"/>
      </symbol>
      <symbol id="sm-b76">
         <name>__mspabi_sral_14</name>
         <value>0x15962</value>
         <object_component_ref idref="oc-57d"/>
      </symbol>
      <symbol id="sm-b77">
         <name>__mspabi_sral_13</name>
         <value>0x15966</value>
         <object_component_ref idref="oc-57d"/>
      </symbol>
      <symbol id="sm-b78">
         <name>__mspabi_sral_12</name>
         <value>0x1596a</value>
         <object_component_ref idref="oc-57d"/>
      </symbol>
      <symbol id="sm-b79">
         <name>__mspabi_sral_11</name>
         <value>0x1596e</value>
         <object_component_ref idref="oc-57d"/>
      </symbol>
      <symbol id="sm-b7a">
         <name>__mspabi_sral_10</name>
         <value>0x15972</value>
         <object_component_ref idref="oc-57d"/>
      </symbol>
      <symbol id="sm-b7b">
         <name>__mspabi_sral_8</name>
         <value>0x1597a</value>
         <object_component_ref idref="oc-57d"/>
      </symbol>
      <symbol id="sm-b7c">
         <name>__mspabi_sral_9</name>
         <value>0x15976</value>
         <object_component_ref idref="oc-57d"/>
      </symbol>
      <symbol id="sm-b7d">
         <name>__mspabi_sral_6</name>
         <value>0x15982</value>
         <object_component_ref idref="oc-57d"/>
      </symbol>
      <symbol id="sm-b7e">
         <name>__mspabi_sral_7</name>
         <value>0x1597e</value>
         <object_component_ref idref="oc-57d"/>
      </symbol>
      <symbol id="sm-b7f">
         <name>__mspabi_sral_4</name>
         <value>0x1598a</value>
         <object_component_ref idref="oc-57d"/>
      </symbol>
      <symbol id="sm-b80">
         <name>__mspabi_sral_5</name>
         <value>0x15986</value>
         <object_component_ref idref="oc-57d"/>
      </symbol>
      <symbol id="sm-b81">
         <name>__mspabi_sral_2</name>
         <value>0x15992</value>
         <object_component_ref idref="oc-57d"/>
      </symbol>
      <symbol id="sm-b82">
         <name>__mspabi_sral_3</name>
         <value>0x1598e</value>
         <object_component_ref idref="oc-57d"/>
      </symbol>
      <symbol id="sm-b83">
         <name>__mspabi_sral_1</name>
         <value>0x15996</value>
         <object_component_ref idref="oc-57d"/>
      </symbol>
      <symbol id="sm-b9a">
         <name>_auto_init_hold_wdt</name>
         <value>0x153d2</value>
         <object_component_ref idref="oc-b9"/>
      </symbol>
      <symbol id="sm-bab">
         <name>__TI_frcmpyd</name>
         <value>0x11fc6</value>
         <object_component_ref idref="oc-53e"/>
      </symbol>
      <symbol id="sm-bac">
         <name>__TI_exit</name>
         <value>0x1</value>
      </symbol>
      <symbol id="sm-bad">
         <name>__TI_args_main</name>
         <value>0x1</value>
      </symbol>
      <symbol id="sm-bb0">
         <name>_ZN6MSP4303ADCC2Ev</name>
         <value>0x15e70</value>
      </symbol>
      <symbol id="sm-bb1">
         <name>_ZN6MSP4305TimerC2ENS_5TIMEREPFvvE</name>
         <value>0x156c0</value>
      </symbol>
      <symbol id="sm-bb2">
         <name>_ZN6MSP4304UARTC2ENS_3BUSEmPFvhPhjE</name>
         <value>0x14a52</value>
      </symbol>
      <symbol id="sm-bb3">
         <name>_ZN6MSP4306pulsarC2EPhhb</name>
         <value>0x15bb4</value>
      </symbol>
      <symbol id="sm-bb4">
         <name>_ZN6MSP4306pulsarC2EPhh</name>
         <value>0x15d04</value>
      </symbol>
      <symbol id="sm-bb5">
         <name>_ZN6MSP4306pulsarC2EPhhNS_13InterruptTypeEPFvvE</name>
         <value>0x157b6</value>
      </symbol>
      <symbol id="sm-bb6">
         <name>_ZN6MSP4304renaC2Ev</name>
         <value>0x15e72</value>
      </symbol>
   </symbol_table>
   <title>Link successful</title>
</link_info>
