******************************************************************************
                  MSP430 Linker PC v4.3.3                      
******************************************************************************
>> Linked Fri Jun 26 16:50:08 2015

OUTPUT FILE NAME:   <XRD.out>
ENTRY POINT SYMBOL: "_c_int00"  address: 00005e24


MEMORY CONFIGURATION

         name            origin    length      used     unused   attr    fill
----------------------  --------  ---------  --------  --------  ----  --------
  SFR                   00000000   00000010  00000000  00000010  RWIX
  PERIPHERALS_8BIT      00000010   000000f0  00000000  000000f0  RWIX
  PERIPHERALS_16BIT     00000100   00000100  00000000  00000100  RWIX
  INFOD                 00001800   00000080  00000000  00000080  RWIX
  INFOC                 00001880   00000080  00000000  00000080  RWIX
  INFOB                 00001900   00000080  00000000  00000080  RWIX
  INFOA                 00001980   00000080  00000000  00000080  RWIX
  RAM                   00001c00   00004000  00000d3f  000032c1  RWIX
  FLASH                 00005c00   0000a380  000003c6  00009fba  RWIX
  INT00                 0000ff80   00000002  00000000  00000002  RWIX
  INT01                 0000ff82   00000002  00000000  00000002  RWIX
  INT02                 0000ff84   00000002  00000000  00000002  RWIX
  INT03                 0000ff86   00000002  00000000  00000002  RWIX
  INT04                 0000ff88   00000002  00000000  00000002  RWIX
  INT05                 0000ff8a   00000002  00000000  00000002  RWIX
  INT06                 0000ff8c   00000002  00000000  00000002  RWIX
  INT07                 0000ff8e   00000002  00000000  00000002  RWIX
  INT08                 0000ff90   00000002  00000000  00000002  RWIX
  INT09                 0000ff92   00000002  00000000  00000002  RWIX
  INT10                 0000ff94   00000002  00000000  00000002  RWIX
  INT11                 0000ff96   00000002  00000000  00000002  RWIX
  INT12                 0000ff98   00000002  00000000  00000002  RWIX
  INT13                 0000ff9a   00000002  00000000  00000002  RWIX
  INT14                 0000ff9c   00000002  00000000  00000002  RWIX
  INT15                 0000ff9e   00000002  00000000  00000002  RWIX
  INT16                 0000ffa0   00000002  00000000  00000002  RWIX
  INT17                 0000ffa2   00000002  00000000  00000002  RWIX
  INT18                 0000ffa4   00000002  00000000  00000002  RWIX
  INT19                 0000ffa6   00000002  00000000  00000002  RWIX
  INT20                 0000ffa8   00000002  00000000  00000002  RWIX
  INT21                 0000ffaa   00000002  00000000  00000002  RWIX
  INT22                 0000ffac   00000002  00000000  00000002  RWIX
  INT23                 0000ffae   00000002  00000000  00000002  RWIX
  INT24                 0000ffb0   00000002  00000000  00000002  RWIX
  INT25                 0000ffb2   00000002  00000000  00000002  RWIX
  INT26                 0000ffb4   00000002  00000000  00000002  RWIX
  INT27                 0000ffb6   00000002  00000000  00000002  RWIX
  INT28                 0000ffb8   00000002  00000000  00000002  RWIX
  INT29                 0000ffba   00000002  00000000  00000002  RWIX
  INT30                 0000ffbc   00000002  00000000  00000002  RWIX
  INT31                 0000ffbe   00000002  00000000  00000002  RWIX
  INT32                 0000ffc0   00000002  00000000  00000002  RWIX
  INT33                 0000ffc2   00000002  00000000  00000002  RWIX
  INT34                 0000ffc4   00000002  00000000  00000002  RWIX
  INT35                 0000ffc6   00000002  00000000  00000002  RWIX
  INT36                 0000ffc8   00000002  00000000  00000002  RWIX
  INT37                 0000ffca   00000002  00000000  00000002  RWIX
  INT38                 0000ffcc   00000002  00000000  00000002  RWIX
  INT39                 0000ffce   00000002  00000000  00000002  RWIX
  INT40                 0000ffd0   00000002  00000000  00000002  RWIX
  INT41                 0000ffd2   00000002  00000002  00000000  RWIX
  INT42                 0000ffd4   00000002  00000002  00000000  RWIX
  INT43                 0000ffd6   00000002  00000002  00000000  RWIX
  INT44                 0000ffd8   00000002  00000002  00000000  RWIX
  INT45                 0000ffda   00000002  00000002  00000000  RWIX
  INT46                 0000ffdc   00000002  00000002  00000000  RWIX
  INT47                 0000ffde   00000002  00000002  00000000  RWIX
  INT48                 0000ffe0   00000002  00000002  00000000  RWIX
  INT49                 0000ffe2   00000002  00000002  00000000  RWIX
  INT50                 0000ffe4   00000002  00000002  00000000  RWIX
  INT51                 0000ffe6   00000002  00000002  00000000  RWIX
  INT52                 0000ffe8   00000002  00000002  00000000  RWIX
  INT53                 0000ffea   00000002  00000002  00000000  RWIX
  INT54                 0000ffec   00000002  00000002  00000000  RWIX
  INT55                 0000ffee   00000002  00000002  00000000  RWIX
  INT56                 0000fff0   00000002  00000002  00000000  RWIX
  INT57                 0000fff2   00000002  00000002  00000000  RWIX
  INT58                 0000fff4   00000002  00000002  00000000  RWIX
  INT59                 0000fff6   00000002  00000002  00000000  RWIX
  INT60                 0000fff8   00000002  00000002  00000000  RWIX
  INT61                 0000fffa   00000002  00000002  00000000  RWIX
  INT62                 0000fffc   00000002  00000002  00000000  RWIX
  RESET                 0000fffe   00000002  00000002  00000000  RWIX
  FLASH2                00010000   00035c00  00005e52  0002fdae  RWIX


SECTION ALLOCATION MAP

 output                                  attributes/
section   page    origin      length       input sections
--------  ----  ----------  ----------   ----------------
.bss       0    00001c00    00000c43     UNINITIALIZED
                  00001c00    0000022e     (.common:fatfs)
                  00001e2e    0000021c     (.common:HitBuffer)
                  0000204a    00000200     (.common:Packet)
                  0000224a    00000200     (.common:ReceivedData)
                  0000244a    00000200     (.common:_ZN6MSP43010DataBufferE)
                  0000264a    000000d8     (.common:ChannelConfigs)
                  00002722    00000086     main.obj (.bss)
                  000027a8    00000024     (.common:TriggeredChannels)
                  000027cc    00000024     (.common:file)
                  000027f0    0000001c     (.common:dir)
                  0000280c    00000008     (.common:_ZN6MSP43012HeaderBufferE)
                  00002814    00000004     (.common:FatFs)
                  00002818    00000004     (.common:Sec_Callback)
                  0000281c    00000004     (.common:_ZN6MSP43013CommandVectorE)
                  00002820    00000004     (.common:_ZN6MSP43016TimerA0InterruptE)
                  00002824    00000004     (.common:_ZN6MSP43016TimerA1InterruptE)
                  00002828    00000004     (.common:_ZN6MSP43016TimerB0InterruptE)
                  0000282c    00000004     (.common:_ZN6MSP43018TimerA0_1InterruptE)
                  00002830    00000004     (.common:_ZN6MSP43018TimerA1_1InterruptE)
                  00002834    00000004     (.common:_ZN6MSP43020interruptVectorPORT2E)
                  00002838    00000004     (.common:rtcAlarm_Callback)
                  0000283c    00000002     (.common:Fsid)
                  0000283e    00000002     (.common:_ZN6MSP4309CharValueE)
                  00002840    00000002     (.common:errCode)
                  00002842    00000001     (.common:CardType)

.TI.noinit 
*          0    00001c00    00000000     UNINITIALIZED

.data      0    00002844    0000005c     UNINITIALIZED
                  00002844    00000028     main.obj (.data)
                  0000286c    00000016     Timer.obj (.data)
                  00002882    0000000e     main.obj (.data:RTC_AsCharArray)
                  00002890    00000009     UART.obj (.data)
                  00002899    00000001     --HOLE--
                  0000289a    00000004     ADC.obj (.data)
                  0000289e    00000002     mmc.obj (.data)

.TI.persistent 
*          0    00002844    00000000     UNINITIALIZED

.stack     0    00005b60    000000a0     UNINITIALIZED
                  00005b60    00000004     rts430x_lc_rd_eabi.lib : boot.obj (.stack)
                  00005b64    0000009c     --HOLE--

.text:_isr 
*          0    00005c00    00000268     
                  00005c00    00000156     UART.obj (.text:_isr:_ZN6MSP43011USCI_A0_ISREv)
                  00005d56    00000042     Timer.obj (.text:_isr:_ZN6MSP43013TIMER0_A0_ISREv)
                  00005d98    00000042     Timer.obj (.text:_isr:_ZN6MSP43013TIMER1_A1_ISREv)
                  00005dda    0000002a     RTC.obj (.text:_isr:_Z7RTC_ISRv)
                  00005e04    00000020     Timer.obj (.text:_isr:_ZN6MSP43013TIMER0_B0_ISREv)
                  00005e24    0000001a     rts430x_lc_rd_eabi.lib : boot.obj (.text:_isr:_c_int00_noexit)
                  00005e3e    00000016     pulsar.obj (.text:_isr:_ZN6MSP4306Port_2Ev)
                  00005e54    00000014     ADC.obj (.text:_isr:_ZN6MSP4309ADC12_ISREv)

.init_array 
*          0    00005e68    00000004     
                  00005e68    00000004     main.obj (.init_array)

.const     0    00005e6c    00000122     
                  00005e6c    00000080     ff.obj (.const:.string:excvt$1)
                  00005eec    0000006e     main.obj (.const:.string)
                  00005f5a    0000001c     MemoryHandling.obj (.const:.string)
                  00005f76    00000010     ff.obj (.const:.string)
                  00005f86    00000008     UART.obj (.const:.string)

.cinit     0    00005f8e    00000038     
                  00005f8e    00000015     (.cinit..data.load) [load image, compression = rle]
                  00005fa3    00000001     --HOLE-- [fill = 0]
                  00005fa4    0000000c     (__TI_handler_table)
                  00005fb0    00000006     (.cinit..bss.load) [load image, compression = zero_init]
                  00005fb6    00000010     (__TI_cinit_table)

RTC        0    0000ffd2    00000002     
                  0000ffd2    00000002     RTC.obj (.int41)

PORT2      0    0000ffd4    00000002     
                  0000ffd4    00000002     pulsar.obj (.int42)

USCI_B3    0    0000ffd6    00000002     
                  0000ffd6    00000002     rts430x_lc_rd_eabi.lib : int43.obj (.int43)

USCI_A3    0    0000ffd8    00000002     
                  0000ffd8    00000002     rts430x_lc_rd_eabi.lib : int44.obj (.int44)

USCI_B1    0    0000ffda    00000002     
                  0000ffda    00000002     rts430x_lc_rd_eabi.lib : int45.obj (.int45)

USCI_A1    0    0000ffdc    00000002     
                  0000ffdc    00000002     rts430x_lc_rd_eabi.lib : int46.obj (.int46)

PORT1      0    0000ffde    00000002     
                  0000ffde    00000002     rts430x_lc_rd_eabi.lib : int47.obj (.int47)

TIMER1_A1 
*          0    0000ffe0    00000002     
                  0000ffe0    00000002     rts430x_lc_rd_eabi.lib : int48.obj (.int48)

TIMER1_A0 
*          0    0000ffe2    00000002     
                  0000ffe2    00000002     Timer.obj (.int49)

DMA        0    0000ffe4    00000002     
                  0000ffe4    00000002     rts430x_lc_rd_eabi.lib : int50.obj (.int50)

USCI_B2    0    0000ffe6    00000002     
                  0000ffe6    00000002     rts430x_lc_rd_eabi.lib : int51.obj (.int51)

USCI_A2    0    0000ffe8    00000002     
                  0000ffe8    00000002     rts430x_lc_rd_eabi.lib : int52.obj (.int52)

TIMER0_A1 
*          0    0000ffea    00000002     
                  0000ffea    00000002     rts430x_lc_rd_eabi.lib : int53.obj (.int53)

TIMER0_A0 
*          0    0000ffec    00000002     
                  0000ffec    00000002     Timer.obj (.int54)

ADC12      0    0000ffee    00000002     
                  0000ffee    00000002     ADC.obj (.int55)

USCI_B0    0    0000fff0    00000002     
                  0000fff0    00000002     rts430x_lc_rd_eabi.lib : int56.obj (.int56)

USCI_A0    0    0000fff2    00000002     
                  0000fff2    00000002     UART.obj (.int57)

WDT        0    0000fff4    00000002     
                  0000fff4    00000002     rts430x_lc_rd_eabi.lib : int58.obj (.int58)

TIMER0_B1 
*          0    0000fff6    00000002     
                  0000fff6    00000002     rts430x_lc_rd_eabi.lib : int59.obj (.int59)

TIMER0_B0 
*          0    0000fff8    00000002     
                  0000fff8    00000002     Timer.obj (.int60)

UNMI       0    0000fffa    00000002     
                  0000fffa    00000002     rts430x_lc_rd_eabi.lib : int61.obj (.int61)

SYSNMI     0    0000fffc    00000002     
                  0000fffc    00000002     rts430x_lc_rd_eabi.lib : int62.obj (.int62)

.reset     0    0000fffe    00000002     
                  0000fffe    00000002     rts430x_lc_rd_eabi.lib : boot.obj (.reset)

.text      0    00010000    00005e52     
                  00010000    000007e4     main.obj (.text:_Z18UARTCommandHandler9UART_Mode)
                  000107e4    00000516     rena.obj (.text:_ZN6MSP4304rena13ConfigureRenaEPNS_13channelconfigEhNS_6pulsarES3_S3_)
                  00010cfa    000004da     ff.obj (.text:chk_mounted)
                  000111d4    00000452     rts430x_lc_rd_eabi.lib : frcdivd.obj (.text:__TI_frcdivd)
                  00011626    00000360     MemoryHandling.obj (.text:_Z13GetSystemInfoPhR14Operation_ModeRjS2_RmS3_S3_S3_)
                  00011986    00000316     MemoryHandling.obj (.text:_Z16UpdateSystemInfoPh14Operation_Modejjmmmm)
                  00011c9c    00000304     rena.obj (.text:_ZN6MSP4304rena11CheckConfigEv)
                  00011fa0    000002e4     rts430x_lc_rd_eabi.lib : frcmpyd.obj (.text:__TI_frcmpyd)
                  00012284    0000029e     ff.obj (.text:f_write)
                  00012522    00000282     rts430x_lc_rd_eabi.lib : mpyd.obj (.text:__mspabi_mpyd)
                  000127a4    00000250     ff.obj (.text:f_lseek)
                  000129f4    00000224     ff.obj (.text:f_open)
                  00012c18    00000222     rts430x_lc_rd_eabi.lib : divd.obj (.text:__mspabi_divd)
                  00012e3a    00000200     main.obj (.text:_Z12TS_Interruptv)
                  0001303a    000001f2     ff.obj (.text:f_read)
                  0001322c    000001f0     main.obj (.text:_Z16RunOperationMode14Operation_Mode)
                  0001341c    000001c0     ADC.obj (.text:_ZN6MSP4303ADC24ReadAllValuesToCharArrayEPh)
                  000135dc    00000194     main.obj (.text:__sti___8_main_cpp_TCLK)
                  00013770    0000018c     ff.obj (.text:put_fat)
                  000138fc    0000017e     ff.obj (.text:dir_next)
                  00013a7a    00000144     mmc.obj (.text:disk_initialize)
                  00013bbe    00000142     ff.obj (.text:get_fat)
                  00013d00    00000134     ff.obj (.text:create_name)
                  00013e34    0000012c     MemoryHandling.obj (.text:_Z11ReadRawDataPhjmm)
                  00013f60    0000012a     MemoryHandling.obj (.text:_Z10AddRawDataPhjm)
                  0001408a    00000120     ff.obj (.text:create_chain)
                  000141aa    0000010e     main.obj (.text:main)
                  000142b8    00000100     ff.obj (.text:dir_sdi)
                  000143b8    000000f4     mmc.obj (.text:disk_ioctl)
                  000144ac    000000ec     ff.obj (.text:sync)
                  00014598    000000d8     rts430x_lc_rd_eabi.lib : cmpd.obj (.text:__mspabi_cmpd)
                  00014670    000000ce     MemoryHandling.obj (.text:_Z11ReportEvent13StatusReports)
                  0001473e    000000be     UART.obj (.text:_ZN6MSP4304UART4SendEPhj)
                  000147fc    000000be     ff.obj (.text:move_window)
                  000148ba    000000bc     mmc.obj (.text:disk_write)
                  00014976    000000ba     RTC.obj (.text:_Z17getRTCasByteArrayPh)
                  00014a30    000000b4     UART.obj (.text:_ZN6MSP4304UARTC1ENS_3BUSEmPFvhPhjE)
                  00014ae4    000000b4     ff.obj (.text:follow_path)
                  00014b98    000000b4     mmc.obj (.text:send_cmd)
                  00014c4c    000000a8     ByteFunctions.obj (.text:_Z18AssembleDataPacketPhj)
                  00014cf4    000000a8     ff.obj (.text:f_opendir)
                  00014d9c    000000a4     Timer.obj (.text:_ZN6MSP4305Timer5StartEj)
                  00014e40    000000a4     ff.obj (.text:f_sync)
                  00014ee4    0000009c     ff.obj (.text:remove_chain)
                  00014f80    00000096     mmc.obj (.text:disk_read)
                  00015016    00000090     ff.obj (.text:check_fs)
                  000150a6    0000008c     main.obj (.text:_Z20ADCACQTimerInterruptv)
                  00015132    0000008a     rena.obj (.text:_ZN6MSP4304rena9ReloadSINEmjNS_6pulsarES1_Ph)
                  000151bc    00000084     ff.obj (.text:dir_register)
                  00015240    0000007e     ADC.obj (.text:_ZN6MSP4303ADC17SingleReadVoltageENS_10ADCChannelE)
                  000152be    0000007a     pulsar.obj (.text:_ZN6MSP4306pulsar16GenerateSHRClockEmjS0_Ph)
                  00015338    00000076     rts430x_lc_rd_eabi.lib : fltuld.obj (.text:__mspabi_fltuld)
                  000153ae    0000006e                            : autoinit.obj (.text:_auto_init_hold_wdt)
                  0001541c    00000062     Timer.obj (.text:_ZN6MSP4305Timer4StopEv)
                  0001547e    00000062     rts430x_lc_rd_eabi.lib : copy_decompress_rle.obj (.text:__TI_decompress_rle_core)
                  000154e0    0000005c     pre_init.obj (.text:_system_pre_init)
                  0001553c    0000005a     ff.obj (.text:dir_find)
                  00015596    00000058     rts430x_lc_rd_eabi.lib : div32u.obj (.text)
                  000155ee    00000058     mmc.obj (.text:xmit_datablock)
                  00015646    00000056     main.obj (.text:_Z18RTCSecondInterruptv)
                  0001569c    00000056     Timer.obj (.text:_ZN6MSP4305TimerC1ENS_5TIMEREPFvvE)
                  000156f2    00000052     mmc.obj (.text:rcvr_datablock)
                  00015744    00000050     pre_init.obj (.text:SetVcoreUp)
                  00015794    0000004e     pulsar.obj (.text:_ZN6MSP4306pulsarC1EPhhNS_13InterruptTypeEPFvvE)
                  000157e2    0000004c     ByteFunctions.obj (.text:_Z7UlToStrPcmh)
                  0001582e    00000048     ADC.obj (.text:_ZN6MSP4303ADC26SingleReadValueAsCharArrayENS_10ADCChannelE)
                  00015876    00000046     HAL_SDCard.obj (.text:SDCard_init)
                  000158bc    00000042     ADC.obj (.text:_ZN6MSP4303ADC15SingleReadValueENS_10ADCChannelE)
                  000158fe    0000003e     ff.obj (.text:clust2sect)
                  0001593c    0000003e     rts430x_lc_rd_eabi.lib : asr32.obj (.text:l_asr_const)
                  0001597a    0000003e                            : lsl32.obj (.text:l_lsl_const)
                  000159b8    0000003e                            : lsr32.obj (.text:l_lsr_const)
                  000159f6    0000003c     main.obj (.text:_Z13CommandVectorhPhj)
                  00015a32    00000038     HAL_SDCard.obj (.text:SDCard_readFrame)
                  00015a6a    00000036     mmc.obj (.text:wait_ready)
                  00015aa0    00000034     RTC.obj (.text:_Z7initRTCiiiiiii)
                  00015ad4    00000032     ff.obj (.text:f_mount)
                  00015b06    00000030     MemoryHandling.obj (.text:_Z8fat_initv)
                  00015b36    0000002e     HAL_SDCard.obj (.text:SDCard_sendFrame)
                  00015b64    0000002e     ByteFunctions.obj (.text:_Z24CompareCharArrayToStringPhPKcj)
                  00015b92    0000002c     pulsar.obj (.text:_ZN6MSP4306pulsarC1EPhhb)
                  00015bbe    0000002c     ff.obj (.text:validate)
                  00015bea    00000026     pulsar.obj (.text:_ZN6MSP4306pulsar3getEv)
                  00015c10    00000024     rts430x_lc_rd_eabi.lib : copy_zero_init.obj (.text:decompress:ZI:__TI_zero_init)
                  00015c34    00000022                            : mult32_f5hw.obj (.text)
                  00015c56    00000020     mmc.obj (.text:disk_status)
                  00015c76    0000001e     pulsar.obj (.text:_ZN6MSP4306pulsar3setEb)
                  00015c94    0000001c     ByteFunctions.obj (.text:_Z34DetermineNumberOfTriggeredChannelsPhh)
                  00015cb0    0000001a     main.obj (.text:_Z5delayj)
                  00015cca    00000018     mmc.obj (.text:select)
                  00015ce2    00000016     pulsar.obj (.text:_ZN6MSP4306pulsarC1EPhh)
                  00015cf8    00000016     ff.obj (.text:chk_chr)
                  00015d0e    00000016     ff.obj (.text:f_close)
                  00015d24    00000016     rts430x_lc_rd_eabi.lib : memset.obj (.text:memset)
                  00015d3a    00000016                            : mult16_f5hw.obj (.text)
                  00015d50    00000014     ff.obj (.text:mem_cmp)
                  00015d64    00000014     rts430x_lc_rd_eabi.lib : memcpy.obj (.text:memcpy)
                  00015d78    00000012     HAL_SDCard.obj (.text:SDCard_fastMode)
                  00015d8a    00000012     rts430x_lc_rd_eabi.lib : copy_decompress_none.obj (.text:decompress:none:__TI_decompress_none)
                  00015d9c    00000012     mmc.obj (.text:deselect)
                  00015dae    00000012     ff.obj (.text:mem_cpy)
                  00015dc0    00000012     ff.obj (.text:mem_set)
                  00015dd2    00000010     rts430x_lc_rd_eabi.lib : lsl32.obj (.text:l_lsl)
                  00015de2    0000000e     pulsar.obj (.text:_ZN6MSP4306pulsar15EnableInterruptEv)
                  00015df0    0000000c     RTC.obj (.text:_Z9enableSecPFvvE)
                  00015dfc    0000000a     mmc.obj (.text:get_fattime)
                  00015e06    0000000a     rts430x_lc_rd_eabi.lib : asr16.obj (.text)
                  00015e10    00000008     RTC.obj (.text:_Z10disableSecv)
                  00015e18    00000008     RTC.obj (.text:_Z8startRTCv)
                  00015e20    00000006     HAL_SDCard.obj (.text:SDCard_setCSHigh)
                  00015e26    00000006     HAL_SDCard.obj (.text:SDCard_setCSLow)
                  00015e2c    00000006     rts430x_lc_rd_eabi.lib : isr_trap.obj (.text:__TI_ISR_TRAP)
                  00015e32    00000006                            : fltud.obj (.text:__mspabi_fltud)
                  00015e38    00000006                            : copy_decompress_rle.obj (.text:decompress:rle24:__TI_decompress_rle24)
                  00015e3e    00000006     mmc.obj (.text:rcvr_mmc)
                  00015e44    00000006     mmc.obj (.text:xmit_mmc)
                  00015e4a    00000004     rts430x_lc_rd_eabi.lib : exit.obj (.text:abort)
                  00015e4e    00000002     ADC.obj (.text:_ZN6MSP4303ADCC1Ev)
                  00015e50    00000002     rena.obj (.text:_ZN6MSP4304renaC1Ev)


LINKER GENERATED COPY TABLES

__TI_cinit_table @ 00005fb6 records: 2, size/record: 8, table size: 16
	.data: load addr=00005f8e, load size=00000015 bytes, run addr=00002844, run size=0000005c bytes, compression=rle
	.bss: load addr=00005fb0, load size=00000006 bytes, run addr=00001c00, run size=00000c43 bytes, compression=zero_init


LINKER GENERATED HANDLER TABLE

__TI_handler_table @ 00005fa4 records: 3, size/record: 4, table size: 12
	index: 0, handler: __TI_zero_init
	index: 1, handler: __TI_decompress_rle24
	index: 2, handler: __TI_decompress_none


GLOBAL SYMBOLS: SORTED ALPHABETICALLY BY Name 

address    name
--------   ----
0000275e   ACQ
00002848   ACQCompleted
00000700   ADC12CTL0
00000701   ADC12CTL0_H
00000700   ADC12CTL0_L
00000702   ADC12CTL1
00000703   ADC12CTL1_H
00000702   ADC12CTL1_L
00000704   ADC12CTL2
00000705   ADC12CTL2_H
00000704   ADC12CTL2_L
0000070c   ADC12IE
0000070d   ADC12IE_H
0000070c   ADC12IE_L
0000070a   ADC12IFG
0000070b   ADC12IFG_H
0000070a   ADC12IFG_L
0000070e   ADC12IV
0000070f   ADC12IV_H
0000070e   ADC12IV_L
00000710   ADC12MCTL0
00000711   ADC12MCTL1
0000071a   ADC12MCTL10
0000071b   ADC12MCTL11
0000071c   ADC12MCTL12
0000071d   ADC12MCTL13
0000071e   ADC12MCTL14
0000071f   ADC12MCTL15
00000712   ADC12MCTL2
00000713   ADC12MCTL3
00000714   ADC12MCTL4
00000715   ADC12MCTL5
00000716   ADC12MCTL6
00000717   ADC12MCTL7
00000718   ADC12MCTL8
00000719   ADC12MCTL9
00000720   ADC12MEM0
00000721   ADC12MEM0_H
00000720   ADC12MEM0_L
00000722   ADC12MEM1
00000734   ADC12MEM10
00000735   ADC12MEM10_H
00000734   ADC12MEM10_L
00000736   ADC12MEM11
00000737   ADC12MEM11_H
00000736   ADC12MEM11_L
00000738   ADC12MEM12
00000739   ADC12MEM12_H
00000738   ADC12MEM12_L
0000073a   ADC12MEM13
0000073b   ADC12MEM13_H
0000073a   ADC12MEM13_L
0000073c   ADC12MEM14
0000073d   ADC12MEM14_H
0000073c   ADC12MEM14_L
0000073e   ADC12MEM15
0000073f   ADC12MEM15_H
0000073e   ADC12MEM15_L
00000723   ADC12MEM1_H
00000722   ADC12MEM1_L
00000724   ADC12MEM2
00000725   ADC12MEM2_H
00000724   ADC12MEM2_L
00000726   ADC12MEM3
00000727   ADC12MEM3_H
00000726   ADC12MEM3_L
00000728   ADC12MEM4
00000729   ADC12MEM4_H
00000728   ADC12MEM4_L
0000072a   ADC12MEM5
0000072b   ADC12MEM5_H
0000072a   ADC12MEM5_L
0000072c   ADC12MEM6
0000072d   ADC12MEM6_H
0000072c   ADC12MEM6_L
0000072e   ADC12MEM7
0000072f   ADC12MEM7_H
0000072e   ADC12MEM7_L
00000730   ADC12MEM8
00000731   ADC12MEM8_H
00000730   ADC12MEM8_L
00000732   ADC12MEM9
00000733   ADC12MEM9_H
00000732   ADC12MEM9_L
0000279c   ADCACQTimer
00015e4a   C$$EXIT
00002740   CIN
00002758   CLF
00002752   CLS
00000150   CRCDI
00000152   CRCDIRB
00000153   CRCDIRB_H
00000152   CRCDIRB_L
00000151   CRCDI_H
00000150   CRCDI_L
00000154   CRCINIRES
00000155   CRCINIRES_H
00000154   CRCINIRES_L
00000156   CRCRESR
00000157   CRCRESR_H
00000156   CRCRESR_L
0000274c   CS
00002746   CSHIFT
0000264a   ChannelConfigs
00002866   ConfigNumber
00002854   CurrentOperationMode
00002844   CurrentUARTMode
00000510   DMA0CTL
00000511   DMA0CTL_H
00000510   DMA0CTL_L
00000516   DMA0DA
00000516   DMA0DAL
00000512   DMA0SA
00000512   DMA0SAL
0000051a   DMA0SZ
00000520   DMA1CTL
00000521   DMA1CTL_H
00000520   DMA1CTL_L
00000526   DMA1DA
00000526   DMA1DAL
00000522   DMA1SA
00000522   DMA1SAL
0000052a   DMA1SZ
00000530   DMA2CTL
00000531   DMA2CTL_H
00000530   DMA2CTL_L
00000536   DMA2DA
00000536   DMA2DAL
00000532   DMA2SA
00000532   DMA2SAL
0000053a   DMA2SZ
00000500   DMACTL0
00000501   DMACTL0_H
00000500   DMACTL0_L
00000502   DMACTL1
00000503   DMACTL1_H
00000502   DMACTL1_L
00000504   DMACTL2
00000505   DMACTL2_H
00000504   DMACTL2_L
00000506   DMACTL3
00000507   DMACTL3_H
00000506   DMACTL3_L
00000508   DMACTL4
00000509   DMACTL4_H
00000508   DMACTL4_L
0000050e   DMAIV
0000050f   DMAIV_H
0000050e   DMAIV_L
00002764   ENABLE_5V
00002770   ENABLE_ADC
0000276a   ENABLE_HV
00002856   ExecutionNumber
00000140   FCTL1
00000141   FCTL1_H
00000140   FCTL1_L
00000144   FCTL3
00000145   FCTL3_H
00000144   FCTL3_L
00000146   FCTL4
00000147   FCTL4_H
00000146   FCTL4_L
00001e2e   HitBuffer
0000286a   HitNumber
0000289e   INS
00002852   LastOperationMode
000004c4   MAC
000004da   MAC32H
000004db   MAC32H_H
000004da   MAC32H_L
000004d8   MAC32L
000004d9   MAC32L_H
000004d8   MAC32L_L
000004c6   MACS
000004de   MACS32H
000004df   MACS32H_H
000004de   MACS32H_L
000004dc   MACS32L
000004dd   MACS32L_H
000004dc   MACS32L_L
000004c7   MACS_H
000004c6   MACS_L
000004c5   MAC_H
000004c4   MAC_L
000004c0   MPY
000004ec   MPY32CTL0
000004ed   MPY32CTL0_H
000004ec   MPY32CTL0_L
000004d2   MPY32H
000004d3   MPY32H_H
000004d2   MPY32H_L
000004d0   MPY32L
000004d1   MPY32L_H
000004d0   MPY32L_L
000004c2   MPYS
000004d6   MPYS32H
000004d7   MPYS32H_H
000004d6   MPYS32H_L
000004d4   MPYS32L
000004d5   MPYS32L_H
000004d4   MPYS32L_L
000004c3   MPYS_H
000004c2   MPYS_L
000004c1   MPY_H
000004c0   MPY_L
00002846   MeasurementPeriod
000004c8   OP2
000004e2   OP2H
000004e3   OP2H_H
000004e2   OP2H_L
000004e0   OP2L
000004e1   OP2L_H
000004e0   OP2L_L
000004c9   OP2_H
000004c8   OP2_L
00002794   OVRFLOW
0000020e   P1IV
0000021e   P2IV
00000204   PADIR
00000205   PADIR_H
00000204   PADIR_L
00000208   PADS
00000209   PADS_H
00000208   PADS_L
0000021a   PAIE
00000218   PAIES
00000219   PAIES_H
00000218   PAIES_L
0000021b   PAIE_H
0000021a   PAIE_L
0000021c   PAIFG
0000021d   PAIFG_H
0000021c   PAIFG_L
00000200   PAIN
00000201   PAIN_H
00000200   PAIN_L
00000202   PAOUT
00000203   PAOUT_H
00000202   PAOUT_L
00000206   PAREN
00000207   PAREN_H
00000206   PAREN_L
0000020a   PASEL
0000020b   PASEL_H
0000020a   PASEL_L
00000224   PBDIR
00000225   PBDIR_H
00000224   PBDIR_L
00000228   PBDS
00000229   PBDS_H
00000228   PBDS_L
00000220   PBIN
00000221   PBIN_H
00000220   PBIN_L
00000222   PBOUT
00000223   PBOUT_H
00000222   PBOUT_L
00000226   PBREN
00000227   PBREN_H
00000226   PBREN_L
0000022a   PBSEL
0000022b   PBSEL_H
0000022a   PBSEL_L
00000244   PCDIR
00000245   PCDIR_H
00000244   PCDIR_L
00000248   PCDS
00000249   PCDS_H
00000248   PCDS_L
00000240   PCIN
00000241   PCIN_H
00000240   PCIN_L
00000242   PCOUT
00000243   PCOUT_H
00000242   PCOUT_L
00000246   PCREN
00000247   PCREN_H
00000246   PCREN_L
0000024a   PCSEL
0000024b   PCSEL_H
0000024a   PCSEL_L
00000264   PDDIR
00000265   PDDIR_H
00000264   PDDIR_L
00000268   PDDS
00000269   PDDS_H
00000268   PDDS_L
00000260   PDIN
00000261   PDIN_H
00000260   PDIN_L
00000262   PDOUT
00000263   PDOUT_H
00000262   PDOUT_L
00000266   PDREN
00000267   PDREN_H
00000266   PDREN_L
0000026a   PDSEL
0000026b   PDSEL_H
0000026a   PDSEL_L
00000284   PEDIR
00000285   PEDIR_H
00000284   PEDIR_L
00000288   PEDS
00000289   PEDS_H
00000288   PEDS_L
00000280   PEIN
00000281   PEIN_H
00000280   PEIN_L
00000282   PEOUT
00000283   PEOUT_H
00000282   PEOUT_L
00000286   PEREN
00000287   PEREN_H
00000286   PEREN_L
0000028a   PESEL
0000028b   PESEL_H
0000028a   PESEL_L
000002a4   PFDIR
000002a5   PFDIR_H
000002a4   PFDIR_L
000002a8   PFDS
000002a9   PFDS_H
000002a8   PFDS_L
000002a0   PFIN
000002a1   PFIN_H
000002a0   PFIN_L
000002a2   PFOUT
000002a3   PFOUT_H
000002a2   PFOUT_L
000002a6   PFREN
000002a7   PFREN_H
000002a6   PFREN_L
000002aa   PFSEL
000002ab   PFSEL_H
000002aa   PFSEL_L
00000324   PJDIR
00000325   PJDIR_H
00000324   PJDIR_L
00000328   PJDS
00000329   PJDS_H
00000328   PJDS_L
00000320   PJIN
00000321   PJIN_H
00000320   PJIN_L
00000322   PJOUT
00000323   PJOUT_H
00000322   PJOUT_L
00000326   PJREN
00000327   PJREN_H
00000326   PJREN_L
00000130   PM5CTL0
00000131   PM5CTL0_H
00000130   PM5CTL0_L
00000120   PMMCTL0
00000121   PMMCTL0_H
00000120   PMMCTL0_L
00000122   PMMCTL1
00000123   PMMCTL1_H
00000122   PMMCTL1_L
0000012c   PMMIFG
0000012d   PMMIFG_H
0000012c   PMMIFG_L
0000012e   PMMRIE
0000012f   PMMRIE_H
0000012e   PMMRIE_L
0000204a   Packet
00000158   RCCTL0
00000159   RCCTL0_H
00000158   RCCTL0_L
00002728   READ
000001b0   REFCTL0
000001b1   REFCTL0_H
000001b0   REFCTL0_L
0000279e   RENA
000004e4   RES0
000004e5   RES0_H
000004e4   RES0_L
000004e6   RES1
000004e7   RES1_H
000004e6   RES1_L
000004e8   RES2
000004e9   RES2_H
000004e8   RES2_L
000004ea   RES3
000004eb   RES3_H
000004ea   RES3_L
000004cc   RESHI
000004cd   RESHI_H
000004cc   RESHI_L
000004ca   RESLO
000004cb   RESLO_H
000004ca   RESLO_L
000004ba   RTCADOWDAY
000004bb   RTCADOWDAY_H
000004ba   RTCADOWDAY_L
000004b8   RTCAMINHR
000004b9   RTCAMINHR_H
000004b8   RTCAMINHR_L
000004a0   RTCCTL01
000004a1   RTCCTL01_H
000004a0   RTCCTL01_L
000004a2   RTCCTL23
000004a3   RTCCTL23_H
000004a2   RTCCTL23_L
000004b4   RTCDATE
000004b5   RTCDATE_H
000004b4   RTCDATE_L
000004ae   RTCIV
000004ac   RTCPS
000004a8   RTCPS0CTL
000004a9   RTCPS0CTL_H
000004a8   RTCPS0CTL_L
000004aa   RTCPS1CTL
000004ab   RTCPS1CTL_H
000004aa   RTCPS1CTL_L
000004ad   RTCPS_H
000004ac   RTCPS_L
000004b0   RTCTIM0
000004b1   RTCTIM0_H
000004b0   RTCTIM0_L
000004b2   RTCTIM1
000004b3   RTCTIM1_H
000004b2   RTCTIM1_L
000004b6   RTCYEAR
000004b7   RTCYEAR_H
000004b6   RTCYEAR_L
00002882   RTC_AsCharArray
0000285a   RawDataNumber
0000224a   ReceivedData
00015d78   SDCard_fastMode
00015876   SDCard_init
00015a32   SDCard_readFrame
00015b36   SDCard_sendFrame
00015e20   SDCard_setCSHigh
00015e26   SDCard_setCSLow
00000100   SFRIE1
00000101   SFRIE1_H
00000100   SFRIE1_L
00000102   SFRIFG1
00000103   SFRIFG1_H
00000102   SFRIFG1_L
00000104   SFRRPCR
00000105   SFRRPCR_H
00000104   SFRRPCR_L
0000272e   SHRCLK
00002734   SIN
0000278e   SOUT
000004ce   SUMEXT
000004cf   SUMEXT_H
000004ce   SUMEXT_L
00000124   SVSMHCTL
00000125   SVSMHCTL_H
00000124   SVSMHCTL_L
00000128   SVSMIO
00000129   SVSMIO_H
00000128   SVSMIO_L
00000126   SVSMLCTL
00000127   SVSMLCTL_H
00000126   SVSMLCTL_L
00000198   SYSBERRIV
00000199   SYSBERRIV_H
00000198   SYSBERRIV_L
00000182   SYSBSLC
00000183   SYSBSLC_H
00000182   SYSBSLC_L
00000180   SYSCTL
00000181   SYSCTL_H
00000180   SYSCTL_L
00000186   SYSJMBC
00000187   SYSJMBC_H
00000186   SYSJMBC_L
00000188   SYSJMBI0
00000189   SYSJMBI0_H
00000188   SYSJMBI0_L
0000018a   SYSJMBI1
0000018b   SYSJMBI1_H
0000018a   SYSJMBI1_L
0000018c   SYSJMBO0
0000018d   SYSJMBO0_H
0000018c   SYSJMBO0_L
0000018e   SYSJMBO1
0000018f   SYSJMBO1_H
0000018e   SYSJMBO1_L
0000019e   SYSRSTIV
0000019f   SYSRSTIV_H
0000019e   SYSRSTIV_L
0000019c   SYSSNIV
0000019d   SYSSNIV_H
0000019c   SYSSNIV_L
0000019a   SYSUNIV
0000019b   SYSUNIV_H
0000019a   SYSUNIV_L
00002818   Sec_Callback
00015744   SetVcoreUp
00002862   SpectrumDoubleNumber
0000284a   SpectrumInterval
0000285e   SpectrumSingleNumber
00000352   TA0CCR0
00000354   TA0CCR1
00000356   TA0CCR2
00000358   TA0CCR3
0000035a   TA0CCR4
00000342   TA0CCTL0
00000344   TA0CCTL1
00000346   TA0CCTL2
00000348   TA0CCTL3
0000034a   TA0CCTL4
00000340   TA0CTL
00000360   TA0EX0
0000036e   TA0IV
00000350   TA0R
00000392   TA1CCR0
00000394   TA1CCR1
00000396   TA1CCR2
00000382   TA1CCTL0
00000384   TA1CCTL1
00000386   TA1CCTL2
00000380   TA1CTL
000003a0   TA1EX0
000003ae   TA1IV
00000390   TA1R
000003d2   TB0CCR0
000003d4   TB0CCR1
000003d6   TB0CCR2
000003d8   TB0CCR3
000003da   TB0CCR4
000003dc   TB0CCR5
000003de   TB0CCR6
000003c2   TB0CCTL0
000003c4   TB0CCTL1
000003c6   TB0CCTL2
000003c8   TB0CCTL3
000003ca   TB0CCTL4
000003cc   TB0CCTL5
000003ce   TB0CCTL6
000003c0   TB0CTL
000003e0   TB0EX0
000003ee   TB0IV
000003d0   TB0R
00002722   TCLK
00002776   TEST
0000273a   TIN
00002788   TOUT
0000277c   TS1
00002782   TS2
000027a8   TriggeredChannels
000005d0   UCA0ABCTL
000005c6   UCA0BRW
000005c7   UCA0BRW_H
000005c6   UCA0BRW_L
000005c0   UCA0CTLW0
000005c1   UCA0CTLW0_H
000005c0   UCA0CTLW0_L
000005dc   UCA0ICTL
000005dd   UCA0ICTL_H
000005dc   UCA0ICTL_L
000005d2   UCA0IRCTL
000005d3   UCA0IRCTL_H
000005d2   UCA0IRCTL_L
000005de   UCA0IV
000005c8   UCA0MCTL
000005cc   UCA0RXBUF
000005ca   UCA0STAT
000005ce   UCA0TXBUF
00000610   UCA1ABCTL
00000606   UCA1BRW
00000607   UCA1BRW_H
00000606   UCA1BRW_L
00000600   UCA1CTLW0
00000601   UCA1CTLW0_H
00000600   UCA1CTLW0_L
0000061c   UCA1ICTL
0000061d   UCA1ICTL_H
0000061c   UCA1ICTL_L
00000612   UCA1IRCTL
00000613   UCA1IRCTL_H
00000612   UCA1IRCTL_L
0000061e   UCA1IV
00000608   UCA1MCTL
0000060c   UCA1RXBUF
0000060a   UCA1STAT
0000060e   UCA1TXBUF
00000650   UCA2ABCTL
00000646   UCA2BRW
00000647   UCA2BRW_H
00000646   UCA2BRW_L
00000640   UCA2CTLW0
00000641   UCA2CTLW0_H
00000640   UCA2CTLW0_L
0000065c   UCA2ICTL
0000065d   UCA2ICTL_H
0000065c   UCA2ICTL_L
00000652   UCA2IRCTL
00000653   UCA2IRCTL_H
00000652   UCA2IRCTL_L
0000065e   UCA2IV
00000648   UCA2MCTL
0000064c   UCA2RXBUF
0000064a   UCA2STAT
0000064e   UCA2TXBUF
00000690   UCA3ABCTL
00000686   UCA3BRW
00000687   UCA3BRW_H
00000686   UCA3BRW_L
00000680   UCA3CTLW0
00000681   UCA3CTLW0_H
00000680   UCA3CTLW0_L
0000069c   UCA3ICTL
0000069d   UCA3ICTL_H
0000069c   UCA3ICTL_L
00000692   UCA3IRCTL
00000693   UCA3IRCTL_H
00000692   UCA3IRCTL_L
0000069e   UCA3IV
00000688   UCA3MCTL
0000068c   UCA3RXBUF
0000068a   UCA3STAT
0000068e   UCA3TXBUF
000005e6   UCB0BRW
000005e7   UCB0BRW_H
000005e6   UCB0BRW_L
000005e0   UCB0CTLW0
000005e1   UCB0CTLW0_H
000005e0   UCB0CTLW0_L
000005f0   UCB0I2COA
000005f1   UCB0I2COA_H
000005f0   UCB0I2COA_L
000005f2   UCB0I2CSA
000005f3   UCB0I2CSA_H
000005f2   UCB0I2CSA_L
000005fc   UCB0ICTL
000005fd   UCB0ICTL_H
000005fc   UCB0ICTL_L
000005fe   UCB0IV
000005ec   UCB0RXBUF
000005ea   UCB0STAT
000005ee   UCB0TXBUF
00000626   UCB1BRW
00000627   UCB1BRW_H
00000626   UCB1BRW_L
00000620   UCB1CTLW0
00000621   UCB1CTLW0_H
00000620   UCB1CTLW0_L
00000630   UCB1I2COA
00000631   UCB1I2COA_H
00000630   UCB1I2COA_L
00000632   UCB1I2CSA
00000633   UCB1I2CSA_H
00000632   UCB1I2CSA_L
0000063c   UCB1ICTL
0000063d   UCB1ICTL_H
0000063c   UCB1ICTL_L
0000063e   UCB1IV
0000062c   UCB1RXBUF
0000062a   UCB1STAT
0000062e   UCB1TXBUF
00000666   UCB2BRW
00000667   UCB2BRW_H
00000666   UCB2BRW_L
00000660   UCB2CTLW0
00000661   UCB2CTLW0_H
00000660   UCB2CTLW0_L
00000670   UCB2I2COA
00000671   UCB2I2COA_H
00000670   UCB2I2COA_L
00000672   UCB2I2CSA
00000673   UCB2I2CSA_H
00000672   UCB2I2CSA_L
0000067c   UCB2ICTL
0000067d   UCB2ICTL_H
0000067c   UCB2ICTL_L
0000067e   UCB2IV
0000066c   UCB2RXBUF
0000066a   UCB2STAT
0000066e   UCB2TXBUF
000006a6   UCB3BRW
000006a7   UCB3BRW_H
000006a6   UCB3BRW_L
000006a0   UCB3CTLW0
000006a1   UCB3CTLW0_H
000006a0   UCB3CTLW0_L
000006b0   UCB3I2COA
000006b1   UCB3I2COA_H
000006b0   UCB3I2COA_L
000006b2   UCB3I2CSA
000006b3   UCB3I2CSA_H
000006b2   UCB3I2CSA_L
000006bc   UCB3ICTL
000006bd   UCB3ICTL_H
000006bc   UCB3ICTL_L
000006be   UCB3IV
000006ac   UCB3RXBUF
000006aa   UCB3STAT
000006ae   UCB3TXBUF
00000160   UCSCTL0
00000161   UCSCTL0_H
00000160   UCSCTL0_L
00000162   UCSCTL1
00000163   UCSCTL1_H
00000162   UCSCTL1_L
00000164   UCSCTL2
00000165   UCSCTL2_H
00000164   UCSCTL2_L
00000166   UCSCTL3
00000167   UCSCTL3_H
00000166   UCSCTL3_L
00000168   UCSCTL4
00000169   UCSCTL4_H
00000168   UCSCTL4_L
0000016a   UCSCTL5
0000016b   UCSCTL5_H
0000016a   UCSCTL5_L
0000016c   UCSCTL6
0000016d   UCSCTL6_H
0000016c   UCSCTL6_L
0000016e   UCSCTL7
0000016f   UCSCTL7_H
0000016e   UCSCTL7_L
00000170   UCSCTL8
00000171   UCSCTL8_H
00000170   UCSCTL8_L
0000015c   WDTCTL
0000015d   WDTCTL_H
0000015c   WDTCTL_L
00002858   WDTNumber
00013f60   _Z10AddRawDataPhjm
00015e10   _Z10disableSecv
00013e34   _Z11ReadRawDataPhjmm
00014670   _Z11ReportEvent13StatusReports
00012e3a   _Z12TS_Interruptv
000159f6   _Z13CommandVectorhPhj
00011626   _Z13GetSystemInfoPhR14Operation_ModeRjS2_RmS3_S3_S3_
0001322c   _Z16RunOperationMode14Operation_Mode
00011986   _Z16UpdateSystemInfoPh14Operation_Modejjmmmm
00014976   _Z17getRTCasByteArrayPh
00014c4c   _Z18AssembleDataPacketPhj
00015646   _Z18RTCSecondInterruptv
00010000   _Z18UARTCommandHandler9UART_Mode
000150a6   _Z20ADCACQTimerInterruptv
00015b64   _Z24CompareCharArrayToStringPhPKcj
00015c94   _Z34DetermineNumberOfTriggeredChannelsPhh
00015cb0   _Z5delayj
00005dda   _Z7RTC_ISRv
000157e2   _Z7UlToStrPcmh
00015aa0   _Z7initRTCiiiiiii
00015b06   _Z8fat_initv
00015e18   _Z8startRTCv
00015df0   _Z9enableSecPFvvE
0000244a   _ZN6MSP43010DataBufferE
00002870   _ZN6MSP43010TA0CounterE
00002874   _ZN6MSP43010TA1CounterE
00002878   _ZN6MSP43010TB0CounterE
00002898   _ZN6MSP43010UART_PhaseE
00002892   _ZN6MSP43011DataCounterE
0000287a   _ZN6MSP43011TA0_1PeriodE
0000287e   _ZN6MSP43011TA1_1PeriodE
00005c00   _ZN6MSP43011USCI_A0_ISREv
0000280c   _ZN6MSP43012HeaderBufferE
0000287c   _ZN6MSP43012TA0_1CounterE
00002880   _ZN6MSP43012TA1_1CounterE
0000281c   _ZN6MSP43013CommandVectorE
00002894   _ZN6MSP43013HeaderCounterE
00005d56   _ZN6MSP43013TIMER0_A0_ISREv
00005e04   _ZN6MSP43013TIMER0_B0_ISREv
00005d98   _ZN6MSP43013TIMER1_A1_ISREv
00002897   _ZN6MSP43015IsDataExcpectedE
0000289c   _ZN6MSP43016ADCInterruptFlagE
0000286c   _ZN6MSP43016SelectedTA0TimerE
0000286d   _ZN6MSP43016SelectedTA1TimerE
00002820   _ZN6MSP43016TimerA0InterruptE
00002824   _ZN6MSP43016TimerA1InterruptE
00002828   _ZN6MSP43016TimerB0InterruptE
0000282c   _ZN6MSP43018TimerA0_1InterruptE
00002830   _ZN6MSP43018TimerA1_1InterruptE
0000289d   _ZN6MSP4301iE
00002834   _ZN6MSP43020interruptVectorPORT2E
000158bc   _ZN6MSP4303ADC15SingleReadValueENS_10ADCChannelE
00015240   _ZN6MSP4303ADC17SingleReadVoltageENS_10ADCChannelE
0001341c   _ZN6MSP4303ADC24ReadAllValuesToCharArrayEPh
0001582e   _ZN6MSP4303ADC26SingleReadValueAsCharArrayENS_10ADCChannelE
00015e4e   _ZN6MSP4303ADCC1Ev
00015e4e   _ZN6MSP4303ADCC2Ev
0001473e   _ZN6MSP4304UART4SendEPhj
00014a30   _ZN6MSP4304UARTC1ENS_3BUSEmPFvhPhjE
00014a30   _ZN6MSP4304UARTC2ENS_3BUSEmPFvhPhjE
00011c9c   _ZN6MSP4304rena11CheckConfigEv
000107e4   _ZN6MSP4304rena13ConfigureRenaEPNS_13channelconfigEhNS_6pulsarES3_S3_
00015132   _ZN6MSP4304rena9ReloadSINEmjNS_6pulsarES1_Ph
00015e50   _ZN6MSP4304renaC1Ev
00015e50   _ZN6MSP4304renaC2Ev
0001541c   _ZN6MSP4305Timer4StopEv
00014d9c   _ZN6MSP4305Timer5StartEj
0001569c   _ZN6MSP4305TimerC1ENS_5TIMEREPFvvE
0001569c   _ZN6MSP4305TimerC2ENS_5TIMEREPFvvE
0000289a   _ZN6MSP4305ValueE
00005e3e   _ZN6MSP4306Port_2Ev
00015de2   _ZN6MSP4306pulsar15EnableInterruptEv
000152be   _ZN6MSP4306pulsar16GenerateSHRClockEmjS0_Ph
00015bea   _ZN6MSP4306pulsar3getEv
00015c76   _ZN6MSP4306pulsar3setEb
00015ce2   _ZN6MSP4306pulsarC1EPhh
00015794   _ZN6MSP4306pulsarC1EPhhNS_13InterruptTypeEPFvvE
00015b92   _ZN6MSP4306pulsarC1EPhhb
00015ce2   _ZN6MSP4306pulsarC2EPhh
00015794   _ZN6MSP4306pulsarC2EPhhNS_13InterruptTypeEPFvvE
00015b92   _ZN6MSP4306pulsarC2EPhhb
00005e54   _ZN6MSP4309ADC12_ISREv
0000283e   _ZN6MSP4309CharValueE
00002896   _ZN6MSP4309DataReadyE
0000286e   _ZN6MSP4309TA0PeriodE
00002872   _ZN6MSP4309TA1PeriodE
00002876   _ZN6MSP4309TB0PeriodE
00002890   _ZN6MSP4309TotalDataE
00005c00   __STACK_END
000000a0   __STACK_SIZE
00005fb6   __TI_CINIT_Base
00005fc6   __TI_CINIT_Limit
00005fa4   __TI_Handler_Table_Base
00005fb0   __TI_Handler_Table_Limit
00005e68   __TI_INITARRAY_Base
00005e6c   __TI_INITARRAY_Limit
00015e2c   __TI_ISR_TRAP
00000001   __TI_args_main
00015d8a   __TI_decompress_none
00015e38   __TI_decompress_rle24
00000001   __TI_exit
000111d4   __TI_frcdivd
00011fa0   __TI_frcmpyd
0000ffd2   __TI_int41
0000ffd4   __TI_int42
0000ffd6   __TI_int43
0000ffd8   __TI_int44
0000ffda   __TI_int45
0000ffdc   __TI_int46
0000ffde   __TI_int47
0000ffe0   __TI_int48
0000ffe2   __TI_int49
0000ffe4   __TI_int50
0000ffe6   __TI_int51
0000ffe8   __TI_int52
0000ffea   __TI_int53
0000ffec   __TI_int54
0000ffee   __TI_int55
0000fff0   __TI_int56
0000fff2   __TI_int57
0000fff4   __TI_int58
0000fff6   __TI_int59
0000fff8   __TI_int60
0000fffa   __TI_int61
0000fffc   __TI_int62
00015c10   __TI_zero_init
ffffffff   __binit__
ffffffff   __c_args__
00014598   __mspabi_cmpd
00012c18   __mspabi_divd
00015596   __mspabi_divul
00015e32   __mspabi_fltud
00015338   __mspabi_fltuld
00012522   __mspabi_mpyd
00015d3a   __mspabi_mpyi_f5hw
00015c34   __mspabi_mpyl_f5hw
00015596   __mspabi_remul
00015dd2   __mspabi_slll
000159b2   __mspabi_slll_1
0001598e   __mspabi_slll_10
0001598a   __mspabi_slll_11
00015986   __mspabi_slll_12
00015982   __mspabi_slll_13
0001597e   __mspabi_slll_14
0001597a   __mspabi_slll_15
000159ae   __mspabi_slll_2
000159aa   __mspabi_slll_3
000159a6   __mspabi_slll_4
000159a2   __mspabi_slll_5
0001599e   __mspabi_slll_6
0001599a   __mspabi_slll_7
00015996   __mspabi_slll_8
00015992   __mspabi_slll_9
00015e06   __mspabi_srai
00015974   __mspabi_sral_1
00015950   __mspabi_sral_10
0001594c   __mspabi_sral_11
00015948   __mspabi_sral_12
00015944   __mspabi_sral_13
00015940   __mspabi_sral_14
0001593c   __mspabi_sral_15
00015970   __mspabi_sral_2
0001596c   __mspabi_sral_3
00015968   __mspabi_sral_4
00015964   __mspabi_sral_5
00015960   __mspabi_sral_6
0001595c   __mspabi_sral_7
00015958   __mspabi_sral_8
00015954   __mspabi_sral_9
000159f0   __mspabi_srll_1
000159cc   __mspabi_srll_10
000159c8   __mspabi_srll_11
000159c4   __mspabi_srll_12
000159c0   __mspabi_srll_13
000159bc   __mspabi_srll_14
000159b8   __mspabi_srll_15
000159ec   __mspabi_srll_2
000159e8   __mspabi_srll_3
000159e4   __mspabi_srll_4
000159e0   __mspabi_srll_5
000159dc   __mspabi_srll_6
000159d8   __mspabi_srll_7
000159d4   __mspabi_srll_8
000159d0   __mspabi_srll_9
000135dc   __sti___8_main_cpp_TCLK
000153ae   _auto_init_hold_wdt
00005e24   _c_int00
00005e24   _c_int00_noexit
0000fffe   _reset_vector
00005b60   _stack
000154e0   _system_pre_init
00015e4a   abort
0000279a   adc
ffffffff   binit
000158fe   clust2sect
000027f0   dir
00013a7a   disk_initialize
000143b8   disk_ioctl
00014f80   disk_read
00015c56   disk_status
000148ba   disk_write
00002840   errCode
00015d0e   f_close
000127a4   f_lseek
00015ad4   f_mount
000129f4   f_open
00014cf4   f_opendir
0001303a   f_read
00014e40   f_sync
00012284   f_write
00001c00   fatfs
000027cc   file
00013bbe   get_fat
00015dfc   get_fattime
000141aa   main
00015d64   memcpy
00015d24   memset
000027a6   pc
00013770   put_fat
00002838   rtcAlarm_Callback


GLOBAL SYMBOLS: SORTED BY Symbol Address 

address    name
--------   ----
00000001   __TI_args_main
00000001   __TI_exit
000000a0   __STACK_SIZE
00000100   SFRIE1
00000100   SFRIE1_L
00000101   SFRIE1_H
00000102   SFRIFG1
00000102   SFRIFG1_L
00000103   SFRIFG1_H
00000104   SFRRPCR
00000104   SFRRPCR_L
00000105   SFRRPCR_H
00000120   PMMCTL0
00000120   PMMCTL0_L
00000121   PMMCTL0_H
00000122   PMMCTL1
00000122   PMMCTL1_L
00000123   PMMCTL1_H
00000124   SVSMHCTL
00000124   SVSMHCTL_L
00000125   SVSMHCTL_H
00000126   SVSMLCTL
00000126   SVSMLCTL_L
00000127   SVSMLCTL_H
00000128   SVSMIO
00000128   SVSMIO_L
00000129   SVSMIO_H
0000012c   PMMIFG
0000012c   PMMIFG_L
0000012d   PMMIFG_H
0000012e   PMMRIE
0000012e   PMMRIE_L
0000012f   PMMRIE_H
00000130   PM5CTL0
00000130   PM5CTL0_L
00000131   PM5CTL0_H
00000140   FCTL1
00000140   FCTL1_L
00000141   FCTL1_H
00000144   FCTL3
00000144   FCTL3_L
00000145   FCTL3_H
00000146   FCTL4
00000146   FCTL4_L
00000147   FCTL4_H
00000150   CRCDI
00000150   CRCDI_L
00000151   CRCDI_H
00000152   CRCDIRB
00000152   CRCDIRB_L
00000153   CRCDIRB_H
00000154   CRCINIRES
00000154   CRCINIRES_L
00000155   CRCINIRES_H
00000156   CRCRESR
00000156   CRCRESR_L
00000157   CRCRESR_H
00000158   RCCTL0
00000158   RCCTL0_L
00000159   RCCTL0_H
0000015c   WDTCTL
0000015c   WDTCTL_L
0000015d   WDTCTL_H
00000160   UCSCTL0
00000160   UCSCTL0_L
00000161   UCSCTL0_H
00000162   UCSCTL1
00000162   UCSCTL1_L
00000163   UCSCTL1_H
00000164   UCSCTL2
00000164   UCSCTL2_L
00000165   UCSCTL2_H
00000166   UCSCTL3
00000166   UCSCTL3_L
00000167   UCSCTL3_H
00000168   UCSCTL4
00000168   UCSCTL4_L
00000169   UCSCTL4_H
0000016a   UCSCTL5
0000016a   UCSCTL5_L
0000016b   UCSCTL5_H
0000016c   UCSCTL6
0000016c   UCSCTL6_L
0000016d   UCSCTL6_H
0000016e   UCSCTL7
0000016e   UCSCTL7_L
0000016f   UCSCTL7_H
00000170   UCSCTL8
00000170   UCSCTL8_L
00000171   UCSCTL8_H
00000180   SYSCTL
00000180   SYSCTL_L
00000181   SYSCTL_H
00000182   SYSBSLC
00000182   SYSBSLC_L
00000183   SYSBSLC_H
00000186   SYSJMBC
00000186   SYSJMBC_L
00000187   SYSJMBC_H
00000188   SYSJMBI0
00000188   SYSJMBI0_L
00000189   SYSJMBI0_H
0000018a   SYSJMBI1
0000018a   SYSJMBI1_L
0000018b   SYSJMBI1_H
0000018c   SYSJMBO0
0000018c   SYSJMBO0_L
0000018d   SYSJMBO0_H
0000018e   SYSJMBO1
0000018e   SYSJMBO1_L
0000018f   SYSJMBO1_H
00000198   SYSBERRIV
00000198   SYSBERRIV_L
00000199   SYSBERRIV_H
0000019a   SYSUNIV
0000019a   SYSUNIV_L
0000019b   SYSUNIV_H
0000019c   SYSSNIV
0000019c   SYSSNIV_L
0000019d   SYSSNIV_H
0000019e   SYSRSTIV
0000019e   SYSRSTIV_L
0000019f   SYSRSTIV_H
000001b0   REFCTL0
000001b0   REFCTL0_L
000001b1   REFCTL0_H
00000200   PAIN
00000200   PAIN_L
00000201   PAIN_H
00000202   PAOUT
00000202   PAOUT_L
00000203   PAOUT_H
00000204   PADIR
00000204   PADIR_L
00000205   PADIR_H
00000206   PAREN
00000206   PAREN_L
00000207   PAREN_H
00000208   PADS
00000208   PADS_L
00000209   PADS_H
0000020a   PASEL
0000020a   PASEL_L
0000020b   PASEL_H
0000020e   P1IV
00000218   PAIES
00000218   PAIES_L
00000219   PAIES_H
0000021a   PAIE
0000021a   PAIE_L
0000021b   PAIE_H
0000021c   PAIFG
0000021c   PAIFG_L
0000021d   PAIFG_H
0000021e   P2IV
00000220   PBIN
00000220   PBIN_L
00000221   PBIN_H
00000222   PBOUT
00000222   PBOUT_L
00000223   PBOUT_H
00000224   PBDIR
00000224   PBDIR_L
00000225   PBDIR_H
00000226   PBREN
00000226   PBREN_L
00000227   PBREN_H
00000228   PBDS
00000228   PBDS_L
00000229   PBDS_H
0000022a   PBSEL
0000022a   PBSEL_L
0000022b   PBSEL_H
00000240   PCIN
00000240   PCIN_L
00000241   PCIN_H
00000242   PCOUT
00000242   PCOUT_L
00000243   PCOUT_H
00000244   PCDIR
00000244   PCDIR_L
00000245   PCDIR_H
00000246   PCREN
00000246   PCREN_L
00000247   PCREN_H
00000248   PCDS
00000248   PCDS_L
00000249   PCDS_H
0000024a   PCSEL
0000024a   PCSEL_L
0000024b   PCSEL_H
00000260   PDIN
00000260   PDIN_L
00000261   PDIN_H
00000262   PDOUT
00000262   PDOUT_L
00000263   PDOUT_H
00000264   PDDIR
00000264   PDDIR_L
00000265   PDDIR_H
00000266   PDREN
00000266   PDREN_L
00000267   PDREN_H
00000268   PDDS
00000268   PDDS_L
00000269   PDDS_H
0000026a   PDSEL
0000026a   PDSEL_L
0000026b   PDSEL_H
00000280   PEIN
00000280   PEIN_L
00000281   PEIN_H
00000282   PEOUT
00000282   PEOUT_L
00000283   PEOUT_H
00000284   PEDIR
00000284   PEDIR_L
00000285   PEDIR_H
00000286   PEREN
00000286   PEREN_L
00000287   PEREN_H
00000288   PEDS
00000288   PEDS_L
00000289   PEDS_H
0000028a   PESEL
0000028a   PESEL_L
0000028b   PESEL_H
000002a0   PFIN
000002a0   PFIN_L
000002a1   PFIN_H
000002a2   PFOUT
000002a2   PFOUT_L
000002a3   PFOUT_H
000002a4   PFDIR
000002a4   PFDIR_L
000002a5   PFDIR_H
000002a6   PFREN
000002a6   PFREN_L
000002a7   PFREN_H
000002a8   PFDS
000002a8   PFDS_L
000002a9   PFDS_H
000002aa   PFSEL
000002aa   PFSEL_L
000002ab   PFSEL_H
00000320   PJIN
00000320   PJIN_L
00000321   PJIN_H
00000322   PJOUT
00000322   PJOUT_L
00000323   PJOUT_H
00000324   PJDIR
00000324   PJDIR_L
00000325   PJDIR_H
00000326   PJREN
00000326   PJREN_L
00000327   PJREN_H
00000328   PJDS
00000328   PJDS_L
00000329   PJDS_H
00000340   TA0CTL
00000342   TA0CCTL0
00000344   TA0CCTL1
00000346   TA0CCTL2
00000348   TA0CCTL3
0000034a   TA0CCTL4
00000350   TA0R
00000352   TA0CCR0
00000354   TA0CCR1
00000356   TA0CCR2
00000358   TA0CCR3
0000035a   TA0CCR4
00000360   TA0EX0
0000036e   TA0IV
00000380   TA1CTL
00000382   TA1CCTL0
00000384   TA1CCTL1
00000386   TA1CCTL2
00000390   TA1R
00000392   TA1CCR0
00000394   TA1CCR1
00000396   TA1CCR2
000003a0   TA1EX0
000003ae   TA1IV
000003c0   TB0CTL
000003c2   TB0CCTL0
000003c4   TB0CCTL1
000003c6   TB0CCTL2
000003c8   TB0CCTL3
000003ca   TB0CCTL4
000003cc   TB0CCTL5
000003ce   TB0CCTL6
000003d0   TB0R
000003d2   TB0CCR0
000003d4   TB0CCR1
000003d6   TB0CCR2
000003d8   TB0CCR3
000003da   TB0CCR4
000003dc   TB0CCR5
000003de   TB0CCR6
000003e0   TB0EX0
000003ee   TB0IV
000004a0   RTCCTL01
000004a0   RTCCTL01_L
000004a1   RTCCTL01_H
000004a2   RTCCTL23
000004a2   RTCCTL23_L
000004a3   RTCCTL23_H
000004a8   RTCPS0CTL
000004a8   RTCPS0CTL_L
000004a9   RTCPS0CTL_H
000004aa   RTCPS1CTL
000004aa   RTCPS1CTL_L
000004ab   RTCPS1CTL_H
000004ac   RTCPS
000004ac   RTCPS_L
000004ad   RTCPS_H
000004ae   RTCIV
000004b0   RTCTIM0
000004b0   RTCTIM0_L
000004b1   RTCTIM0_H
000004b2   RTCTIM1
000004b2   RTCTIM1_L
000004b3   RTCTIM1_H
000004b4   RTCDATE
000004b4   RTCDATE_L
000004b5   RTCDATE_H
000004b6   RTCYEAR
000004b6   RTCYEAR_L
000004b7   RTCYEAR_H
000004b8   RTCAMINHR
000004b8   RTCAMINHR_L
000004b9   RTCAMINHR_H
000004ba   RTCADOWDAY
000004ba   RTCADOWDAY_L
000004bb   RTCADOWDAY_H
000004c0   MPY
000004c0   MPY_L
000004c1   MPY_H
000004c2   MPYS
000004c2   MPYS_L
000004c3   MPYS_H
000004c4   MAC
000004c4   MAC_L
000004c5   MAC_H
000004c6   MACS
000004c6   MACS_L
000004c7   MACS_H
000004c8   OP2
000004c8   OP2_L
000004c9   OP2_H
000004ca   RESLO
000004ca   RESLO_L
000004cb   RESLO_H
000004cc   RESHI
000004cc   RESHI_L
000004cd   RESHI_H
000004ce   SUMEXT
000004ce   SUMEXT_L
000004cf   SUMEXT_H
000004d0   MPY32L
000004d0   MPY32L_L
000004d1   MPY32L_H
000004d2   MPY32H
000004d2   MPY32H_L
000004d3   MPY32H_H
000004d4   MPYS32L
000004d4   MPYS32L_L
000004d5   MPYS32L_H
000004d6   MPYS32H
000004d6   MPYS32H_L
000004d7   MPYS32H_H
000004d8   MAC32L
000004d8   MAC32L_L
000004d9   MAC32L_H
000004da   MAC32H
000004da   MAC32H_L
000004db   MAC32H_H
000004dc   MACS32L
000004dc   MACS32L_L
000004dd   MACS32L_H
000004de   MACS32H
000004de   MACS32H_L
000004df   MACS32H_H
000004e0   OP2L
000004e0   OP2L_L
000004e1   OP2L_H
000004e2   OP2H
000004e2   OP2H_L
000004e3   OP2H_H
000004e4   RES0
000004e4   RES0_L
000004e5   RES0_H
000004e6   RES1
000004e6   RES1_L
000004e7   RES1_H
000004e8   RES2
000004e8   RES2_L
000004e9   RES2_H
000004ea   RES3
000004ea   RES3_L
000004eb   RES3_H
000004ec   MPY32CTL0
000004ec   MPY32CTL0_L
000004ed   MPY32CTL0_H
00000500   DMACTL0
00000500   DMACTL0_L
00000501   DMACTL0_H
00000502   DMACTL1
00000502   DMACTL1_L
00000503   DMACTL1_H
00000504   DMACTL2
00000504   DMACTL2_L
00000505   DMACTL2_H
00000506   DMACTL3
00000506   DMACTL3_L
00000507   DMACTL3_H
00000508   DMACTL4
00000508   DMACTL4_L
00000509   DMACTL4_H
0000050e   DMAIV
0000050e   DMAIV_L
0000050f   DMAIV_H
00000510   DMA0CTL
00000510   DMA0CTL_L
00000511   DMA0CTL_H
00000512   DMA0SA
00000512   DMA0SAL
00000516   DMA0DA
00000516   DMA0DAL
0000051a   DMA0SZ
00000520   DMA1CTL
00000520   DMA1CTL_L
00000521   DMA1CTL_H
00000522   DMA1SA
00000522   DMA1SAL
00000526   DMA1DA
00000526   DMA1DAL
0000052a   DMA1SZ
00000530   DMA2CTL
00000530   DMA2CTL_L
00000531   DMA2CTL_H
00000532   DMA2SA
00000532   DMA2SAL
00000536   DMA2DA
00000536   DMA2DAL
0000053a   DMA2SZ
000005c0   UCA0CTLW0
000005c0   UCA0CTLW0_L
000005c1   UCA0CTLW0_H
000005c6   UCA0BRW
000005c6   UCA0BRW_L
000005c7   UCA0BRW_H
000005c8   UCA0MCTL
000005ca   UCA0STAT
000005cc   UCA0RXBUF
000005ce   UCA0TXBUF
000005d0   UCA0ABCTL
000005d2   UCA0IRCTL
000005d2   UCA0IRCTL_L
000005d3   UCA0IRCTL_H
000005dc   UCA0ICTL
000005dc   UCA0ICTL_L
000005dd   UCA0ICTL_H
000005de   UCA0IV
000005e0   UCB0CTLW0
000005e0   UCB0CTLW0_L
000005e1   UCB0CTLW0_H
000005e6   UCB0BRW
000005e6   UCB0BRW_L
000005e7   UCB0BRW_H
000005ea   UCB0STAT
000005ec   UCB0RXBUF
000005ee   UCB0TXBUF
000005f0   UCB0I2COA
000005f0   UCB0I2COA_L
000005f1   UCB0I2COA_H
000005f2   UCB0I2CSA
000005f2   UCB0I2CSA_L
000005f3   UCB0I2CSA_H
000005fc   UCB0ICTL
000005fc   UCB0ICTL_L
000005fd   UCB0ICTL_H
000005fe   UCB0IV
00000600   UCA1CTLW0
00000600   UCA1CTLW0_L
00000601   UCA1CTLW0_H
00000606   UCA1BRW
00000606   UCA1BRW_L
00000607   UCA1BRW_H
00000608   UCA1MCTL
0000060a   UCA1STAT
0000060c   UCA1RXBUF
0000060e   UCA1TXBUF
00000610   UCA1ABCTL
00000612   UCA1IRCTL
00000612   UCA1IRCTL_L
00000613   UCA1IRCTL_H
0000061c   UCA1ICTL
0000061c   UCA1ICTL_L
0000061d   UCA1ICTL_H
0000061e   UCA1IV
00000620   UCB1CTLW0
00000620   UCB1CTLW0_L
00000621   UCB1CTLW0_H
00000626   UCB1BRW
00000626   UCB1BRW_L
00000627   UCB1BRW_H
0000062a   UCB1STAT
0000062c   UCB1RXBUF
0000062e   UCB1TXBUF
00000630   UCB1I2COA
00000630   UCB1I2COA_L
00000631   UCB1I2COA_H
00000632   UCB1I2CSA
00000632   UCB1I2CSA_L
00000633   UCB1I2CSA_H
0000063c   UCB1ICTL
0000063c   UCB1ICTL_L
0000063d   UCB1ICTL_H
0000063e   UCB1IV
00000640   UCA2CTLW0
00000640   UCA2CTLW0_L
00000641   UCA2CTLW0_H
00000646   UCA2BRW
00000646   UCA2BRW_L
00000647   UCA2BRW_H
00000648   UCA2MCTL
0000064a   UCA2STAT
0000064c   UCA2RXBUF
0000064e   UCA2TXBUF
00000650   UCA2ABCTL
00000652   UCA2IRCTL
00000652   UCA2IRCTL_L
00000653   UCA2IRCTL_H
0000065c   UCA2ICTL
0000065c   UCA2ICTL_L
0000065d   UCA2ICTL_H
0000065e   UCA2IV
00000660   UCB2CTLW0
00000660   UCB2CTLW0_L
00000661   UCB2CTLW0_H
00000666   UCB2BRW
00000666   UCB2BRW_L
00000667   UCB2BRW_H
0000066a   UCB2STAT
0000066c   UCB2RXBUF
0000066e   UCB2TXBUF
00000670   UCB2I2COA
00000670   UCB2I2COA_L
00000671   UCB2I2COA_H
00000672   UCB2I2CSA
00000672   UCB2I2CSA_L
00000673   UCB2I2CSA_H
0000067c   UCB2ICTL
0000067c   UCB2ICTL_L
0000067d   UCB2ICTL_H
0000067e   UCB2IV
00000680   UCA3CTLW0
00000680   UCA3CTLW0_L
00000681   UCA3CTLW0_H
00000686   UCA3BRW
00000686   UCA3BRW_L
00000687   UCA3BRW_H
00000688   UCA3MCTL
0000068a   UCA3STAT
0000068c   UCA3RXBUF
0000068e   UCA3TXBUF
00000690   UCA3ABCTL
00000692   UCA3IRCTL
00000692   UCA3IRCTL_L
00000693   UCA3IRCTL_H
0000069c   UCA3ICTL
0000069c   UCA3ICTL_L
0000069d   UCA3ICTL_H
0000069e   UCA3IV
000006a0   UCB3CTLW0
000006a0   UCB3CTLW0_L
000006a1   UCB3CTLW0_H
000006a6   UCB3BRW
000006a6   UCB3BRW_L
000006a7   UCB3BRW_H
000006aa   UCB3STAT
000006ac   UCB3RXBUF
000006ae   UCB3TXBUF
000006b0   UCB3I2COA
000006b0   UCB3I2COA_L
000006b1   UCB3I2COA_H
000006b2   UCB3I2CSA
000006b2   UCB3I2CSA_L
000006b3   UCB3I2CSA_H
000006bc   UCB3ICTL
000006bc   UCB3ICTL_L
000006bd   UCB3ICTL_H
000006be   UCB3IV
00000700   ADC12CTL0
00000700   ADC12CTL0_L
00000701   ADC12CTL0_H
00000702   ADC12CTL1
00000702   ADC12CTL1_L
00000703   ADC12CTL1_H
00000704   ADC12CTL2
00000704   ADC12CTL2_L
00000705   ADC12CTL2_H
0000070a   ADC12IFG
0000070a   ADC12IFG_L
0000070b   ADC12IFG_H
0000070c   ADC12IE
0000070c   ADC12IE_L
0000070d   ADC12IE_H
0000070e   ADC12IV
0000070e   ADC12IV_L
0000070f   ADC12IV_H
00000710   ADC12MCTL0
00000711   ADC12MCTL1
00000712   ADC12MCTL2
00000713   ADC12MCTL3
00000714   ADC12MCTL4
00000715   ADC12MCTL5
00000716   ADC12MCTL6
00000717   ADC12MCTL7
00000718   ADC12MCTL8
00000719   ADC12MCTL9
0000071a   ADC12MCTL10
0000071b   ADC12MCTL11
0000071c   ADC12MCTL12
0000071d   ADC12MCTL13
0000071e   ADC12MCTL14
0000071f   ADC12MCTL15
00000720   ADC12MEM0
00000720   ADC12MEM0_L
00000721   ADC12MEM0_H
00000722   ADC12MEM1
00000722   ADC12MEM1_L
00000723   ADC12MEM1_H
00000724   ADC12MEM2
00000724   ADC12MEM2_L
00000725   ADC12MEM2_H
00000726   ADC12MEM3
00000726   ADC12MEM3_L
00000727   ADC12MEM3_H
00000728   ADC12MEM4
00000728   ADC12MEM4_L
00000729   ADC12MEM4_H
0000072a   ADC12MEM5
0000072a   ADC12MEM5_L
0000072b   ADC12MEM5_H
0000072c   ADC12MEM6
0000072c   ADC12MEM6_L
0000072d   ADC12MEM6_H
0000072e   ADC12MEM7
0000072e   ADC12MEM7_L
0000072f   ADC12MEM7_H
00000730   ADC12MEM8
00000730   ADC12MEM8_L
00000731   ADC12MEM8_H
00000732   ADC12MEM9
00000732   ADC12MEM9_L
00000733   ADC12MEM9_H
00000734   ADC12MEM10
00000734   ADC12MEM10_L
00000735   ADC12MEM10_H
00000736   ADC12MEM11
00000736   ADC12MEM11_L
00000737   ADC12MEM11_H
00000738   ADC12MEM12
00000738   ADC12MEM12_L
00000739   ADC12MEM12_H
0000073a   ADC12MEM13
0000073a   ADC12MEM13_L
0000073b   ADC12MEM13_H
0000073c   ADC12MEM14
0000073c   ADC12MEM14_L
0000073d   ADC12MEM14_H
0000073e   ADC12MEM15
0000073e   ADC12MEM15_L
0000073f   ADC12MEM15_H
00001c00   fatfs
00001e2e   HitBuffer
0000204a   Packet
0000224a   ReceivedData
0000244a   _ZN6MSP43010DataBufferE
0000264a   ChannelConfigs
00002722   TCLK
00002728   READ
0000272e   SHRCLK
00002734   SIN
0000273a   TIN
00002740   CIN
00002746   CSHIFT
0000274c   CS
00002752   CLS
00002758   CLF
0000275e   ACQ
00002764   ENABLE_5V
0000276a   ENABLE_HV
00002770   ENABLE_ADC
00002776   TEST
0000277c   TS1
00002782   TS2
00002788   TOUT
0000278e   SOUT
00002794   OVRFLOW
0000279a   adc
0000279c   ADCACQTimer
0000279e   RENA
000027a6   pc
000027a8   TriggeredChannels
000027cc   file
000027f0   dir
0000280c   _ZN6MSP43012HeaderBufferE
00002818   Sec_Callback
0000281c   _ZN6MSP43013CommandVectorE
00002820   _ZN6MSP43016TimerA0InterruptE
00002824   _ZN6MSP43016TimerA1InterruptE
00002828   _ZN6MSP43016TimerB0InterruptE
0000282c   _ZN6MSP43018TimerA0_1InterruptE
00002830   _ZN6MSP43018TimerA1_1InterruptE
00002834   _ZN6MSP43020interruptVectorPORT2E
00002838   rtcAlarm_Callback
0000283e   _ZN6MSP4309CharValueE
00002840   errCode
00002844   CurrentUARTMode
00002846   MeasurementPeriod
00002848   ACQCompleted
0000284a   SpectrumInterval
00002852   LastOperationMode
00002854   CurrentOperationMode
00002856   ExecutionNumber
00002858   WDTNumber
0000285a   RawDataNumber
0000285e   SpectrumSingleNumber
00002862   SpectrumDoubleNumber
00002866   ConfigNumber
0000286a   HitNumber
0000286c   _ZN6MSP43016SelectedTA0TimerE
0000286d   _ZN6MSP43016SelectedTA1TimerE
0000286e   _ZN6MSP4309TA0PeriodE
00002870   _ZN6MSP43010TA0CounterE
00002872   _ZN6MSP4309TA1PeriodE
00002874   _ZN6MSP43010TA1CounterE
00002876   _ZN6MSP4309TB0PeriodE
00002878   _ZN6MSP43010TB0CounterE
0000287a   _ZN6MSP43011TA0_1PeriodE
0000287c   _ZN6MSP43012TA0_1CounterE
0000287e   _ZN6MSP43011TA1_1PeriodE
00002880   _ZN6MSP43012TA1_1CounterE
00002882   RTC_AsCharArray
00002890   _ZN6MSP4309TotalDataE
00002892   _ZN6MSP43011DataCounterE
00002894   _ZN6MSP43013HeaderCounterE
00002896   _ZN6MSP4309DataReadyE
00002897   _ZN6MSP43015IsDataExcpectedE
00002898   _ZN6MSP43010UART_PhaseE
0000289a   _ZN6MSP4305ValueE
0000289c   _ZN6MSP43016ADCInterruptFlagE
0000289d   _ZN6MSP4301iE
0000289e   INS
00005b60   _stack
00005c00   _ZN6MSP43011USCI_A0_ISREv
00005c00   __STACK_END
00005d56   _ZN6MSP43013TIMER0_A0_ISREv
00005d98   _ZN6MSP43013TIMER1_A1_ISREv
00005dda   _Z7RTC_ISRv
00005e04   _ZN6MSP43013TIMER0_B0_ISREv
00005e24   _c_int00
00005e24   _c_int00_noexit
00005e3e   _ZN6MSP4306Port_2Ev
00005e54   _ZN6MSP4309ADC12_ISREv
00005e68   __TI_INITARRAY_Base
00005e6c   __TI_INITARRAY_Limit
00005fa4   __TI_Handler_Table_Base
00005fb0   __TI_Handler_Table_Limit
00005fb6   __TI_CINIT_Base
00005fc6   __TI_CINIT_Limit
0000ffd2   __TI_int41
0000ffd4   __TI_int42
0000ffd6   __TI_int43
0000ffd8   __TI_int44
0000ffda   __TI_int45
0000ffdc   __TI_int46
0000ffde   __TI_int47
0000ffe0   __TI_int48
0000ffe2   __TI_int49
0000ffe4   __TI_int50
0000ffe6   __TI_int51
0000ffe8   __TI_int52
0000ffea   __TI_int53
0000ffec   __TI_int54
0000ffee   __TI_int55
0000fff0   __TI_int56
0000fff2   __TI_int57
0000fff4   __TI_int58
0000fff6   __TI_int59
0000fff8   __TI_int60
0000fffa   __TI_int61
0000fffc   __TI_int62
0000fffe   _reset_vector
00010000   _Z18UARTCommandHandler9UART_Mode
000107e4   _ZN6MSP4304rena13ConfigureRenaEPNS_13channelconfigEhNS_6pulsarES3_S3_
000111d4   __TI_frcdivd
00011626   _Z13GetSystemInfoPhR14Operation_ModeRjS2_RmS3_S3_S3_
00011986   _Z16UpdateSystemInfoPh14Operation_Modejjmmmm
00011c9c   _ZN6MSP4304rena11CheckConfigEv
00011fa0   __TI_frcmpyd
00012284   f_write
00012522   __mspabi_mpyd
000127a4   f_lseek
000129f4   f_open
00012c18   __mspabi_divd
00012e3a   _Z12TS_Interruptv
0001303a   f_read
0001322c   _Z16RunOperationMode14Operation_Mode
0001341c   _ZN6MSP4303ADC24ReadAllValuesToCharArrayEPh
000135dc   __sti___8_main_cpp_TCLK
00013770   put_fat
00013a7a   disk_initialize
00013bbe   get_fat
00013e34   _Z11ReadRawDataPhjmm
00013f60   _Z10AddRawDataPhjm
000141aa   main
000143b8   disk_ioctl
00014598   __mspabi_cmpd
00014670   _Z11ReportEvent13StatusReports
0001473e   _ZN6MSP4304UART4SendEPhj
000148ba   disk_write
00014976   _Z17getRTCasByteArrayPh
00014a30   _ZN6MSP4304UARTC1ENS_3BUSEmPFvhPhjE
00014a30   _ZN6MSP4304UARTC2ENS_3BUSEmPFvhPhjE
00014c4c   _Z18AssembleDataPacketPhj
00014cf4   f_opendir
00014d9c   _ZN6MSP4305Timer5StartEj
00014e40   f_sync
00014f80   disk_read
000150a6   _Z20ADCACQTimerInterruptv
00015132   _ZN6MSP4304rena9ReloadSINEmjNS_6pulsarES1_Ph
00015240   _ZN6MSP4303ADC17SingleReadVoltageENS_10ADCChannelE
000152be   _ZN6MSP4306pulsar16GenerateSHRClockEmjS0_Ph
00015338   __mspabi_fltuld
000153ae   _auto_init_hold_wdt
0001541c   _ZN6MSP4305Timer4StopEv
000154e0   _system_pre_init
00015596   __mspabi_divul
00015596   __mspabi_remul
00015646   _Z18RTCSecondInterruptv
0001569c   _ZN6MSP4305TimerC1ENS_5TIMEREPFvvE
0001569c   _ZN6MSP4305TimerC2ENS_5TIMEREPFvvE
00015744   SetVcoreUp
00015794   _ZN6MSP4306pulsarC1EPhhNS_13InterruptTypeEPFvvE
00015794   _ZN6MSP4306pulsarC2EPhhNS_13InterruptTypeEPFvvE
000157e2   _Z7UlToStrPcmh
0001582e   _ZN6MSP4303ADC26SingleReadValueAsCharArrayENS_10ADCChannelE
00015876   SDCard_init
000158bc   _ZN6MSP4303ADC15SingleReadValueENS_10ADCChannelE
000158fe   clust2sect
0001593c   __mspabi_sral_15
00015940   __mspabi_sral_14
00015944   __mspabi_sral_13
00015948   __mspabi_sral_12
0001594c   __mspabi_sral_11
00015950   __mspabi_sral_10
00015954   __mspabi_sral_9
00015958   __mspabi_sral_8
0001595c   __mspabi_sral_7
00015960   __mspabi_sral_6
00015964   __mspabi_sral_5
00015968   __mspabi_sral_4
0001596c   __mspabi_sral_3
00015970   __mspabi_sral_2
00015974   __mspabi_sral_1
0001597a   __mspabi_slll_15
0001597e   __mspabi_slll_14
00015982   __mspabi_slll_13
00015986   __mspabi_slll_12
0001598a   __mspabi_slll_11
0001598e   __mspabi_slll_10
00015992   __mspabi_slll_9
00015996   __mspabi_slll_8
0001599a   __mspabi_slll_7
0001599e   __mspabi_slll_6
000159a2   __mspabi_slll_5
000159a6   __mspabi_slll_4
000159aa   __mspabi_slll_3
000159ae   __mspabi_slll_2
000159b2   __mspabi_slll_1
000159b8   __mspabi_srll_15
000159bc   __mspabi_srll_14
000159c0   __mspabi_srll_13
000159c4   __mspabi_srll_12
000159c8   __mspabi_srll_11
000159cc   __mspabi_srll_10
000159d0   __mspabi_srll_9
000159d4   __mspabi_srll_8
000159d8   __mspabi_srll_7
000159dc   __mspabi_srll_6
000159e0   __mspabi_srll_5
000159e4   __mspabi_srll_4
000159e8   __mspabi_srll_3
000159ec   __mspabi_srll_2
000159f0   __mspabi_srll_1
000159f6   _Z13CommandVectorhPhj
00015a32   SDCard_readFrame
00015aa0   _Z7initRTCiiiiiii
00015ad4   f_mount
00015b06   _Z8fat_initv
00015b36   SDCard_sendFrame
00015b64   _Z24CompareCharArrayToStringPhPKcj
00015b92   _ZN6MSP4306pulsarC1EPhhb
00015b92   _ZN6MSP4306pulsarC2EPhhb
00015bea   _ZN6MSP4306pulsar3getEv
00015c10   __TI_zero_init
00015c34   __mspabi_mpyl_f5hw
00015c56   disk_status
00015c76   _ZN6MSP4306pulsar3setEb
00015c94   _Z34DetermineNumberOfTriggeredChannelsPhh
00015cb0   _Z5delayj
00015ce2   _ZN6MSP4306pulsarC1EPhh
00015ce2   _ZN6MSP4306pulsarC2EPhh
00015d0e   f_close
00015d24   memset
00015d3a   __mspabi_mpyi_f5hw
00015d64   memcpy
00015d78   SDCard_fastMode
00015d8a   __TI_decompress_none
00015dd2   __mspabi_slll
00015de2   _ZN6MSP4306pulsar15EnableInterruptEv
00015df0   _Z9enableSecPFvvE
00015dfc   get_fattime
00015e06   __mspabi_srai
00015e10   _Z10disableSecv
00015e18   _Z8startRTCv
00015e20   SDCard_setCSHigh
00015e26   SDCard_setCSLow
00015e2c   __TI_ISR_TRAP
00015e32   __mspabi_fltud
00015e38   __TI_decompress_rle24
00015e4a   C$$EXIT
00015e4a   abort
00015e4e   _ZN6MSP4303ADCC1Ev
00015e4e   _ZN6MSP4303ADCC2Ev
00015e50   _ZN6MSP4304renaC1Ev
00015e50   _ZN6MSP4304renaC2Ev
ffffffff   __binit__
ffffffff   __c_args__
ffffffff   binit

[945 symbols]
